<html>
<body>
<pre>
<h1>µVision Build Log</h1>
<h2>Project:</h2>
C:\Users\Administrator\Desktop\github\Thread\SDK\ADE7878.uvproj
Project File Date:  07/09/2016

<h2>Output:</h2>
Build target 'Thread'
linking...
Program Size: Code=16532 RO-data=2044 RW-data=964 ZI-data=19636  
FromELF: creating hex file...
".\obj\ADE7878.axf" - 0 Error(s), 0 Warning(s).
Build target 'Thread'
compiling main.c...
compiling Config.c...
compiling ds12864.c...
..\DS12864\ds12864.c(360): warning:  #167-D: argument of type "char *" is incompatible with parameter of type "unsigned char *"
..\DS12864\ds12864.c:      print(VRMS_ds12864); 
..\DS12864\ds12864.c:            ^
..\DS12864\ds12864.c(362): warning:  #167-D: argument of type "char *" is incompatible with parameter of type "unsigned char *"
..\DS12864\ds12864.c:      print(IRMS_ds12864); 
..\DS12864\ds12864.c:            ^
..\DS12864\ds12864.c(364): warning:  #167-D: argument of type "char *" is incompatible with parameter of type "unsigned char *"
..\DS12864\ds12864.c:      print(WATT_ds12864);
..\DS12864\ds12864.c:            ^
..\DS12864\ds12864.c(366): warning:  #167-D: argument of type "char *" is incompatible with parameter of type "unsigned char *"
..\DS12864\ds12864.c:      print(WATTHR_ds12864);
..\DS12864\ds12864.c:            ^
..\DS12864\ds12864.c(410): warning:  #1-D: last line of file ends without a newline
..\DS12864\ds12864.c:           
..\DS12864\ds12864.c:           ^
..\DS12864\ds12864.c: ..\DS12864\ds12864.c: 5 warnings, 0 errors
compiling ADE7878.c...
compiling ADE7878_Int.c...
..\ADE7878\src\ADE7878_Int.c(136): warning:  #1-D: last line of file ends without a newline
..\ADE7878\src\ADE7878_Int.c:    
..\ADE7878\src\ADE7878_Int.c:    ^
..\ADE7878\src\ADE7878_Int.c: ..\ADE7878\src\ADE7878_Int.c: 1 warning, 0 errors
compiling AD7878_Measure.c...
..\ADE7878\src\AD7878_Measure.c(56): warning:  #940-D: missing return statement at end of non-void function "ADE7878_main"
..\ADE7878\src\AD7878_Measure.c:   }
..\ADE7878\src\AD7878_Measure.c:   ^
..\ADE7878\src\AD7878_Measure.c(117): warning:  #177-D: variable "l1" was declared but never referenced
..\ADE7878\src\AD7878_Measure.c:                            uint16_t l1,l2,l3;
..\ADE7878\src\AD7878_Measure.c:                                     ^
..\ADE7878\src\AD7878_Measure.c(117): warning:  #550-D: variable "l2" was set but never used
..\ADE7878\src\AD7878_Measure.c:                            uint16_t l1,l2,l3;
..\ADE7878\src\AD7878_Measure.c:                                        ^
..\ADE7878\src\AD7878_Measure.c(117): warning:  #177-D: variable "l3" was declared but never referenced
..\ADE7878\src\AD7878_Measure.c:                            uint16_t l1,l2,l3;
..\ADE7878\src\AD7878_Measure.c:                                           ^
..\ADE7878\src\AD7878_Measure.c(160): warning:  #1-D: last line of file ends without a newline
..\ADE7878\src\AD7878_Measure.c:    }
..\ADE7878\src\AD7878_Measure.c:     ^
..\ADE7878\src\AD7878_Measure.c(63): warning:  #177-D: variable "sfIrms" was declared but never referenced
..\ADE7878\src\AD7878_Measure.c:           char sfIrms[20];
..\ADE7878\src\AD7878_Measure.c:                ^
..\ADE7878\src\AD7878_Measure.c(65): warning:  #177-D: variable "sfWatt" was declared but never referenced
..\ADE7878\src\AD7878_Measure.c:           char sfWatt[20];
..\ADE7878\src\AD7878_Measure.c:                ^
..\ADE7878\src\AD7878_Measure.c(66): warning:  #177-D: variable "i" was declared but never referenced
..\ADE7878\src\AD7878_Measure.c:           static char f,i;
..\ADE7878\src\AD7878_Measure.c:                         ^
..\ADE7878\src\AD7878_Measure.c(67): warning:  #177-D: variable "p" was declared but never referenced
..\ADE7878\src\AD7878_Measure.c:           char*p;
..\ADE7878\src\AD7878_Measure.c:                ^
..\ADE7878\src\AD7878_Measure.c(68): warning:  #177-D: variable "HZ" was declared but never referenced
..\ADE7878\src\AD7878_Measure.c:           char HZ;
..\ADE7878\src\AD7878_Measure.c:                ^
..\ADE7878\src\AD7878_Measure.c: ..\ADE7878\src\AD7878_Measure.c: 10 warnings, 0 errors
compiling clock.c...
compiling device.c...
compiling idle.c...
compiling ipc.c...
compiling irq.c...
compiling kservice.c...
compiling mem.c...
compiling memheap.c...
compiling mempool.c...
compiling module.c...
compiling object.c...
compiling scheduler.c...
compiling slab.c...
compiling thread.c...
compiling timer.c...
..\Thread\src\timer.c(151): warning:  #177-D: variable "timer" was declared but never referenced
..\Thread\src\timer.c:           struct rt_timer *timer = rt_list_entry(list,
..\Thread\src\timer.c:                            ^
..\Thread\src\timer.c(131): warning:  #177-D: function "rt_timer_count_height" was declared but never referenced
..\Thread\src\timer.c:   static int rt_timer_count_height(struct rt_timer *timer)
..\Thread\src\timer.c:              ^
..\Thread\src\timer.c: ..\Thread\src\timer.c: 2 warnings, 0 errors
compiling board.c...
..\Thread\drivers\board.c(33): warning:  #223-D: function "SYS_Init" declared implicitly
..\Thread\drivers\board.c:     SYS_Init();       
..\Thread\drivers\board.c:     ^
..\Thread\drivers\board.c: ..\Thread\drivers\board.c: 1 warning, 0 errors
compiling application.c...
..\Thread\applications\application.c(52): warning:  #550-D: variable "eStatus" was set but never used
..\Thread\applications\application.c:    eMBErrorCode    eStatus;
..\Thread\applications\application.c:                    ^
..\Thread\applications\application.c: ..\Thread\applications\application.c: 1 warning, 0 errors
compiling startup.c...
compiling cpuport.c...
compiling backtrace.c...
compiling showmem.c...
compiling weight.c...
compiling doorinout.c...
compiling pidctrl.c...
..\pid\ds18b20.h(37): warning:  #47-D: incompatible redefinition of macro "FALSE" (declared at line 32713 of "..\CMIS\Include\NUC472_442.h")
..\pid\ds18b20.h:   #define FALSE 0
..\pid\ds18b20.h:           ^
..\pid\ds18b20.h(38): warning:  #47-D: incompatible redefinition of macro "TRUE" (declared at line 32712 of "..\CMIS\Include\NUC472_442.h")
..\pid\ds18b20.h:   #define TRUE  1  
..\pid\ds18b20.h:           ^
..\pid\ds18b20.h: ..\pid\pidctrl.c: 2 warnings, 0 errors
compiling modbus_app.c...
..\freemodbus-v1.6.0\modbus_app\modbus_app.c(62): warning:  #1-D: last line of file ends without a newline
..\freemodbus-v1.6.0\modbus_app\modbus_app.c:   #endif  
..\freemodbus-v1.6.0\modbus_app\modbus_app.c:           ^
..\freemodbus-v1.6.0\modbus_app\modbus_app.c: ..\freemodbus-v1.6.0\modbus_app\modbus_app.c: 1 warning, 0 errors
compiling PowerMeasurment.c...
linking...
Program Size: Code=14040 RO-data=2044 RW-data=656 ZI-data=19024  
FromELF: creating hex file...
".\obj\ADE7878.axf" - 0 Error(s), 23 Warning(s).
Build target 'Thread'
compiling doorinout.c...
linking...
Program Size: Code=14048 RO-data=2044 RW-data=656 ZI-data=19024  
FromELF: creating hex file...
".\obj\ADE7878.axf" - 0 Error(s), 0 Warning(s).
Build target 'Thread'
linking...
Program Size: Code=14048 RO-data=2044 RW-data=656 ZI-data=19024  
FromELF: creating hex file...
".\obj\ADE7878.axf" - 0 Error(s), 0 Warning(s).
Build target 'Thread'
linking...
Program Size: Code=14048 RO-data=2044 RW-data=656 ZI-data=19024  
FromELF: creating hex file...
".\obj\ADE7878.axf" - 0 Error(s), 0 Warning(s).
Build target 'Thread'
compiling doorinout.c...
linking...
Program Size: Code=14048 RO-data=2044 RW-data=656 ZI-data=19536  
FromELF: creating hex file...
".\obj\ADE7878.axf" - 0 Error(s), 0 Warning(s).
Build target 'Thread'
linking...
Program Size: Code=14048 RO-data=2044 RW-data=656 ZI-data=19536  
FromELF: creating hex file...
".\obj\ADE7878.axf" - 0 Error(s), 0 Warning(s).
Build target 'Thread'
linking...
Program Size: Code=14048 RO-data=2044 RW-data=656 ZI-data=19536  
FromELF: creating hex file...
".\obj\ADE7878.axf" - 0 Error(s), 0 Warning(s).
Build target 'Thread'
linking...
Program Size: Code=14048 RO-data=2044 RW-data=656 ZI-data=19536  
FromELF: creating hex file...
".\obj\ADE7878.axf" - 0 Error(s), 0 Warning(s).
Build target 'Thread'
linking...
Program Size: Code=14048 RO-data=2044 RW-data=656 ZI-data=19536  
FromELF: creating hex file...
".\obj\ADE7878.axf" - 0 Error(s), 0 Warning(s).
Build target 'Thread'
linking...
Program Size: Code=14048 RO-data=2044 RW-data=656 ZI-data=19536  
FromELF: creating hex file...
".\obj\ADE7878.axf" - 0 Error(s), 0 Warning(s).
Build target 'Thread'
compiling main.c...
Project build/rebuild aborted.
Target not created
Build target 'Thread'
linking...
Program Size: Code=14048 RO-data=2044 RW-data=656 ZI-data=19536  
FromELF: creating hex file...
".\obj\ADE7878.axf" - 0 Error(s), 0 Warning(s).
