ARM Linker, RVCT4.0 [Build 728] [Standard]

==============================================================================

Section Cross References

    main.o(i.SYS_Init) refers to sys.o(i.SYS_UnlockReg) for SYS_UnlockReg
    main.o(i.SYS_Init) refers to clk.o(i.CLK_EnableXtalRC) for CLK_EnableXtalRC
    main.o(i.SYS_Init) refers to clk.o(i.CLK_WaitClockReady) for CLK_WaitClockReady
    main.o(i.SYS_Init) refers to clk.o(i.CLK_SetHCLK) for CLK_SetHCLK
    main.o(i.SYS_Init) refers to system_nuc472_442.o(i.SystemCoreClockUpdate) for SystemCoreClockUpdate
    main.o(i.SYS_Init) refers to main.o(i.SetSysTick) for SetSysTick
    main.o(i.SetSysTick) refers to system_nuc472_442.o(.data) for CyclesPerUs
    main.o(i.SysTick_Handler) refers to irq.o(i.rt_interrupt_enter) for rt_interrupt_enter
    main.o(i.SysTick_Handler) refers to clock.o(i.rt_tick_increase) for rt_tick_increase
    main.o(i.SysTick_Handler) refers to irq.o(i.rt_interrupt_leave) for rt_interrupt_leave
    main.o(i.SysTick_Handler) refers to main.o(.data) for LocalTime
    usart.o(i.Usart_Init) refers to clk.o(i.CLK_EnableModuleClock) for CLK_EnableModuleClock
    usart.o(i.Usart_Init) refers to clk.o(i.CLK_SetModuleClock) for CLK_SetModuleClock
    usart.o(i.Usart_Init) refers to gpio.o(i.GPIO_SetMode) for GPIO_SetMode
    usart.o(i.Usart_Init) refers to uart.o(i.UART_Open) for UART_Open
    usart.o(i.Usart_Init) refers to uart.o(i.UART_Write) for UART_Write
    config.o(i.ConfigHWSpiport) refers to clk.o(i.CLK_EnableModuleClock) for CLK_EnableModuleClock
    config.o(i.ConfigHWSpiport) refers to spi.o(i.SPI_Open) for SPI_Open
    config.o(i.ConfigHWSpiport) refers to spi.o(i.SPI_DisableAutoSS) for SPI_DisableAutoSS
    config.o(i.ConfigHWSpiport) refers to gpio.o(i.GPIO_SetMode) for GPIO_SetMode
    config.o(i.ConfigHWled) refers to gpio.o(i.GPIO_SetMode) for GPIO_SetMode
    config.o(i.SYS_Config) refers to ds12864.o(i.LCD_init) for LCD_init
    config.o(i.SYS_Config) refers to config.o(i.ConfigHWled) for ConfigHWled
    config.o(i.SYS_Config) refers to config.o(i.ConfigHWSpiport) for ConfigHWSpiport
    config.o(i.SYS_Config) refers to ade7878_int.o(i.Config_ADE7878_IRQ) for Config_ADE7878_IRQ
    config.o(i.SYS_Config) refers to doorinout.o(i.ConfigHWDoor) for ConfigHWDoor
    ds12864.o(i.Display_Task) refers to ds12864.o(i.LCD_Setaddress) for LCD_Setaddress
    ds12864.o(i.Display_Task) refers to ds12864.o(i.print) for print
    ds12864.o(i.Display_Task) refers to ds12864.o(.data) for .data
    ds12864.o(i.Init12864) refers to gpio.o(i.GPIO_SetMode) for GPIO_SetMode
    ds12864.o(i.LCD_Putstring) refers to ds12864.o(i.LCD_Setaddress) for LCD_Setaddress
    ds12864.o(i.LCD_Putstring) refers to ds12864.o(i.LCD_write_dat) for LCD_write_dat
    ds12864.o(i.LCD_Setaddress) refers to ds12864.o(i.LCD_write_com) for LCD_write_com
    ds12864.o(i.LCD_draw_clr) refers to ds12864.o(i.LCD_write_com) for LCD_write_com
    ds12864.o(i.LCD_draw_clr) refers to ds12864.o(i.LCD_write_dat) for LCD_write_dat
    ds12864.o(i.LCD_draw_point) refers to ds12864.o(i.LCD_write_com) for LCD_write_com
    ds12864.o(i.LCD_draw_point) refers to ds12864.o(i.LCD_write_dat) for LCD_write_dat
    ds12864.o(i.LCD_draw_word) refers to ds12864.o(i.LCD_write_com) for LCD_write_com
    ds12864.o(i.LCD_draw_word) refers to ds12864.o(i.LCD_write_dat) for LCD_write_dat
    ds12864.o(i.LCD_init) refers to ds12864.o(i.Init12864) for Init12864
    ds12864.o(i.LCD_init) refers to ds12864.o(i.LCD_write_com) for LCD_write_com
    ds12864.o(i.LCD_init) refers to ds12864.o(i.Delay_nms) for Delay_nms
    ds12864.o(i.LCD_write_com) refers to ds12864.o(i.LCD_sendbyte) for LCD_sendbyte
    ds12864.o(i.LCD_write_com) refers to ds12864.o(i.Delay_nms) for Delay_nms
    ds12864.o(i.LCD_write_com_clr) refers to ds12864.o(i.LCD_sendbyte) for LCD_sendbyte
    ds12864.o(i.LCD_write_dat) refers to ds12864.o(i.LCD_sendbyte) for LCD_sendbyte
    ds12864.o(i.LCD_write_dat) refers to ds12864.o(i.Delay_nms) for Delay_nms
    ds12864.o(i.Set_Irms2Display) refers to _printf_percent.o(.ARM.Collect$$_printf_percent$$00000000) for _printf_percent
    ds12864.o(i.Set_Irms2Display) refers to _printf_d.o(.ARM.Collect$$_printf_percent$$00000009) for _printf_d
    ds12864.o(i.Set_Irms2Display) refers to _printf_dec.o(.text) for _printf_int_dec
    ds12864.o(i.Set_Irms2Display) refers to __2sprintf.o(.text) for __2sprintf
    ds12864.o(i.Set_Irms2Display) refers to ds12864.o(i.LCD_write_com) for LCD_write_com
    ds12864.o(i.Set_Irms2Display) refers to ds12864.o(.data) for .data
    ds12864.o(i.Set_Vrms2Display) refers to _printf_percent.o(.ARM.Collect$$_printf_percent$$00000000) for _printf_percent
    ds12864.o(i.Set_Vrms2Display) refers to _printf_d.o(.ARM.Collect$$_printf_percent$$00000009) for _printf_d
    ds12864.o(i.Set_Vrms2Display) refers to _printf_dec.o(.text) for _printf_int_dec
    ds12864.o(i.Set_Vrms2Display) refers to __2sprintf.o(.text) for __2sprintf
[...]
    i.rt_malloc                              0x00002568   Section        0  mem.o(i.rt_malloc)
    i.rt_memset                              0x000027a0   Section        0  kservice.o(i.rt_memset)
    i.rt_object_allocate                     0x000027e8   Section        0  object.o(i.rt_object_allocate)
    i.rt_object_delete                       0x0000286c   Section        0  object.o(i.rt_object_delete)
    i.rt_object_detach                       0x000028c0   Section        0  object.o(i.rt_object_detach)
    i.rt_object_init                         0x000028fc   Section        0  object.o(i.rt_object_init)
    i.rt_object_is_systemobject              0x00002950   Section        0  object.o(i.rt_object_is_systemobject)
    i.rt_schedule                            0x00002970   Section        0  scheduler.o(i.rt_schedule)
    i.rt_schedule_insert_thread              0x00002a14   Section        0  scheduler.o(i.rt_schedule_insert_thread)
    i.rt_schedule_remove_thread              0x00002a6c   Section        0  scheduler.o(i.rt_schedule_remove_thread)
    i.rt_sem_init                            0x00002ad0   Section        0  ipc.o(i.rt_sem_init)
    i.rt_sem_release                         0x00002b04   Section        0  ipc.o(i.rt_sem_release)
    i.rt_sem_take                            0x00002b58   Section        0  ipc.o(i.rt_sem_take)
    i.rt_show_version                        0x00002c54   Section        0  kservice.o(i.rt_show_version)
    i.rt_strncpy                             0x00002c56   Section        0  kservice.o(i.rt_strncpy)
    i.rt_system_heap_init                    0x00002c88   Section        0  mem.o(i.rt_system_heap_init)
    i.rt_system_object_init                  0x00002d60   Section        0  object.o(i.rt_system_object_init)
    i.rt_system_scheduler_init               0x00002d64   Section        0  scheduler.o(i.rt_system_scheduler_init)
    i.rt_system_scheduler_start              0x00002db4   Section        0  scheduler.o(i.rt_system_scheduler_start)
    i.rt_system_tick_init                    0x00002de4   Section        0  clock.o(i.rt_system_tick_init)
    i.rt_system_timer_init                   0x00002de8   Section        0  timer.o(i.rt_system_timer_init)
    i.rt_system_timer_thread_init            0x00002e04   Section        0  timer.o(i.rt_system_timer_thread_init)
    i.rt_thread_create                       0x00002e06   Section        0  thread.o(i.rt_thread_create)
    i.rt_thread_delay                        0x00002e5e   Section        0  thread.o(i.rt_thread_delay)
    i.rt_thread_entry_Door                   0x00002e6c   Section        0  doorinout.o(i.rt_thread_entry_Door)
    i.rt_thread_entry_Rs485comm              0x00002f08   Section        0  modbus_app.o(i.rt_thread_entry_Rs485comm)
    rt_thread_entry_Rs485comm                0x00002f09   Thumb Code    16  modbus_app.o(i.rt_thread_entry_Rs485comm)
    i.rt_thread_exit                         0x00002f18   Section        0  thread.o(i.rt_thread_exit)
    rt_thread_exit                           0x00002f19   Thumb Code    76  thread.o(i.rt_thread_exit)
    i.rt_thread_idle_entry                   0x00002f6c   Section        0  idle.o(i.rt_thread_idle_entry)
    rt_thread_idle_entry                     0x00002f6d   Thumb Code    22  idle.o(i.rt_thread_idle_entry)
    i.rt_thread_idle_excute                  0x00002f88   Section        0  idle.o(i.rt_thread_idle_excute)
    i.rt_thread_idle_init                    0x00003020   Section        0  idle.o(i.rt_thread_idle_init)
    i.rt_thread_init                         0x00003054   Section        0  thread.o(i.rt_thread_init)
    i.rt_thread_resume                       0x000030a4   Section        0  thread.o(i.rt_thread_resume)
    i.rt_thread_self                         0x000030f0   Section        0  thread.o(i.rt_thread_self)
    i.rt_thread_sleep                        0x000030fc   Section        0  thread.o(i.rt_thread_sleep)
    i.rt_thread_startup                      0x00003148   Section        0  thread.o(i.rt_thread_startup)
    i.rt_thread_suspend                      0x000031a0   Section        0  thread.o(i.rt_thread_suspend)
    i.rt_thread_timeout                      0x000031e2   Section        0  thread.o(i.rt_thread_timeout)
    i.rt_thread_yield                        0x00003224   Section        0  thread.o(i.rt_thread_yield)
    i.rt_tick_get                            0x00003284   Section        0  clock.o(i.rt_tick_get)
    i.rt_tick_increase                       0x00003290   Section        0  clock.o(i.rt_tick_increase)
    i.rt_timer_check                         0x000032c0   Section        0  timer.o(i.rt_timer_check)
    i.rt_timer_control                       0x0000335c   Section        0  timer.o(i.rt_timer_control)
    i.rt_timer_detach                        0x000033a2   Section        0  timer.o(i.rt_timer_detach)
    i.rt_timer_init                          0x000033ce   Section        0  timer.o(i.rt_timer_init)
    i.rt_timer_start                         0x00003408   Section        0  timer.o(i.rt_timer_start)
    i.rt_timer_stop                          0x00003528   Section        0  timer.o(i.rt_timer_stop)
    i.rtthread_startup                       0x0000357c   Section        0  startup.o(i.rtthread_startup)
    i.ucMBMasterGetDestAddress               0x000035bc   Section        0  user_mb_app.o(i.ucMBMasterGetDestAddress)
    i.usMBCRC16                              0x000035c0   Section        0  mbcrc.o(i.usMBCRC16)
    i.vMBPortSerialEnable                    0x000035f8   Section        0  portserial.o(i.vMBPortSerialEnable)
    i.vMBPortTimersDisable                   0x0000362c   Section        0  porttimer.o(i.vMBPortTimersDisable)
    i.vMBPortTimersEnable                    0x00003654   Section        0  porttimer.o(i.vMBPortTimersEnable)
    i.xMBMasterGetCBRunInMasterMode          0x000036a4   Section        0  user_mb_app.o(i.xMBMasterGetCBRunInMasterMode)
    i.xMBPortEventGet                        0x000036a8   Section        0  portevent.o(i.xMBPortEventGet)
    i.xMBPortEventInit                       0x000036c8   Section        0  portevent.o(i.xMBPortEventInit)
    i.xMBPortEventPost                       0x000036d8   Section        0  portevent.o(i.xMBPortEventPost)
    i.xMBPortSerialGetByte                   0x000036ec   Section        0  portserial.o(i.xMBPortSerialGetByte)
    i.xMBPortSerialInit                      0x000036fc   Section        0  portserial.o(i.xMBPortSerialInit)
    i.xMBPortSerialPutByte                   0x000037b0   Section        0  portserial.o(i.xMBPortSerialPutByte)
    i.xMBPortTimersInit                      0x000037c0   Section        0  porttimer.o(i.xMBPortTimersInit)
    i.xMBRTUReceiveFSM                       0x00003814   Section        0  mbrtu.o(i.xMBRTUReceiveFSM)
    i.xMBRTUTimerT35Expired                  0x000038a0   Section        0  mbrtu.o(i.xMBRTUTimerT35Expired)
    i.xMBRTUTransmitFSM                      0x000038e0   Section        0  mbrtu.o(i.xMBRTUTransmitFSM)
    x$fpl$fpinit                             0x0000394c   Section       10  fpinit.o(x$fpl$fpinit)
    $v0                                      0x0000394c   Number         0  fpinit.o(x$fpl$fpinit)
    .constdata                               0x00003958   Section       32  uart.o(.constdata)
    .constdata                               0x00003978   Section       32  timer_nuc.o(.constdata)
    .constdata                               0x00003998   Section     1024  mbcrc.o(.constdata)
    aucCRCHi                                 0x00003998   Data         256  mbcrc.o(.constdata)
    aucCRCLo                                 0x00003a98   Data         256  mbcrc.o(.constdata)
    ccitt_table                              0x00003b98   Data         512  mbcrc.o(.constdata)
    .constdata                               0x00003d98   Section      290  kservice.o(.constdata)
    small_digits                             0x00003e98   Data          17  kservice.o(.constdata)
    large_digits                             0x00003ea9   Data          17  kservice.o(.constdata)
    .data                                    0x20000000   Section       12  main.o(.data)
    u32EscapeFrame                           0x20000000   Data           4  main.o(.data)
    .data                                    0x2000000c   Section       44  system_nuc472_442.o(.data)
    u32EscapeFrame                           0x2000000c   Data           4  system_nuc472_442.o(.data)
    .data                                    0x20000038   Section        5  ade7878_spi.o(.data)
    u32EscapeFrame                           0x20000038   Data           4  ade7878_spi.o(.data)
    .data                                    0x20000040   Section       44  ad7878_measure.o(.data)
    u32EscapeFrame                           0x20000040   Data           4  ad7878_measure.o(.data)
    f                                        0x20000065   Data           1  ad7878_measure.o(.data)
    i                                        0x20000066   Data           1  ad7878_measure.o(.data)
    .data                                    0x2000006c   Section        2  portevent.o(.data)
    eQueuedEvent                             0x2000006c   Data           1  portevent.o(.data)
    xEventInQueue                            0x2000006d   Data           1  portevent.o(.data)
    .data                                    0x20000070   Section       14  porttimer.o(.data)
    u32EscapeFrame                           0x20000070   Data           4  porttimer.o(.data)
    MBTimerout50us                           0x2000007c   Data           2  porttimer.o(.data)
    .data                                    0x2000007e   Section       26  user_mb_app.o(.data)
    .data                                    0x20000098   Section       16  mbrtu.o(.data)
    u32EscapeFrame                           0x20000098   Data           4  mbrtu.o(.data)
    eSndState                                0x2000009c   Data           1  mbrtu.o(.data)
    eRcvState                                0x2000009d   Data           1  mbrtu.o(.data)
    pucSndBufferCur                          0x200000a0   Data           4  mbrtu.o(.data)
    usSndBufferCount                         0x200000a4   Data           2  mbrtu.o(.data)
    usRcvBufferPos                           0x200000a6   Data           2  mbrtu.o(.data)
    .data                                    0x200000a8   Section        6  mbfuncother.o(.data)
    u32EscapeFrame                           0x200000a8   Data           4  mbfuncother.o(.data)
    usMBSlaveIDLen                           0x200000ac   Data           2  mbfuncother.o(.data)
    .data                                    0x200000b0   Section      184  mb.o(.data)
    eMBState                                 0x200000b0   Data           1  mb.o(.data)
    xFuncHandlers                            0x200000b4   Data         128  mb.o(.data)
    ucMBFrame                                0x20000134   Data           4  mb.o(.data)
    ucRcvAddress                             0x20000138   Data           1  mb.o(.data)
    ucFunctionCode                           0x20000139   Data           1  mb.o(.data)
    usLength                                 0x2000013a   Data           2  mb.o(.data)
    eException                               0x2000013c   Data           1  mb.o(.data)
    ucMBAddress                              0x2000013d   Data           1  mb.o(.data)
    eMBCurrentMode                           0x2000013e   Data           1  mb.o(.data)
    peMBFrameSendCur                         0x20000140   Data           4  mb.o(.data)
    pvMBFrameStartCur                        0x20000144   Data           4  mb.o(.data)
    pvMBFrameStopCur                         0x20000148   Data           4  mb.o(.data)
    peMBFrameReceiveCur                      0x2000014c   Data           4  mb.o(.data)
    pvMBFrameCloseCur                        0x20000150   Data           4  mb.o(.data)
    .data                                    0x20000168   Section       18  eeprom_low.o(.data)
    u32EscapeFrame                           0x20000168   Data           4  eeprom_low.o(.data)
    s_I2C3HandlerFn                          0x20000170   Data           4  eeprom_low.o(.data)
    .data                                    0x2000017c   Section        4  clock.o(.data)
    rt_tick                                  0x2000017c   Data           4  clock.o(.data)
    .data                                    0x20000180   Section        4  idle.o(.data)
    rt_thread_idle_hook                      0x20000180   Data           4  idle.o(.data)
    .data                                    0x20000184   Section        1  irq.o(.data)
    .data                                    0x20000188   Section       32  mem.o(.data)
    rt_malloc_hook                           0x20000188   Data           4  mem.o(.data)
    rt_free_hook                             0x2000018c   Data           4  mem.o(.data)
    heap_ptr                                 0x20000190   Data           4  mem.o(.data)
    heap_end                                 0x20000194   Data           4  mem.o(.data)
    lfree                                    0x20000198   Data           4  mem.o(.data)
    mem_size_aligned                         0x2000019c   Data           4  mem.o(.data)
    used_mem                                 0x200001a0   Data           4  mem.o(.data)
    max_mem                                  0x200001a4   Data           4  mem.o(.data)
    .data                                    0x200001a8   Section      164  object.o(.data)
    rt_object_attach_hook                    0x20000238   Data           4  object.o(.data)
    rt_object_detach_hook                    0x2000023c   Data           4  object.o(.data)
    .data                                    0x2000024c   Section       28  scheduler.o(.data)
    rt_scheduler_lock_nest                   0x2000024c   Data           2  scheduler.o(.data)
    rt_scheduler_hook                        0x20000264   Data           4  scheduler.o(.data)
    .data                                    0x20000268   Section       16  timer.o(.data)
    random_nr                                0x20000268   Data           4  timer.o(.data)
    rt_timer_list                            0x2000026c   Data           8  timer.o(.data)
    rt_timer_timeout_hook                    0x20000274   Data           4  timer.o(.data)
    .data                                    0x20000278   Section       16  cpuport.o(.data)
    rt_exception_hook                        0x20000278   Data           4  cpuport.o(.data)
    .data                                    0x20000288   Section        7  doorinout.o(.data)
    u32EscapeFrame                           0x20000288   Data           4  doorinout.o(.data)
    flage                                    0x2000028c   Data           1  doorinout.o(.data)
    .bss                                     0x20000290   Section     6960  user_mb_app.o(.bss)
    .bss                                     0x20001dc0   Section      256  mbrtu.o(.bss)
    .bss                                     0x20001ec0   Section       32  mbfuncother.o(.bss)
    ucMBSlaveID                              0x20001ec0   Data          32  mbfuncother.o(.bss)
    .bss                                     0x20001ee0   Section     1152  idle.o(.bss)
    idle                                     0x20001ee0   Data         128  idle.o(.bss)
    rt_thread_stack                          0x20001f60   Data        1024  idle.o(.bss)
    .bss                                     0x20002360   Section       32  mem.o(.bss)
    heap_sem                                 0x20002360   Data          32  mem.o(.bss)
    .bss                                     0x20002380   Section      256  scheduler.o(.bss)
    .bss                                     0x20002480   Section     6144  startup.o(.bss)
    .bss                                     0x20003c80   Section     1152  doorinout.o(.bss)
    thread_Door_stack                        0x20003c80   Data        1024  doorinout.o(.bss)
    .bss                                     0x20004100   Section     1152  modbus_app.o(.bss)
    thread_Rs485comm_stack                   0x20004100   Data        1024  modbus_app.o(.bss)
    .bss                                     0x20004580   Section       96  libspace.o(.bss)
    HEAP                                     0x200045e0   Section      256  startup_nuc472_442.o(HEAP)
    Heap_Mem                                 0x200045e0   Data         256  startup_nuc472_442.o(HEAP)
    STACK                                    0x200046e0   Section     2048  startup_nuc472_442.o(STACK)
    Stack_Mem                                0x200046e0   Data        2048  startup_nuc472_442.o(STACK)
    __initial_sp                             0x20004ee0   Data           0  startup_nuc472_442.o(STACK)

    Global Symbols

    Symbol Name                              Value     Ov Type        Size  Object(Section)

    BuildAttributes$$THM_ISAv4$E$P$D$K$B$S$7EM$VFPi3$EXTD16$VFPS$VFMA$PE$A:L22UL41UL21$X:L11$S22US41US21$IEEE1$IW$USESV6$~STKCKD$USESV7$~SHL$OTIME$ROPI$IEEEX$EBA8$UX$STANDARDLIB$REQ8$PRES8$EABIv2 0x00000000   Number         0  anon$$obj.o ABSOLUTE
    __ARM_use_no_argv                        0x00000000   Number         0  startup.o ABSOLUTE
    __Vectors                                0x00000000   Data           4  startup_nuc472_442.o(RESET)
    _printf_flags                            0x00000000   Number         0  printf_stubs.o ABSOLUTE
    _printf_return_value                     0x00000000   Number         0  printf_stubs.o ABSOLUTE
    _printf_sizespec                         0x00000000   Number         0  printf_stubs.o ABSOLUTE
    _printf_widthprec                        0x00000000   Number         0  printf_stubs.o ABSOLUTE
    __ARM_exceptions_init                     - Undefined Weak Reference
    __alloca_initialize                       - Undefined Weak Reference
    __cpp_initialize__aeabi_                  - Undefined Weak Reference
    __cxa_finalize                            - Undefined Weak Reference
    __fpl_infinity                            - Undefined Weak Reference
    __sigvec_lookup                           - Undefined Weak Reference
    _atexit_init                              - Undefined Weak Reference
    _call_atexit_fns                          - Undefined Weak Reference
    _clock_init                               - Undefined Weak Reference
    _fp_trap_init                             - Undefined Weak Reference
    _fp_trap_shutdown                         - Undefined Weak Reference
    _get_lc_collate                           - Undefined Weak Reference
    _get_lc_ctype                             - Undefined Weak Reference
    _get_lc_monetary                          - Undefined Weak Reference
    _get_lc_time                              - Undefined Weak Reference
    _getenv_init                              - Undefined Weak Reference
    _handle_redirection                       - Undefined Weak Reference
    _init_alloc                               - Undefined Weak Reference
    _init_user_alloc                          - Undefined Weak Reference
    _initio                                   - Undefined Weak Reference
    _printf_mbtowc                            - Undefined Weak Reference
    _printf_truncate_signed                   - Undefined Weak Reference
    _printf_truncate_unsigned                 - Undefined Weak Reference
    _rand_init                                - Undefined Weak Reference
    _signal_finish                            - Undefined Weak Reference
    _signal_init                              - Undefined Weak Reference
    _terminate_alloc                          - Undefined Weak Reference
    _terminate_user_alloc                     - Undefined Weak Reference
    _terminateio                              - Undefined Weak Reference
    __Vectors_End                            0x00000278   Data           0  startup_nuc472_442.o(RESET)
    __Vectors_Size                           0x00000278   Number         0  startup_nuc472_442.o ABSOLUTE
    __main                                   0x00000279   Thumb Code     8  __main.o(!!!main)
    __scatterload                            0x00000281   Thumb Code     0  __scatter.o(!!!scatter)
    __scatterload_rt2                        0x00000281   Thumb Code    44  __scatter.o(!!!scatter)
    __scatterload_rt2_thumb_only             0x00000281   Thumb Code     0  __scatter.o(!!!scatter)
    __scatterload_null                       0x0000028f   Thumb Code     0  __scatter.o(!!!scatter)
    __decompress                             0x000002b5   Thumb Code    90  __dczerorl2.o(!!dczerorl2)
    __decompress1                            0x000002b5   Thumb Code     0  __dczerorl2.o(!!dczerorl2)
    __scatterload_zeroinit                   0x00000311   Thumb Code    28  __scatter_zi.o(!!handler_zi)
    __rt_lib_init                            0x0000032d   Thumb Code     0  libinit.o(.ARM.Collect$$libinit$$00000000)
    __rt_lib_init_alloca_1                   0x00000333   Thumb Code     0  libinit2.o(.ARM.Collect$$libinit$$0000002A)
    __rt_lib_init_argv_1                     0x00000333   Thumb Code     0  libinit2.o(.ARM.Collect$$libinit$$00000028)
    __rt_lib_init_atexit_1                   0x00000333   Thumb Code     0  libinit2.o(.ARM.Collect$$libinit$$00000017)
    __rt_lib_init_clock_1                    0x00000333   Thumb Code     0  libinit2.o(.ARM.Collect$$libinit$$0000001D)
    __rt_lib_init_cpp_1                      0x00000333   Thumb Code     0  libinit2.o(.ARM.Collect$$libinit$$0000002E)
    __rt_lib_init_exceptions_1               0x00000333   Thumb Code     0  libinit2.o(.ARM.Collect$$libinit$$0000002C)
    __rt_lib_init_fp_trap_1                  0x00000333   Thumb Code     0  libinit2.o(.ARM.Collect$$libinit$$0000001B)
    __rt_lib_init_getenv_1                   0x00000333   Thumb Code     0  libinit2.o(.ARM.Collect$$libinit$$0000001F)
    __rt_lib_init_heap_1                     0x00000333   Thumb Code     0  libinit2.o(.ARM.Collect$$libinit$$00000006)
    __rt_lib_init_lc_collate_1               0x00000333   Thumb Code     0  libinit2.o(.ARM.Collect$$libinit$$0000000D)
    __rt_lib_init_lc_ctype_1                 0x00000333   Thumb Code     0  libinit2.o(.ARM.Collect$$libinit$$0000000F)
    __rt_lib_init_lc_monetary_1              0x00000333   Thumb Code     0  libinit2.o(.ARM.Collect$$libinit$$00000011)
    __rt_lib_init_lc_numeric_1               0x00000333   Thumb Code     0  libinit2.o(.ARM.Collect$$libinit$$00000013)
    __rt_lib_init_lc_time_1                  0x00000333   Thumb Code     0  libinit2.o(.ARM.Collect$$libinit$$00000015)
    __rt_lib_init_rand_1                     0x00000333   Thumb Code     0  libinit2.o(.ARM.Collect$$libinit$$0000000A)
    __rt_lib_init_return                     0x00000333   Thumb Code     0  libinit2.o(.ARM.Collect$$libinit$$0000002F)
    __rt_lib_init_signal_1                   0x00000333   Thumb Code     0  libinit2.o(.ARM.Collect$$libinit$$00000019)
    __rt_lib_init_stdio_1                    0x00000333   Thumb Code     0  libinit2.o(.ARM.Collect$$libinit$$00000021)
    __rt_lib_init_user_alloc_1               0x00000333   Thumb Code     0  libinit2.o(.ARM.Collect$$libinit$$00000008)
    __rt_lib_shutdown                        0x00000335   Thumb Code     0  libshutdown.o(.ARM.Collect$$libshutdown$$00000000)
    __rt_lib_shutdown_fp_trap_1              0x00000337   Thumb Code     0  libshutdown2.o(.ARM.Collect$$libshutdown$$00000006)
    __rt_lib_shutdown_heap_1                 0x00000337   Thumb Code     0  libshutdown2.o(.ARM.Collect$$libshutdown$$0000000E)
    __rt_lib_shutdown_return                 0x00000337   Thumb Code     0  libshutdown2.o(.ARM.Collect$$libshutdown$$0000000F)
    __rt_lib_shutdown_signal_1               0x00000337   Thumb Code     0  libshutdown2.o(.ARM.Collect$$libshutdown$$00000009)
    __rt_lib_shutdown_stdio_1                0x00000337   Thumb Code     0  libshutdown2.o(.ARM.Collect$$libshutdown$$00000003)
    __rt_lib_shutdown_user_alloc_1           0x00000337   Thumb Code     0  libshutdown2.o(.ARM.Collect$$libshutdown$$0000000B)
    __rt_entry                               0x00000339   Thumb Code     0  rtentry.o(.ARM.Collect$$rtentry$$00000000)
    __rt_entry_presh_1                       0x00000339   Thumb Code     0  rtentry2.o(.ARM.Collect$$rtentry$$00000002)
    __rt_entry_sh                            0x00000339   Thumb Code     0  rtentry4.o(.ARM.Collect$$rtentry$$00000004)
    __rt_entry_li                            0x0000033f   Thumb Code     0  rtentry2.o(.ARM.Collect$$rtentry$$0000000A)
    __rt_entry_postsh_1                      0x0000033f   Thumb Code     0  rtentry2.o(.ARM.Collect$$rtentry$$00000009)
    __rt_entry_main                          0x00000343   Thumb Code     0  rtentry2.o(.ARM.Collect$$rtentry$$0000000D)
    __rt_entry_postli_1                      0x00000343   Thumb Code     0  rtentry2.o(.ARM.Collect$$rtentry$$0000000C)
    __rt_exit                                0x0000034b   Thumb Code     0  rtexit.o(.ARM.Collect$$rtexit$$00000000)
    __rt_exit_ls                             0x0000034d   Thumb Code     0  rtexit2.o(.ARM.Collect$$rtexit$$00000003)
    __rt_exit_prels_1                        0x0000034d   Thumb Code     0  rtexit2.o(.ARM.Collect$$rtexit$$00000002)
    __rt_exit_exit                           0x00000351   Thumb Code     0  rtexit2.o(.ARM.Collect$$rtexit$$00000004)
    Reset_Handler                            0x00000359   Thumb Code    40  startup_nuc472_442.o(.text)
    NMI_Handler                              0x00000381   Thumb Code     2  startup_nuc472_442.o(.text)
    MemManage_Handler                        0x00000385   Thumb Code     2  startup_nuc472_442.o(.text)
    BusFault_Handler                         0x00000387   Thumb Code     2  startup_nuc472_442.o(.text)
    UsageFault_Handler                       0x00000389   Thumb Code     2  startup_nuc472_442.o(.text)
    SVC_Handler                              0x0000038b   Thumb Code     2  startup_nuc472_442.o(.text)
    DebugMon_Handler                         0x0000038d   Thumb Code     2  startup_nuc472_442.o(.text)
    ACMP_IRQHandler                          0x00000393   Thumb Code     0  startup_nuc472_442.o(.text)
    ADC_IRQHandler                           0x00000393   Thumb Code     0  startup_nuc472_442.o(.text)
    BOD_IRQHandler                           0x00000393   Thumb Code     0  startup_nuc472_442.o(.text)
    CAN0_IRQHandler                          0x00000393   Thumb Code     0  startup_nuc472_442.o(.text)
    CAN1_IRQHandler                          0x00000393   Thumb Code     0  startup_nuc472_442.o(.text)
    CAP_IRQHandler                           0x00000393   Thumb Code     0  startup_nuc472_442.o(.text)
    CLKF_IRQHandler                          0x00000393   Thumb Code     0  startup_nuc472_442.o(.text)
    CRC_IRQHandler                           0x00000393   Thumb Code     0  startup_nuc472_442.o(.text)
    CRYPTO_IRQHandler                        0x00000393   Thumb Code     0  startup_nuc472_442.o(.text)
    EADC0_IRQHandler                         0x00000393   Thumb Code     0  startup_nuc472_442.o(.text)
    EADC1_IRQHandler                         0x00000393   Thumb Code     0  startup_nuc472_442.o(.text)
    EADC2_IRQHandler                         0x00000393   Thumb Code     0  startup_nuc472_442.o(.text)
    EADC3_IRQHandler                         0x00000393   Thumb Code     0  startup_nuc472_442.o(.text)
    EINT0_IRQHandler                         0x00000393   Thumb Code     0  startup_nuc472_442.o(.text)
    EINT1_IRQHandler                         0x00000393   Thumb Code     0  startup_nuc472_442.o(.text)
    EINT2_IRQHandler                         0x00000393   Thumb Code     0  startup_nuc472_442.o(.text)
    EINT3_IRQHandler                         0x00000393   Thumb Code     0  startup_nuc472_442.o(.text)
    EINT4_IRQHandler                         0x00000393   Thumb Code     0  startup_nuc472_442.o(.text)
    EINT5_IRQHandler                         0x00000393   Thumb Code     0  startup_nuc472_442.o(.text)
    EINT6_IRQHandler                         0x00000393   Thumb Code     0  startup_nuc472_442.o(.text)
    EINT7_IRQHandler                         0x00000393   Thumb Code     0  startup_nuc472_442.o(.text)
    EMAC_RX_IRQHandler                       0x00000393   Thumb Code     0  startup_nuc472_442.o(.text)
    EMAC_TX_IRQHandler                       0x00000393   Thumb Code     0  startup_nuc472_442.o(.text)
    EPWM0BRK_IRQHandler                      0x00000393   Thumb Code     0  startup_nuc472_442.o(.text)
    EPWM0_IRQHandler                         0x00000393   Thumb Code     0  startup_nuc472_442.o(.text)
    EPWM1BRK_IRQHandler                      0x00000393   Thumb Code     0  startup_nuc472_442.o(.text)
    EPWM1_IRQHandler                         0x00000393   Thumb Code     0  startup_nuc472_442.o(.text)
    GPA_IRQHandler                           0x00000393   Thumb Code     0  startup_nuc472_442.o(.text)
    GPC_IRQHandler                           0x00000393   Thumb Code     0  startup_nuc472_442.o(.text)
    GPE_IRQHandler                           0x00000393   Thumb Code     0  startup_nuc472_442.o(.text)
    GPF_IRQHandler                           0x00000393   Thumb Code     0  startup_nuc472_442.o(.text)
    GPG_IRQHandler                           0x00000393   Thumb Code     0  startup_nuc472_442.o(.text)
    GPH_IRQHandler                           0x00000393   Thumb Code     0  startup_nuc472_442.o(.text)
    GPI_IRQHandler                           0x00000393   Thumb Code     0  startup_nuc472_442.o(.text)
    I2C0_IRQHandler                          0x00000393   Thumb Code     0  startup_nuc472_442.o(.text)
    I2C1_IRQHandler                          0x00000393   Thumb Code     0  startup_nuc472_442.o(.text)
    I2C2_IRQHandler                          0x00000393   Thumb Code     0  startup_nuc472_442.o(.text)
    I2C4_IRQHandler                          0x00000393   Thumb Code     0  startup_nuc472_442.o(.text)
    I2S0_IRQHandler                          0x00000393   Thumb Code     0  startup_nuc472_442.o(.text)
    I2S1_IRQHandler                          0x00000393   Thumb Code     0  startup_nuc472_442.o(.text)
    ICAP0_IRQHandler                         0x00000393   Thumb Code     0  startup_nuc472_442.o(.text)
    ICAP1_IRQHandler                         0x00000393   Thumb Code     0  startup_nuc472_442.o(.text)
    IRC_IRQHandler                           0x00000393   Thumb Code     0  startup_nuc472_442.o(.text)
    OPA0_IRQHandler                          0x00000393   Thumb Code     0  startup_nuc472_442.o(.text)
    OPA1_IRQHandler                          0x00000393   Thumb Code     0  startup_nuc472_442.o(.text)
    PDMA_IRQHandler                          0x00000393   Thumb Code     0  startup_nuc472_442.o(.text)
    PS2D_IRQHandler                          0x00000393   Thumb Code     0  startup_nuc472_442.o(.text)
    PWM0CH0_IRQHandler                       0x00000393   Thumb Code     0  startup_nuc472_442.o(.text)
    PWM0CH1_IRQHandler                       0x00000393   Thumb Code     0  startup_nuc472_442.o(.text)
    PWM0CH2_IRQHandler                       0x00000393   Thumb Code     0  startup_nuc472_442.o(.text)
    PWM0CH3_IRQHandler                       0x00000393   Thumb Code     0  startup_nuc472_442.o(.text)
    PWM0CH4_IRQHandler                       0x00000393   Thumb Code     0  startup_nuc472_442.o(.text)
    PWM0CH5_IRQHandler                       0x00000393   Thumb Code     0  startup_nuc472_442.o(.text)
    PWM0_BRK_IRQHandler                      0x00000393   Thumb Code     0  startup_nuc472_442.o(.text)
    PWM1CH0_IRQHandler                       0x00000393   Thumb Code     0  startup_nuc472_442.o(.text)
    PWM1CH1_IRQHandler                       0x00000393   Thumb Code     0  startup_nuc472_442.o(.text)
    PWM1CH2_IRQHandler                       0x00000393   Thumb Code     0  startup_nuc472_442.o(.text)
    PWM1CH3_IRQHandler                       0x00000393   Thumb Code     0  startup_nuc472_442.o(.text)
    PWM1CH4_IRQHandler                       0x00000393   Thumb Code     0  startup_nuc472_442.o(.text)
    PWM1CH5_IRQHandler                       0x00000393   Thumb Code     0  startup_nuc472_442.o(.text)
    PWM1_BRK_IRQHandler                      0x00000393   Thumb Code     0  startup_nuc472_442.o(.text)
    PWRWU_IRQHandler                         0x00000393   Thumb Code     0  startup_nuc472_442.o(.text)
    QEI0_IRQHandler                          0x00000393   Thumb Code     0  startup_nuc472_442.o(.text)
    QEI1_IRQHandler                          0x00000393   Thumb Code     0  startup_nuc472_442.o(.text)
    RTC_IRQHandler                           0x00000393   Thumb Code     0  startup_nuc472_442.o(.text)
    SC0_IRQHandler                           0x00000393   Thumb Code     0  startup_nuc472_442.o(.text)
    SC1_IRQHandler                           0x00000393   Thumb Code     0  startup_nuc472_442.o(.text)
    SC2_IRQHandler                           0x00000393   Thumb Code     0  startup_nuc472_442.o(.text)
    SC3_IRQHandler                           0x00000393   Thumb Code     0  startup_nuc472_442.o(.text)
    SC4_IRQHandler                           0x00000393   Thumb Code     0  startup_nuc472_442.o(.text)
    SC5_IRQHandler                           0x00000393   Thumb Code     0  startup_nuc472_442.o(.text)
    SD_IRQHandler                            0x00000393   Thumb Code     0  startup_nuc472_442.o(.text)
    SPI0_IRQHandler                          0x00000393   Thumb Code     0  startup_nuc472_442.o(.text)
    SPI1_IRQHandler                          0x00000393   Thumb Code     0  startup_nuc472_442.o(.text)
    SPI2_IRQHandler                          0x00000393   Thumb Code     0  startup_nuc472_442.o(.text)
    SPI3_IRQHandler                          0x00000393   Thumb Code     0  startup_nuc472_442.o(.text)
    SRAMF_IRQHandler                         0x00000393   Thumb Code     0  startup_nuc472_442.o(.text)
    TAMPER_IRQHandler                        0x00000393   Thumb Code     0  startup_nuc472_442.o(.text)
    TMR1_IRQHandler                          0x00000393   Thumb Code     0  startup_nuc472_442.o(.text)
    TMR2_IRQHandler                          0x00000393   Thumb Code     0  startup_nuc472_442.o(.text)
    TMR3_IRQHandler                          0x00000393   Thumb Code     0  startup_nuc472_442.o(.text)
    UART0_IRQHandler                         0x00000393   Thumb Code     0  startup_nuc472_442.o(.text)
    UART1_IRQHandler                         0x00000393   Thumb Code     0  startup_nuc472_442.o(.text)
    UART2_IRQHandler                         0x00000393   Thumb Code     0  startup_nuc472_442.o(.text)
    UART4_IRQHandler                         0x00000393   Thumb Code     0  startup_nuc472_442.o(.text)
    UART5_IRQHandler                         0x00000393   Thumb Code     0  startup_nuc472_442.o(.text)
    USBD_IRQHandler                          0x00000393   Thumb Code     0  startup_nuc472_442.o(.text)
    USBH_IRQHandler                          0x00000393   Thumb Code     0  startup_nuc472_442.o(.text)
    USB_OTG_IRQHandler                       0x00000393   Thumb Code     0  startup_nuc472_442.o(.text)
    WDT_IRQHandler                           0x00000393   Thumb Code     0  startup_nuc472_442.o(.text)
    WWDT_IRQHandler                          0x00000393   Thumb Code     0  startup_nuc472_442.o(.text)
    __user_initial_stackheap                 0x00000395   Thumb Code    10  startup_nuc472_442.o(.text)
    rt_hw_interrupt_disable                  0x000003c1   Thumb Code     8  context_rvds.o(.text)
    rt_hw_interrupt_enable                   0x000003c9   Thumb Code     6  context_rvds.o(.text)
    rt_hw_context_switch                     0x000003cf   Thumb Code    32  context_rvds.o(.text)
    rt_hw_context_switch_interrupt           0x000003cf   Thumb Code     0  context_rvds.o(.text)
    PendSV_Handler                           0x000003ef   Thumb Code   108  context_rvds.o(.text)
    rt_hw_context_switch_to                  0x0000045b   Thumb Code    70  context_rvds.o(.text)
    rt_hw_interrupt_thread_switch            0x000004a1   Thumb Code     4  context_rvds.o(.text)
    HardFault_Handler                        0x000004a5   Thumb Code    20  context_rvds.o(.text)
    __aeabi_memcpy                           0x000004d1   Thumb Code     0  rt_memcpy_v6.o(.text)
    __rt_memcpy                              0x000004d1   Thumb Code   140  rt_memcpy_v6.o(.text)
    _memcpy_lastbytes                        0x00000539   Thumb Code     0  rt_memcpy_v6.o(.text)
    __aeabi_memcpy4                          0x0000055d   Thumb Code     0  rt_memcpy_w.o(.text)
    __aeabi_memcpy8                          0x0000055d   Thumb Code     0  rt_memcpy_w.o(.text)
    __rt_memcpy_w                            0x0000055d   Thumb Code   100  rt_memcpy_w.o(.text)
    _memcpy_lastbytes_aligned                0x000005a5   Thumb Code     0  rt_memcpy_w.o(.text)
    __use_two_region_memory                  0x000005c1   Thumb Code     2  heapauxi.o(.text)
    __rt_heap_escrow$2region                 0x000005c3   Thumb Code     2  heapauxi.o(.text)
    __rt_heap_expand$2region                 0x000005c5   Thumb Code     2  heapauxi.o(.text)
    __user_libspace                          0x000005c9   Thumb Code     8  libspace.o(.text)
    __user_perproc_libspace                  0x000005c9   Thumb Code     0  libspace.o(.text)
    __user_perthread_libspace                0x000005c9   Thumb Code     0  libspace.o(.text)
    __user_setup_stackheap                   0x000005d1   Thumb Code    74  sys_stackheap_outer.o(.text)
    exit                                     0x0000061b   Thumb Code    12  exit.o(.text)
    _sys_exit                                0x00000629   Thumb Code    16  sys_exit.o(.text)
    __I$use$semihosting                      0x0000063d   Thumb Code     0  use_no_semi.o(.text)
    __use_no_semihosting_swi                 0x0000063d   Thumb Code     2  use_no_semi.o(.text)
    ADE7878Cfg                               0x00000641   Thumb Code   792  ade7878.o(i.ADE7878Cfg)
    ADE7878PSM0                              0x00000975   Thumb Code    50  ade7878.o(i.ADE7878PSM0)
    ADE7878Reset                             0x000009b1   Thumb Code    90  ade7878.o(i.ADE7878Reset)
    ADE7878SPICfg                            0x00000a1d   Thumb Code    42  ade7878.o(i.ADE7878SPICfg)
    ADE7878_main                             0x00000a49   Thumb Code    82  ad7878_measure.o(i.ADE7878_main)
    CLK_EnableModuleClock                    0x00000aa1   Thumb Code    36  clk.o(i.CLK_EnableModuleClock)
    CLK_EnableXtalRC                         0x00000ac9   Thumb Code    18  clk.o(i.CLK_EnableXtalRC)
    CLK_GetHCLKFreq                          0x00000ae1   Thumb Code    12  clk.o(i.CLK_GetHCLKFreq)
    CLK_GetPLLClockFreq                      0x00000af1   Thumb Code    94  clk.o(i.CLK_GetPLLClockFreq)
    CLK_SetHCLK                              0x00000b5d   Thumb Code    48  clk.o(i.CLK_SetHCLK)
    CLK_SetModuleClock                       0x00000b95   Thumb Code    88  clk.o(i.CLK_SetModuleClock)
    CLK_WaitClockReady                       0x00000bf1   Thumb Code    36  clk.o(i.CLK_WaitClockReady)
    ConfigHWDoor                             0x00000c19   Thumb Code    50  doorinout.o(i.ConfigHWDoor)
    ConfigHWSpiport                          0x00000c51   Thumb Code    86  config.o(i.ConfigHWSpiport)
    ConfigHWled                              0x00000cbd   Thumb Code    44  config.o(i.ConfigHWled)
    Config_ADE7878_IRQ                       0x00000ced   Thumb Code    94  ade7878_int.o(i.Config_ADE7878_IRQ)
    Delay                                    0x00000d59   Thumb Code    18  ade7878_spi.o(i.Delay)
    Delay_nms                                0x00000d6b   Thumb Code    20  ds12864.o(i.Delay_nms)
    EnterCriticalSection                     0x00000d7f   Thumb Code     4  port.o(i.EnterCriticalSection)
    ExitCriticalSection                      0x00000d83   Thumb Code     4  port.o(i.ExitCriticalSection)
    GPB_IRQHandler                           0x00000d89   Thumb Code    94  ade7878_int.o(i.GPB_IRQHandler)
    GPD_IRQHandler                           0x00000ded   Thumb Code    66  ade7878_int.o(i.GPD_IRQHandler)
    GPIO_EnableInt                           0x00000e39   Thumb Code    26  gpio.o(i.GPIO_EnableInt)
    GPIO_SetMode                             0x00000e53   Thumb Code    42  gpio.o(i.GPIO_SetMode)
    I2C3_IRQHandler                          0x00000e7d   Thumb Code    38  eeprom_low.o(i.I2C3_IRQHandler)
    I2C_ClearTimeoutFlag                     0x00000ead   Thumb Code    10  i2c.o(i.I2C_ClearTimeoutFlag)
    Init12864                                0x00000eb9   Thumb Code    24  ds12864.o(i.Init12864)
    KeyProc                                  0x00000ed5   Thumb Code    76  doorinout.o(i.KeyProc)
    KeyRead                                  0x00000f31   Thumb Code    40  doorinout.o(i.KeyRead)
    LCD_init                                 0x00000f65   Thumb Code    44  ds12864.o(i.LCD_init)
    LCD_sendbyte                             0x00000f91   Thumb Code    58  ds12864.o(i.LCD_sendbyte)
    LCD_write_com                            0x00000fd5   Thumb Code    36  ds12864.o(i.LCD_write_com)
    SPIDelay                                 0x00001039   Thumb Code    16  ade7878_spi.o(i.SPIDelay)
    SPIRead4Bytes                            0x00001049   Thumb Code   142  ade7878_spi.o(i.SPIRead4Bytes)
    SPIWrite1Byte                            0x000010e5   Thumb Code    68  ade7878_spi.o(i.SPIWrite1Byte)
    SPIWrite2Bytes                           0x00001131   Thumb Code    78  ade7878_spi.o(i.SPIWrite2Bytes)
    SPIWrite4Bytes                           0x00001189   Thumb Code    94  ade7878_spi.o(i.SPIWrite4Bytes)
    SPI_ClearRxFIFO                          0x000011f1   Thumb Code    10  spi.o(i.SPI_ClearRxFIFO)
    SPI_DisableAutoSS                        0x000011fb   Thumb Code    10  spi.o(i.SPI_DisableAutoSS)
    SPI_Open                                 0x00001205   Thumb Code    90  spi.o(i.SPI_Open)
    SYS_Config                               0x0000125f   Thumb Code    24  config.o(i.SYS_Config)
    SYS_Init                                 0x00001279   Thumb Code    80  main.o(i.SYS_Init)
    SYS_UnlockReg                            0x000012cd   Thumb Code    38  sys.o(i.SYS_UnlockReg)
    SetSysTick                               0x000012f9   Thumb Code    54  main.o(i.SetSysTick)
    SysTick_Handler                          0x0000133d   Thumb Code    26  main.o(i.SysTick_Handler)
    SystemCoreClockUpdate                    0x0000135d   Thumb Code    68  system_nuc472_442.o(i.SystemCoreClockUpdate)
    SystemInit                               0x000013b9   Thumb Code    20  system_nuc472_442.o(i.SystemInit)
    TIMER_Close                              0x000013d1   Thumb Code     8  timer_nuc.o(i.TIMER_Close)
    TIMER_GetModuleClock                     0x000013e5   Thumb Code   112  timer_nuc.o(i.TIMER_GetModuleClock)
    TIMER_Open                               0x0000146d   Thumb Code   104  timer_nuc.o(i.TIMER_Open)
    TMR0_IRQHandler                          0x000014e1   Thumb Code    60  porttimer.o(i.TMR0_IRQHandler)
    UART3_IRQHandler                         0x0000152d   Thumb Code    30  portserial.o(i.UART3_IRQHandler)
    UART_DisableFlowCtrl                     0x00001551   Thumb Code    10  uart.o(i.UART_DisableFlowCtrl)
    UART_DisableInt                          0x0000155b   Thumb Code     8  uart.o(i.UART_DisableInt)
    UART_EnableInt                           0x00001563   Thumb Code     8  uart.o(i.UART_EnableInt)
    UART_Open                                0x0000156d   Thumb Code   118  uart.o(i.UART_Open)
    __rt_ffs                                 0x000015ed   Thumb Code    72  kservice.o(i.__rt_ffs)
    crc_ccitt                                0x00001771   Thumb Code    40  mbcrc.o(i.crc_ccitt)
    eBTFuncReadHoldingRegister               0x0000179d   Thumb Code   150  btfunc.o(i.eBTFuncReadHoldingRegister)
    eMBEnable                                0x00001835   Thumb Code    34  mb.o(i.eMBEnable)
    eMBFuncReadHoldingRegister               0x0000185d   Thumb Code   138  mbfuncholding.o(i.eMBFuncReadHoldingRegister)
    eMBFuncReadWriteMultipleHoldingRegister  0x000018e7   Thumb Code   220  mbfuncholding.o(i.eMBFuncReadWriteMultipleHoldingRegister)
    eMBFuncReportSlaveID                     0x000019c5   Thumb Code    30  mbfuncother.o(i.eMBFuncReportSlaveID)
    eMBFuncWriteHoldingRegister              0x000019ed   Thumb Code    66  mbfuncholding.o(i.eMBFuncWriteHoldingRegister)
    eMBInit                                  0x00001a31   Thumb Code   158  mb.o(i.eMBInit)
    eMBPoll                                  0x00001afd   Thumb Code   516  mb.o(i.eMBPoll)
    eMBRTUInit                               0x00001d05   Thumb Code    82  mbrtu.o(i.eMBRTUInit)
    eMBRTUReceive                            0x00001d5d   Thumb Code   100  mbrtu.o(i.eMBRTUReceive)
    eMBRTUSend                               0x00001dc9   Thumb Code   132  mbrtu.o(i.eMBRTUSend)
    eMBRTUStart                              0x00001e55   Thumb Code    30  mbrtu.o(i.eMBRTUStart)
    eMBRTUStop                               0x00001e79   Thumb Code    24  mbrtu.o(i.eMBRTUStop)
    eMBRegHoldingCB                          0x00001e91   Thumb Code   182  user_mb_app.o(i.eMBRegHoldingCB)
    init_Door_thread                         0x00001f59   Thumb Code    36  doorinout.o(i.init_Door_thread)
    init_Modbus_thread                       0x00001f91   Thumb Code    36  modbus_app.o(i.init_Modbus_thread)
    main                                     0x00001fcd   Thumb Code    14  startup.o(i.main)
    peBTFrameSendCur                         0x00001fdd   Thumb Code   218  mbrtu.o(i.peBTFrameSendCur)
    prveMBError2Exception                    0x00002171   Thumb Code    34  mbutils.o(i.prveMBError2Exception)
    rt_application_init                      0x000021c5   Thumb Code    52  application.o(i.rt_application_init)
    rt_device_init_all                       0x00002205   Thumb Code    62  device.o(i.rt_device_init_all)
    rt_free                                  0x00002249   Thumb Code   240  mem.o(i.rt_free)
    rt_hw_board_init                         0x00002341   Thumb Code    16  board.o(i.rt_hw_board_init)
    rt_hw_hard_fault_exception               0x00002351   Thumb Code    30  cpuport.o(i.rt_hw_hard_fault_exception)
    rt_hw_stack_init                         0x00002375   Thumb Code    70  cpuport.o(i.rt_hw_stack_init)
    rt_init_thread_entry                     0x000023c1   Thumb Code    32  application.o(i.rt_init_thread_entry)
    rt_interrupt_enter                       0x000023e1   Thumb Code    30  irq.o(i.rt_interrupt_enter)
    rt_interrupt_get_nest                    0x00002405   Thumb Code     6  irq.o(i.rt_interrupt_get_nest)
    rt_interrupt_leave                       0x00002411   Thumb Code    30  irq.o(i.rt_interrupt_leave)
    rt_malloc                                0x00002569   Thumb Code   558  mem.o(i.rt_malloc)
    rt_memset                                0x000027a1   Thumb Code    70  kservice.o(i.rt_memset)
    rt_object_allocate                       0x000027e9   Thumb Code   122  object.o(i.rt_object_allocate)
    rt_object_delete                         0x0000286d   Thumb Code    80  object.o(i.rt_object_delete)
    rt_object_detach                         0x000028c1   Thumb Code    56  object.o(i.rt_object_detach)
    rt_object_init                           0x000028fd   Thumb Code    76  object.o(i.rt_object_init)
    rt_object_is_systemobject                0x00002951   Thumb Code    30  object.o(i.rt_object_is_systemobject)
    rt_schedule                              0x00002971   Thumb Code   138  scheduler.o(i.rt_schedule)
    rt_schedule_insert_thread                0x00002a15   Thumb Code    80  scheduler.o(i.rt_schedule_insert_thread)
    rt_schedule_remove_thread                0x00002a6d   Thumb Code    92  scheduler.o(i.rt_schedule_remove_thread)
    rt_sem_init                              0x00002ad1   Thumb Code    50  ipc.o(i.rt_sem_init)
    rt_sem_release                           0x00002b05   Thumb Code    80  ipc.o(i.rt_sem_release)
    rt_sem_take                              0x00002b59   Thumb Code   244  ipc.o(i.rt_sem_take)
    rt_show_version                          0x00002c55   Thumb Code     2  kservice.o(i.rt_show_version)
    rt_strncpy                               0x00002c57   Thumb Code    48  kservice.o(i.rt_strncpy)
    rt_system_heap_init                      0x00002c89   Thumb Code   200  mem.o(i.rt_system_heap_init)
    rt_system_object_init                    0x00002d61   Thumb Code     2  object.o(i.rt_system_object_init)
    rt_system_scheduler_init                 0x00002d65   Thumb Code    56  scheduler.o(i.rt_system_scheduler_init)
    rt_system_scheduler_start                0x00002db5   Thumb Code    36  scheduler.o(i.rt_system_scheduler_start)
    rt_system_tick_init                      0x00002de5   Thumb Code     2  clock.o(i.rt_system_tick_init)
    rt_system_timer_init                     0x00002de9   Thumb Code    24  timer.o(i.rt_system_timer_init)
    rt_system_timer_thread_init              0x00002e05   Thumb Code     2  timer.o(i.rt_system_timer_thread_init)
    rt_thread_create                         0x00002e07   Thumb Code    88  thread.o(i.rt_thread_create)
    rt_thread_delay                          0x00002e5f   Thumb Code    12  thread.o(i.rt_thread_delay)
    rt_thread_entry_Door                     0x00002e6d   Thumb Code   138  doorinout.o(i.rt_thread_entry_Door)
    rt_thread_idle_excute                    0x00002f89   Thumb Code   148  idle.o(i.rt_thread_idle_excute)
    rt_thread_idle_init                      0x00003021   Thumb Code    36  idle.o(i.rt_thread_idle_init)
    rt_thread_init                           0x00003055   Thumb Code    80  thread.o(i.rt_thread_init)
    rt_thread_resume                         0x000030a5   Thumb Code    76  thread.o(i.rt_thread_resume)
    rt_thread_self                           0x000030f1   Thumb Code     6  thread.o(i.rt_thread_self)
    rt_thread_sleep                          0x000030fd   Thumb Code    72  thread.o(i.rt_thread_sleep)
    rt_thread_startup                        0x00003149   Thumb Code    88  thread.o(i.rt_thread_startup)
    rt_thread_suspend                        0x000031a1   Thumb Code    66  thread.o(i.rt_thread_suspend)
    rt_thread_timeout                        0x000031e3   Thumb Code    64  thread.o(i.rt_thread_timeout)
    rt_thread_yield                          0x00003225   Thumb Code    88  thread.o(i.rt_thread_yield)
    rt_tick_get                              0x00003285   Thumb Code     6  clock.o(i.rt_tick_get)
    rt_tick_increase                         0x00003291   Thumb Code    42  clock.o(i.rt_tick_increase)
    rt_timer_check                           0x000032c1   Thumb Code   152  timer.o(i.rt_timer_check)
    rt_timer_control                         0x0000335d   Thumb Code    70  timer.o(i.rt_timer_control)
    rt_timer_detach                          0x000033a3   Thumb Code    44  timer.o(i.rt_timer_detach)
    rt_timer_init                            0x000033cf   Thumb Code    58  timer.o(i.rt_timer_init)
    rt_timer_start                           0x00003409   Thumb Code   280  timer.o(i.rt_timer_start)
    rt_timer_stop                            0x00003529   Thumb Code    78  timer.o(i.rt_timer_stop)
    rtthread_startup                         0x0000357d   Thumb Code    56  startup.o(i.rtthread_startup)
    ucMBMasterGetDestAddress                 0x000035bd   Thumb Code     4  user_mb_app.o(i.ucMBMasterGetDestAddress)
    usMBCRC16                                0x000035c1   Thumb Code    46  mbcrc.o(i.usMBCRC16)
    vMBPortSerialEnable                      0x000035f9   Thumb Code    48  portserial.o(i.vMBPortSerialEnable)
    vMBPortTimersDisable                     0x0000362d   Thumb Code    26  porttimer.o(i.vMBPortTimersDisable)
    vMBPortTimersEnable                      0x00003655   Thumb Code    66  porttimer.o(i.vMBPortTimersEnable)
    xMBMasterGetCBRunInMasterMode            0x000036a5   Thumb Code     4  user_mb_app.o(i.xMBMasterGetCBRunInMasterMode)
    xMBPortEventGet                          0x000036a9   Thumb Code    28  portevent.o(i.xMBPortEventGet)
    xMBPortEventInit                         0x000036c9   Thumb Code    10  portevent.o(i.xMBPortEventInit)
    xMBPortEventPost                         0x000036d9   Thumb Code    16  portevent.o(i.xMBPortEventPost)
    xMBPortSerialGetByte                     0x000036ed   Thumb Code    12  portserial.o(i.xMBPortSerialGetByte)
    xMBPortSerialInit                        0x000036fd   Thumb Code   160  portserial.o(i.xMBPortSerialInit)
    xMBPortSerialPutByte                     0x000037b1   Thumb Code    10  portserial.o(i.xMBPortSerialPutByte)
    xMBPortTimersInit                        0x000037c1   Thumb Code    72  porttimer.o(i.xMBPortTimersInit)
    xMBRTUReceiveFSM                         0x00003815   Thumb Code   132  mbrtu.o(i.xMBRTUReceiveFSM)
    xMBRTUTimerT35Expired                    0x000038a1   Thumb Code    60  mbrtu.o(i.xMBRTUTimerT35Expired)
    xMBRTUTransmitFSM                        0x000038e1   Thumb Code   102  mbrtu.o(i.xMBRTUTransmitFSM)
    _fp_init                                 0x0000394d   Thumb Code    10  fpinit.o(x$fpl$fpinit)
    __fplib_config_fpu_vfp                   0x00003955   Thumb Code     0  fpinit.o(x$fpl$fpinit)
    __fplib_config_pureend_doubles           0x00003955   Thumb Code     0  fpinit.o(x$fpl$fpinit)
    __lowest_bit_bitmap                      0x00003d98   Data         256  kservice.o(.constdata)
    Region$$Table$$Base                      0x00003ebc   Number         0  anon$$obj.o(Region$$Table)
    Region$$Table$$Limit                     0x00003edc   Number         0  anon$$obj.o(Region$$Table)
    LocalTime                                0x20000004   Data           4  main.o(.data)
    Mbtick                                   0x20000008   Data           4  main.o(.data)
    SystemCoreClock                          0x20000010   Data           4  system_nuc472_442.o(.data)
    CyclesPerUs                              0x20000014   Data           4  system_nuc472_442.o(.data)
    gau32ClkSrcTbl                           0x20000018   Data          32  system_nuc472_442.o(.data)
    DummyRd                                  0x2000003c   Data           1  ade7878_spi.o(.data)
    IRQStautsRead0                           0x20000044   Data           4  ad7878_measure.o(.data)
    IRQStautsRead1                           0x20000048   Data           4  ad7878_measure.o(.data)
    IRQFlag                                  0x2000004c   Data           1  ad7878_measure.o(.data)
    IRMSIndex                                0x2000004d   Data           1  ad7878_measure.o(.data)
    VRMSIndex                                0x2000004e   Data           1  ad7878_measure.o(.data)
    PhaseAEnergy                             0x20000050   Data           4  ad7878_measure.o(.data)
    PhaseAIRMS                               0x20000054   Data           4  ad7878_measure.o(.data)
    PhaseAVRMS                               0x20000058   Data           4  ad7878_measure.o(.data)
    PhaseAPeroid                             0x2000005c   Data           4  ad7878_measure.o(.data)
    PhaseAAngle                              0x20000060   Data           4  ad7878_measure.o(.data)
    Pash_poll                                0x20000064   Data           1  ad7878_measure.o(.data)
    DisplayTrm                               0x20000068   Data           4  ad7878_measure.o(.data)
    Timehandel                               0x20000074   Data           1  porttimer.o(.data)
    timecut                                  0x20000078   Data           4  porttimer.o(.data)
    usSDiscInStart                           0x2000007e   Data           2  user_mb_app.o(.data)
    usSCoilStart                             0x20000080   Data           2  user_mb_app.o(.data)
    usSRegInStart                            0x20000082   Data           2  user_mb_app.o(.data)
    usSRegHoldStart                          0x20000084   Data           2  user_mb_app.o(.data)
    usMDiscInStart                           0x20000086   Data           2  user_mb_app.o(.data)
    usMCoilStart                             0x20000088   Data           2  user_mb_app.o(.data)
    usMRegInStart                            0x2000008a   Data           2  user_mb_app.o(.data)
    usMRegHoldStart                          0x2000008c   Data           2  user_mb_app.o(.data)
    ucSDiscInBuf                             0x2000008e   Data           2  user_mb_app.o(.data)
    ucSCoilBuf                               0x20000090   Data           8  user_mb_app.o(.data)
    pxMBFrameCBByteReceived                  0x20000154   Data           4  mb.o(.data)
    pxMBFrameCBTransmitterEmpty              0x20000158   Data           4  mb.o(.data)
    pxMBPortCBTimerExpired                   0x2000015c   Data           4  mb.o(.data)
    pxMBFrameCBReceiveFSMCur                 0x20000160   Data           4  mb.o(.data)
    pxMBFrameCBTransmitFSMCur                0x20000164   Data           4  mb.o(.data)
    g_u8EndFlag                              0x2000016c   Data           1  eeprom_low.o(.data)
    g_u8DeviceAddr                           0x20000174   Data           1  eeprom_low.o(.data)
    g_au8TxData                              0x20000175   Data           3  eeprom_low.o(.data)
    g_u8RxData                               0x20000178   Data           1  eeprom_low.o(.data)
    g_u8DataLen                              0x20000179   Data           1  eeprom_low.o(.data)
    rt_interrupt_nest                        0x20000184   Data           1  irq.o(.data)
    rt_object_container                      0x200001a8   Data         144  object.o(.data)
    rt_object_trytake_hook                   0x20000240   Data           4  object.o(.data)
    rt_object_take_hook                      0x20000244   Data           4  object.o(.data)
    rt_object_put_hook                       0x20000248   Data           4  object.o(.data)
    rt_current_thread                        0x20000250   Data           4  scheduler.o(.data)
    rt_current_priority                      0x20000254   Data           1  scheduler.o(.data)
    rt_thread_ready_priority_group           0x20000258   Data           4  scheduler.o(.data)
    rt_thread_defunct                        0x2000025c   Data           8  scheduler.o(.data)
    rt_interrupt_from_thread                 0x2000027c   Data           4  cpuport.o(.data)
    rt_interrupt_to_thread                   0x20000280   Data           4  cpuport.o(.data)
    rt_thread_switch_interrupt_flag          0x20000284   Data           4  cpuport.o(.data)
    Trg                                      0x2000028d   Data           1  doorinout.o(.data)
    Cont                                     0x2000028e   Data           1  doorinout.o(.data)
    usSRegInBuf                              0x20000290   Data         200  user_mb_app.o(.bss)
    usSRegHoldBuf                            0x20000358   Data         200  user_mb_app.o(.bss)
    ucMDiscInBuf                             0x20000420   Data          32  user_mb_app.o(.bss)
    ucMCoilBuf                               0x20000440   Data         128  user_mb_app.o(.bss)
    usMRegInBuf                              0x200004c0   Data        3200  user_mb_app.o(.bss)
    usMRegHoldBuf                            0x20001140   Data        3200  user_mb_app.o(.bss)
    ucRTUBuf                                 0x20001dc0   Data         256  mbrtu.o(.bss)
    rt_thread_priority_table                 0x20002380   Data         256  scheduler.o(.bss)
    Memheap                                  0x20002480   Data        6144  startup.o(.bss)
    thread_Door                              0x20004080   Data         128  doorinout.o(.bss)
    thread_Rs485comm                         0x20004500   Data         128  modbus_app.o(.bss)
    __libspace_start                         0x20004580   Data          96  libspace.o(.bss)
    __temporary_stack_top$libspace           0x200045e0   Data           0  libspace.o(.bss)



==============================================================================

Memory Map of the image

  Image Entry point : 0x00000279

  Load Region LR_IROM1 (Base: 0x00000000, Size: 0x0000416c, Max: 0x00080000, ABSOLUTE, COMPRESSED[0x00003f64])

    Execution Region ER_IROM1 (Base: 0x00000000, Size: 0x00003edc, Max: 0x00080000, ABSOLUTE)

    Base Addr    Size         Type   Attr      Idx    E Section Name        Object

    0x00000000   0x00000278   Data   RO         3124    RESET               startup_nuc472_442.o
    0x00000278   0x00000008   Code   RO         6176  * !!!main             __main.o(c_w.l)
    0x00000280   0x00000034   Code   RO         6489    !!!scatter          __scatter.o(c_w.l)
    0x000002b4   0x0000005a   Code   RO         6487    !!dczerorl2         __dczerorl2.o(c_w.l)
    0x0000030e   0x00000002   PAD
    0x00000310   0x0000001c   Code   RO         6491    !!handler_zi        __scatter_zi.o(c_w.l)
    0x0000032c   0x00000006   Code   RO         6365    .ARM.Collect$$libinit$$00000000  libinit.o(c_w.l)
    0x00000332   0x00000000   Code   RO         6368    .ARM.Collect$$libinit$$00000006  libinit2.o(c_w.l)
    0x00000332   0x00000000   Code   RO         6370    .ARM.Collect$$libinit$$00000008  libinit2.o(c_w.l)
    0x00000332   0x00000000   Code   RO         6372    .ARM.Collect$$libinit$$0000000A  libinit2.o(c_w.l)
    0x00000332   0x00000000   Code   RO         6375    .ARM.Collect$$libinit$$0000000D  libinit2.o(c_w.l)
    0x00000332   0x00000000   Code   RO         6377    .ARM.Collect$$libinit$$0000000F  libinit2.o(c_w.l)
    0x00000332   0x00000000   Code   RO         6379    .ARM.Collect$$libinit$$00000011  libinit2.o(c_w.l)
    0x00000332   0x00000000   Code   RO         6381    .ARM.Collect$$libinit$$00000013  libinit2.o(c_w.l)
    0x00000332   0x00000000   Code   RO         6383    .ARM.Collect$$libinit$$00000015  libinit2.o(c_w.l)
    0x00000332   0x00000000   Code   RO         6385    .ARM.Collect$$libinit$$00000017  libinit2.o(c_w.l)
    0x00000332   0x00000000   Code   RO         6387    .ARM.Collect$$libinit$$00000019  libinit2.o(c_w.l)
    0x00000332   0x00000000   Code   RO         6389    .ARM.Collect$$libinit$$0000001B  libinit2.o(c_w.l)
    0x00000332   0x00000000   Code   RO         6391    .ARM.Collect$$libinit$$0000001D  libinit2.o(c_w.l)
    0x00000332   0x00000000   Code   RO         6393    .ARM.Collect$$libinit$$0000001F  libinit2.o(c_w.l)
    0x00000332   0x00000000   Code   RO         6395    .ARM.Collect$$libinit$$00000021  libinit2.o(c_w.l)
    0x00000332   0x00000000   Code   RO         6399    .ARM.Collect$$libinit$$00000028  libinit2.o(c_w.l)
    0x00000332   0x00000000   Code   RO         6401    .ARM.Collect$$libinit$$0000002A  libinit2.o(c_w.l)
    0x00000332   0x00000000   Code   RO         6403    .ARM.Collect$$libinit$$0000002C  libinit2.o(c_w.l)
    0x00000332   0x00000000   Code   RO         6405    .ARM.Collect$$libinit$$0000002E  libinit2.o(c_w.l)
    0x00000332   0x00000002   Code   RO         6406    .ARM.Collect$$libinit$$0000002F  libinit2.o(c_w.l)
    0x00000334   0x00000002   Code   RO         6453    .ARM.Collect$$libshutdown$$00000000  libshutdown.o(c_w.l)
    0x00000336   0x00000000   Code   RO         6472    .ARM.Collect$$libshutdown$$00000003  libshutdown2.o(c_w.l)
    0x00000336   0x00000000   Code   RO         6475    .ARM.Collect$$libshutdown$$00000006  libshutdown2.o(c_w.l)
    0x00000336   0x00000000   Code   RO         6478    .ARM.Collect$$libshutdown$$00000009  libshutdown2.o(c_w.l)
    0x00000336   0x00000000   Code   RO         6480    .ARM.Collect$$libshutdown$$0000000B  libshutdown2.o(c_w.l)
    0x00000336   0x00000000   Code   RO         6483    .ARM.Collect$$libshutdown$$0000000E  libshutdown2.o(c_w.l)
    0x00000336   0x00000002   Code   RO         6484    .ARM.Collect$$libshutdown$$0000000F  libshutdown2.o(c_w.l)
    0x00000338   0x00000000   Code   RO         6220    .ARM.Collect$$rtentry$$00000000  rtentry.o(c_w.l)
    0x00000338   0x00000000   Code   RO         6267    .ARM.Collect$$rtentry$$00000002  rtentry2.o(c_w.l)
    0x00000338   0x00000006   Code   RO         6282    .ARM.Collect$$rtentry$$00000004  rtentry4.o(c_w.l)
    0x0000033e   0x00000000   Code   RO         6269    .ARM.Collect$$rtentry$$00000009  rtentry2.o(c_w.l)
    0x0000033e   0x00000004   Code   RO         6270    .ARM.Collect$$rtentry$$0000000A  rtentry2.o(c_w.l)
    0x00000342   0x00000000   Code   RO         6272    .ARM.Collect$$rtentry$$0000000C  rtentry2.o(c_w.l)
    0x00000342   0x00000008   Code   RO         6273    .ARM.Collect$$rtentry$$0000000D  rtentry2.o(c_w.l)
    0x0000034a   0x00000002   Code   RO         6409    .ARM.Collect$$rtexit$$00000000  rtexit.o(c_w.l)
    0x0000034c   0x00000000   Code   RO         6424    .ARM.Collect$$rtexit$$00000002  rtexit2.o(c_w.l)
    0x0000034c   0x00000004   Code   RO         6425    .ARM.Collect$$rtexit$$00000003  rtexit2.o(c_w.l)
    0x00000350   0x00000006   Code   RO         6426    .ARM.Collect$$rtexit$$00000004  rtexit2.o(c_w.l)
    0x00000356   0x00000002   PAD
    0x00000358   0x00000068   Code   RO         3125    .text               startup_nuc472_442.o
    0x000003c0   0x00000110   Code   RO         5703    .text               context_rvds.o
    0x000004d0   0x0000008c   Code   RO         6162    .text               rt_memcpy_v6.o(c_w.l)
    0x0000055c   0x00000064   Code   RO         6166    .text               rt_memcpy_w.o(c_w.l)
    0x000005c0   0x00000006   Code   RO         6174    .text               heapauxi.o(c_w.l)
    0x000005c6   0x00000002   PAD
    0x000005c8   0x00000008   Code   RO         6348    .text               libspace.o(c_w.l)
    0x000005d0   0x0000004a   Code   RO         6351    .text               sys_stackheap_outer.o(c_w.l)
    0x0000061a   0x0000000c   Code   RO         6353    .text               exit.o(c_w.l)
    0x00000626   0x00000002   PAD
    0x00000628   0x00000014   Code   RO         6421    .text               sys_exit.o(c_w.l)
    0x0000063c   0x00000002   Code   RO         6441    .text               use_no_semi.o(c_w.l)
    0x0000063e   0x00000002   PAD
    0x00000640   0x00000334   Code   RO         3200    i.ADE7878Cfg        ade7878.o
    0x00000974   0x0000003c   Code   RO         3201    i.ADE7878PSM0       ade7878.o
    0x000009b0   0x0000006c   Code   RO         3202    i.ADE7878Reset      ade7878.o
    0x00000a1c   0x0000002a   Code   RO         3203    i.ADE7878SPICfg     ade7878.o
    0x00000a46   0x00000002   PAD
    0x00000a48   0x00000058   Code   RO         3285    i.ADE7878_main      ad7878_measure.o
    0x00000aa0   0x00000028   Code   RO          939    i.CLK_EnableModuleClock  clk.o
    0x00000ac8   0x00000018   Code   RO          941    i.CLK_EnableXtalRC  clk.o
    0x00000ae0   0x00000010   Code   RO          943    i.CLK_GetHCLKFreq   clk.o
    0x00000af0   0x0000006c   Code   RO          947    i.CLK_GetPLLClockFreq  clk.o
    0x00000b5c   0x00000038   Code   RO          951    i.CLK_SetHCLK       clk.o
    0x00000b94   0x0000005c   Code   RO          952    i.CLK_SetModuleClock  clk.o
    0x00000bf0   0x00000028   Code   RO          955    i.CLK_WaitClockReady  clk.o
    0x00000c18   0x00000038   Code   RO         5758    i.ConfigHWDoor      doorinout.o
    0x00000c50   0x0000006c   Code   RO          342    i.ConfigHWSpiport   config.o
    0x00000cbc   0x00000030   Code   RO          343    i.ConfigHWled       config.o
    0x00000cec   0x0000006c   Code   RO         3246    i.Config_ADE7878_IRQ  ade7878_int.o
    0x00000d58   0x00000012   Code   RO         3131    i.Delay             ade7878_spi.o
    0x00000d6a   0x00000014   Code   RO          392    i.Delay_nms         ds12864.o
    0x00000d7e   0x00000004   Code   RO         3314    i.EnterCriticalSection  port.o
    0x00000d82   0x00000004   Code   RO         3315    i.ExitCriticalSection  port.o
    0x00000d86   0x00000002   PAD
    0x00000d88   0x00000064   Code   RO         3247    i.GPB_IRQHandler    ade7878_int.o
    0x00000dec   0x0000004c   Code   RO         3248    i.GPD_IRQHandler    ade7878_int.o
    0x00000e38   0x0000001a   Code   RO         1589    i.GPIO_EnableInt    gpio.o
    0x00000e52   0x0000002a   Code   RO         1590    i.GPIO_SetMode      gpio.o
    0x00000e7c   0x00000030   Code   RO         4351    i.I2C3_IRQHandler   eeprom_low.o
    0x00000eac   0x0000000a   Code   RO         1622    i.I2C_ClearTimeoutFlag  i2c.o
    0x00000eb6   0x00000002   PAD
    0x00000eb8   0x0000001c   Code   RO          394    i.Init12864         ds12864.o
    0x00000ed4   0x0000005c   Code   RO         5759    i.KeyProc           doorinout.o
    0x00000f30   0x00000034   Code   RO         5760    i.KeyRead           doorinout.o
    0x00000f64   0x0000002c   Code   RO          400    i.LCD_init          ds12864.o
    0x00000f90   0x00000044   Code   RO          401    i.LCD_sendbyte      ds12864.o
    0x00000fd4   0x00000024   Code   RO          402    i.LCD_write_com     ds12864.o
    0x00000ff8   0x00000018   Code   RO         3442    i.NVIC_EnableIRQ    porttimer.o
    0x00001010   0x00000028   Code   RO         3443    i.NVIC_SetPriority  porttimer.o
    0x00001038   0x00000010   Code   RO         3132    i.SPIDelay          ade7878_spi.o
    0x00001048   0x0000009c   Code   RO         3135    i.SPIRead4Bytes     ade7878_spi.o
    0x000010e4   0x0000004c   Code   RO         3136    i.SPIWrite1Byte     ade7878_spi.o
    0x00001130   0x00000058   Code   RO         3137    i.SPIWrite2Bytes    ade7878_spi.o
    0x00001188   0x00000068   Code   RO         3138    i.SPIWrite4Bytes    ade7878_spi.o
    0x000011f0   0x0000000a   Code   RO         2636    i.SPI_ClearRxFIFO   spi.o
    0x000011fa   0x0000000a   Code   RO         2639    i.SPI_DisableAutoSS  spi.o
    0x00001204   0x0000005a   Code   RO         2644    i.SPI_Open          spi.o
    0x0000125e   0x00000018   Code   RO          344    i.SYS_Config        config.o
    0x00001276   0x00000002   PAD
    0x00001278   0x00000054   Code   RO            3    i.SYS_Init          main.o
    0x000012cc   0x0000002c   Code   RO         2729    i.SYS_UnlockReg     sys.o
    0x000012f8   0x00000044   Code   RO            4    i.SetSysTick        main.o
    0x0000133c   0x00000020   Code   RO            5    i.SysTick_Handler   main.o
    0x0000135c   0x0000005c   Code   RO         3091    i.SystemCoreClockUpdate  system_nuc472_442.o
    0x000013b8   0x00000018   Code   RO         3092    i.SystemInit        system_nuc472_442.o
    0x000013d0   0x00000008   Code   RO         3026    i.TIMER_Close       timer_nuc.o
    0x000013d8   0x0000000a   Code   RO         3444    i.TIMER_EnableInt   porttimer.o
    0x000013e2   0x00000002   PAD
    0x000013e4   0x00000088   Code   RO         3032    i.TIMER_GetModuleClock  timer_nuc.o
    0x0000146c   0x00000068   Code   RO         3033    i.TIMER_Open        timer_nuc.o
    0x000014d4   0x0000000a   Code   RO         3445    i.TIMER_Stop        porttimer.o
    0x000014de   0x00000002   PAD
    0x000014e0   0x0000004c   Code   RO         3446    i.TMR0_IRQHandler   porttimer.o
    0x0000152c   0x00000024   Code   RO         3376    i.UART3_IRQHandler  portserial.o
    0x00001550   0x0000000a   Code   RO         2808    i.UART_DisableFlowCtrl  uart.o
    0x0000155a   0x00000008   Code   RO         2809    i.UART_DisableInt   uart.o
    0x00001562   0x00000008   Code   RO         2811    i.UART_EnableInt    uart.o
    0x0000156a   0x00000002   PAD
    0x0000156c   0x00000080   Code   RO         2812    i.UART_Open         uart.o
    0x000015ec   0x0000004c   Code   RO         4859    i.__rt_ffs          kservice.o
    0x00001638   0x00000036   Code   RO         5255    i._rt_scheduler_stack_check  scheduler.o
    0x0000166e   0x00000002   PAD
    0x00001670   0x00000094   Code   RO         5339    i._rt_thread_init   thread.o
    0x00001704   0x00000044   Code   RO         5453    i._rt_timer_init    timer.o
    0x00001748   0x00000028   Code   RO         5454    i._rt_timer_remove  timer.o
    0x00001770   0x0000002c   Code   RO         3665    i.crc_ccitt         mbcrc.o
    0x0000179c   0x00000096   Code   RO         3814    i.eBTFuncReadHoldingRegister  btfunc.o
    0x00001832   0x00000002   PAD
    0x00001834   0x00000028   Code   RO         3845    i.eMBEnable         mb.o
    0x0000185c   0x0000008a   Code   RO         3715    i.eMBFuncReadHoldingRegister  mbfuncholding.o
    0x000018e6   0x000000dc   Code   RO         3716    i.eMBFuncReadWriteMultipleHoldingRegister  mbfuncholding.o
    0x000019c2   0x00000002   PAD
    0x000019c4   0x00000028   Code   RO         3747    i.eMBFuncReportSlaveID  mbfuncother.o
    0x000019ec   0x00000042   Code   RO         3717    i.eMBFuncWriteHoldingRegister  mbfuncholding.o
    0x00001a2e   0x00000002   PAD
    0x00001a30   0x000000cc   Code   RO         3846    i.eMBInit           mb.o
    0x00001afc   0x00000208   Code   RO         3847    i.eMBPoll           mb.o
    0x00001d04   0x00000058   Code   RO         3573    i.eMBRTUInit        mbrtu.o
    0x00001d5c   0x0000006c   Code   RO         3574    i.eMBRTUReceive     mbrtu.o
    0x00001dc8   0x0000008c   Code   RO         3575    i.eMBRTUSend        mbrtu.o
    0x00001e54   0x00000024   Code   RO         3576    i.eMBRTUStart       mbrtu.o
    0x00001e78   0x00000018   Code   RO         3577    i.eMBRTUStop        mbrtu.o
    0x00001e90   0x000000c8   Code   RO         3515    i.eMBRegHoldingCB   user_mb_app.o
    0x00001f58   0x00000038   Code   RO         5761    i.init_Door_thread  doorinout.o
    0x00001f90   0x0000003c   Code   RO         6047    i.init_Modbus_thread  modbus_app.o
    0x00001fcc   0x0000000e   Code   RO         5644    i.main              startup.o
    0x00001fda   0x00000002   PAD
    0x00001fdc   0x000000e4   Code   RO         3578    i.peBTFrameSendCur  mbrtu.o
    0x000020c0   0x000000b0   Code   RO         5011    i.plug_holes        mem.o
    0x00002170   0x00000022   Code   RO         3780    i.prveMBError2Exception  mbutils.o
    0x00002192   0x00000002   PAD
    0x00002194   0x00000010   Code   RO         3447    i.prvvTIMERExpiredISR  porttimer.o
    0x000021a4   0x00000010   Code   RO         3377    i.prvvUARTRxISR     portserial.o
    0x000021b4   0x00000010   Code   RO         3378    i.prvvUARTTxReadyISR  portserial.o
    0x000021c4   0x00000040   Code   RO         5608    i.rt_application_init  application.o
    0x00002204   0x00000044   Code   RO         4443    i.rt_device_init_all  device.o
    0x00002248   0x000000f8   Code   RO         5013    i.rt_free           mem.o
    0x00002340   0x00000010   Code   RO         5580    i.rt_hw_board_init  board.o
    0x00002350   0x00000024   Code   RO         5672    i.rt_hw_hard_fault_exception  cpuport.o
    0x00002374   0x0000004c   Code   RO         5673    i.rt_hw_stack_init  cpuport.o
    0x000023c0   0x00000020   Code   RO         5609    i.rt_init_thread_entry  application.o
    0x000023e0   0x00000024   Code   RO         4832    i.rt_interrupt_enter  irq.o
    0x00002404   0x0000000c   Code   RO         4833    i.rt_interrupt_get_nest  irq.o
    0x00002410   0x00000024   Code   RO         4834    i.rt_interrupt_leave  irq.o
    0x00002434   0x00000018   Code   RO         4566    i.rt_ipc_list_resume  ipc.o
    0x0000244c   0x0000006c   Code   RO         4568    i.rt_ipc_list_suspend  ipc.o
    0x000024b8   0x00000010   Code   RO         4569    i.rt_ipc_object_init  ipc.o
    0x000024c8   0x00000006   Code   RO         4570    i.rt_list_init      ipc.o
    0x000024ce   0x00000006   Code   RO         5259    i.rt_list_init      scheduler.o
    0x000024d4   0x00000006   Code   RO         5455    i.rt_list_init      timer.o
    0x000024da   0x0000000e   Code   RO         5154    i.rt_list_insert_after  object.o
    0x000024e8   0x0000000e   Code   RO         5340    i.rt_list_insert_after  thread.o
    0x000024f6   0x0000000e   Code   RO         5456    i.rt_list_insert_after  timer.o
    0x00002504   0x0000000e   Code   RO         4571    i.rt_list_insert_before  ipc.o
    0x00002512   0x00000010   Code   RO         4518    i.rt_list_isempty   idle.o
    0x00002522   0x00000010   Code   RO         4572    i.rt_list_isempty   ipc.o
    0x00002532   0x00000010   Code   RO         5457    i.rt_list_isempty   timer.o
    0x00002542   0x00000012   Code   RO         5155    i.rt_list_remove    object.o
    0x00002554   0x00000012   Code   RO         5341    i.rt_list_remove    thread.o
    0x00002566   0x00000002   PAD
    0x00002568   0x00000238   Code   RO         5015    i.rt_malloc         mem.o
    0x000027a0   0x00000046   Code   RO         4868    i.rt_memset         kservice.o
    0x000027e6   0x00000002   PAD
    0x000027e8   0x00000084   Code   RO         5156    i.rt_object_allocate  object.o
    0x0000286c   0x00000054   Code   RO         5158    i.rt_object_delete  object.o
    0x000028c0   0x0000003c   Code   RO         5159    i.rt_object_detach  object.o
    0x000028fc   0x00000054   Code   RO         5163    i.rt_object_init    object.o
    0x00002950   0x0000001e   Code   RO         5164    i.rt_object_is_systemobject  object.o
    0x0000296e   0x00000002   PAD
    0x00002970   0x000000a4   Code   RO         5260    i.rt_schedule       scheduler.o
    0x00002a14   0x00000058   Code   RO         5261    i.rt_schedule_insert_thread  scheduler.o
    0x00002a6c   0x00000064   Code   RO         5262    i.rt_schedule_remove_thread  scheduler.o
    0x00002ad0   0x00000032   Code   RO         4600    i.rt_sem_init       ipc.o
    0x00002b02   0x00000002   PAD
    0x00002b04   0x00000054   Code   RO         4601    i.rt_sem_release    ipc.o
    0x00002b58   0x000000fc   Code   RO         4602    i.rt_sem_take       ipc.o
    0x00002c54   0x00000002   Code   RO         4870    i.rt_show_version   kservice.o
    0x00002c56   0x00000030   Code   RO         4878    i.rt_strncpy        kservice.o
    0x00002c86   0x00000002   PAD
    0x00002c88   0x000000d8   Code   RO         5019    i.rt_system_heap_init  mem.o
    0x00002d60   0x00000002   Code   RO         5168    i.rt_system_object_init  object.o
    0x00002d62   0x00000002   PAD
    0x00002d64   0x00000050   Code   RO         5264    i.rt_system_scheduler_init  scheduler.o
    0x00002db4   0x00000030   Code   RO         5265    i.rt_system_scheduler_start  scheduler.o
    0x00002de4   0x00000002   Code   RO         4401    i.rt_system_tick_init  clock.o
    0x00002de6   0x00000002   PAD
    0x00002de8   0x0000001c   Code   RO         5458    i.rt_system_timer_init  timer.o
    0x00002e04   0x00000002   Code   RO         5459    i.rt_system_timer_thread_init  timer.o
    0x00002e06   0x00000058   Code   RO         5343    i.rt_thread_create  thread.o
    0x00002e5e   0x0000000c   Code   RO         5344    i.rt_thread_delay   thread.o
    0x00002e6a   0x00000002   PAD
    0x00002e6c   0x0000009c   Code   RO         5762    i.rt_thread_entry_Door  doorinout.o
    0x00002f08   0x00000010   Code   RO         6048    i.rt_thread_entry_Rs485comm  modbus_app.o
    0x00002f18   0x00000054   Code   RO         5347    i.rt_thread_exit    thread.o
    0x00002f6c   0x0000001c   Code   RO         4519    i.rt_thread_idle_entry  idle.o
    0x00002f88   0x00000098   Code   RO         4520    i.rt_thread_idle_excute  idle.o
    0x00003020   0x00000034   Code   RO         4521    i.rt_thread_idle_init  idle.o
    0x00003054   0x00000050   Code   RO         5349    i.rt_thread_init    thread.o
    0x000030a4   0x0000004c   Code   RO         5350    i.rt_thread_resume  thread.o
    0x000030f0   0x0000000c   Code   RO         5351    i.rt_thread_self    thread.o
    0x000030fc   0x0000004c   Code   RO         5352    i.rt_thread_sleep   thread.o
    0x00003148   0x00000058   Code   RO         5353    i.rt_thread_startup  thread.o
    0x000031a0   0x00000042   Code   RO         5354    i.rt_thread_suspend  thread.o
    0x000031e2   0x00000040   Code   RO         5355    i.rt_thread_timeout  thread.o
    0x00003222   0x00000002   PAD
    0x00003224   0x00000060   Code   RO         5356    i.rt_thread_yield   thread.o
    0x00003284   0x0000000c   Code   RO         4403    i.rt_tick_get       clock.o
    0x00003290   0x00000030   Code   RO         4404    i.rt_tick_increase  clock.o
    0x000032c0   0x0000009c   Code   RO         5460    i.rt_timer_check    timer.o
    0x0000335c   0x00000046   Code   RO         5461    i.rt_timer_control  timer.o
    0x000033a2   0x0000002c   Code   RO         5465    i.rt_timer_detach   timer.o
    0x000033ce   0x0000003a   Code   RO         5467    i.rt_timer_init     timer.o
    0x00003408   0x00000120   Code   RO         5470    i.rt_timer_start    timer.o
    0x00003528   0x00000054   Code   RO         5471    i.rt_timer_stop     timer.o
    0x0000357c   0x00000040   Code   RO         5645    i.rtthread_startup  startup.o
    0x000035bc   0x00000004   Code   RO         3517    i.ucMBMasterGetDestAddress  user_mb_app.o
    0x000035c0   0x00000038   Code   RO         3666    i.usMBCRC16         mbcrc.o
    0x000035f8   0x00000034   Code   RO         3380    i.vMBPortSerialEnable  portserial.o
    0x0000362c   0x00000028   Code   RO         3448    i.vMBPortTimersDisable  porttimer.o
    0x00003654   0x00000050   Code   RO         3449    i.vMBPortTimersEnable  porttimer.o
    0x000036a4   0x00000004   Code   RO         3518    i.xMBMasterGetCBRunInMasterMode  user_mb_app.o
    0x000036a8   0x00000020   Code   RO         3338    i.xMBPortEventGet   portevent.o
    0x000036c8   0x00000010   Code   RO         3339    i.xMBPortEventInit  portevent.o
    0x000036d8   0x00000014   Code   RO         3340    i.xMBPortEventPost  portevent.o
    0x000036ec   0x00000010   Code   RO         3381    i.xMBPortSerialGetByte  portserial.o
    0x000036fc   0x000000b4   Code   RO         3382    i.xMBPortSerialInit  portserial.o
    0x000037b0   0x00000010   Code   RO         3383    i.xMBPortSerialPutByte  portserial.o
    0x000037c0   0x00000054   Code   RO         3450    i.xMBPortTimersInit  porttimer.o
    0x00003814   0x0000008c   Code   RO         3579    i.xMBRTUReceiveFSM  mbrtu.o
    0x000038a0   0x00000040   Code   RO         3580    i.xMBRTUTimerT35Expired  mbrtu.o
    0x000038e0   0x0000006c   Code   RO         3581    i.xMBRTUTransmitFSM  mbrtu.o
    0x0000394c   0x0000000a   Code   RO         6419    x$fpl$fpinit        fpinit.o(fz_wm.l)
    0x00003956   0x00000002   PAD
    0x00003958   0x00000020   Data   RO         2819    .constdata          uart.o
    0x00003978   0x00000020   Data   RO         3034    .constdata          timer_nuc.o
    0x00003998   0x00000400   Data   RO         3667    .constdata          mbcrc.o
    0x00003d98   0x00000122   Data   RO         4883    .constdata          kservice.o
    0x00003eba   0x00000002   PAD
    0x00003ebc   0x00000020   Data   RO         6485    Region$$Table       anon$$obj.o


    Execution Region RW_IRAM1 (Base: 0x20000000, Size: 0x00004ee0, Max: 0x00010000, ABSOLUTE, COMPRESSED[0x00000088])

    Base Addr    Size         Type   Attr      Idx    E Section Name        Object

    0x20000000   0x0000000c   Data   RW            7    .data               main.o
    0x2000000c   0x0000002c   Data   RW         3093    .data               system_nuc472_442.o
    0x20000038   0x00000005   Data   RW         3139    .data               ade7878_spi.o
    0x2000003d   0x00000003   PAD
    0x20000040   0x0000002c   Data   RW         3288    .data               ad7878_measure.o
    0x2000006c   0x00000002   Data   RW         3341    .data               portevent.o
    0x2000006e   0x00000002   PAD
    0x20000070   0x0000000e   Data   RW         3451    .data               porttimer.o
    0x2000007e   0x0000001a   Data   RW         3520    .data               user_mb_app.o
    0x20000098   0x00000010   Data   RW         3583    .data               mbrtu.o
    0x200000a8   0x00000006   Data   RW         3750    .data               mbfuncother.o
    0x200000ae   0x00000002   PAD
    0x200000b0   0x000000b8   Data   RW         3849    .data               mb.o
    0x20000168   0x00000012   Data   RW         4356    .data               eeprom_low.o
    0x2000017a   0x00000002   PAD
    0x2000017c   0x00000004   Data   RW         4406    .data               clock.o
    0x20000180   0x00000004   Data   RW         4524    .data               idle.o
    0x20000184   0x00000001   Data   RW         4835    .data               irq.o
    0x20000185   0x00000003   PAD
    0x20000188   0x00000020   Data   RW         5021    .data               mem.o
    0x200001a8   0x000000a4   Data   RW         5169    .data               object.o
    0x2000024c   0x0000001c   Data   RW         5267    .data               scheduler.o
    0x20000268   0x00000010   Data   RW         5473    .data               timer.o
    0x20000278   0x00000010   Data   RW         5674    .data               cpuport.o
    0x20000288   0x00000007   Data   RW         5764    .data               doorinout.o
    0x2000028f   0x00000001   PAD
    0x20000290   0x00001b30   Zero   RW         3519    .bss                user_mb_app.o
    0x20001dc0   0x00000100   Zero   RW         3582    .bss                mbrtu.o
    0x20001ec0   0x00000020   Zero   RW         3749    .bss                mbfuncother.o
    0x20001ee0   0x00000480   Zero   RW         4523    .bss                idle.o
    0x20002360   0x00000020   Zero   RW         5020    .bss                mem.o
    0x20002380   0x00000100   Zero   RW         5266    .bss                scheduler.o
    0x20002480   0x00001800   Zero   RW         5646    .bss                startup.o
    0x20003c80   0x00000480   Zero   RW         5763    .bss                doorinout.o
    0x20004100   0x00000480   Zero   RW         6049    .bss                modbus_app.o
    0x20004580   0x00000060   Zero   RW         6349    .bss                libspace.o(c_w.l)
    0x200045e0   0x00000100   Zero   RW         3123    HEAP                startup_nuc472_442.o
    0x200046e0   0x00000800   Zero   RW         3122    STACK               startup_nuc472_442.o


==============================================================================

Image component sizes


      Code (inc. data)   RO Data    RW Data    ZI Data      Debug   Object Name

         0          0          0          0          0     300300   acmp.o
        88          6          0         44          0       2882   ad7878_measure.o
      1030         56          0          0          0       2274   ade7878.o
       284         30          0          0          0      27966   ade7878_int.o
       458         42          0          5          0       4003   ade7878_spi.o
        96         12          0          0          0       1165   application.o
        16          0          0          0          0        471   board.o
       150          0          0          0          0       1445   btfunc.o
       376         44          0          0          0       3891   clk.o
        62         12          0          4          0       1523   clock.o
       180         26          0          0          0       1409   config.o
       272         24          0          0          0        556   context_rvds.o
       112         12          0         16          0       3414   cpuport.o
        68          6          0          0          0       1055   device.o
       412         72          0          7       1152       3640   doorinout.o
       196         14          0          0          0       2450   ds12864.o
        48         10          0         18          0       1258   eeprom_low.o
        68          0          0          0          0       1372   gpio.o
        10          0          0          0          0        691   i2c.o
       248         26          0          4       1152       3470   idle.o
       570         12          0          0          0       6593   ipc.o
        84         18          0          1          0       1874   irq.o
       196          4        290          0          0       4936   kservice.o
       184         24          0         12          0     341524   main.o
       764         62          0        184          0       4563   mb.o
       100         14       1024          0          0       1808   mbcrc.o
       424          0          0          0          0       4177   mbfuncholding.o
        40         10          0          6         32       1395   mbfuncother.o
       936         56          0         16        256      10376   mbrtu.o
        34          0          0          0          0        600   mbutils.o
      1208         40          0         32         32       4548   mem.o
        76         24          0          0       1152       2124   modbus_app.o
       424         26          0        164          0       6316   object.o
         8          0          0          0          0       1717   port.o
        68         14          0          2          0       5102   portevent.o
       332         52          0          0          0      30818   portserial.o
       380         70          0         14          0      33339   porttimer.o
       540         78          0         28        256       5883   scheduler.o
       110          0          0          0          0       1925   spi.o
        78          8          0          0       6144       1596   startup.o
       104         34        632          0       2304        564   startup_nuc472_442.o
        44          6          0          0          0        432   sys.o
       116         28          0         44          0       1650   system_nuc472_442.o
       922         34          0          0          0       9918   thread.o
       874         22          0         16          0       9321   timer.o
       248         24         32          0          0       2182   timer_nuc.o
       154         10         32          0          0       2466   uart.o
         0          0          0          0          0     300288   usart.o
       208         18          0         26       6960       3931   user_mb_app.o

    ----------------------------------------------------------------------
     13444       1080       2044        656      19440    1167201   Object Totals
         0          0         32          0          0          0   (incl. Generated)
        44          0          2         13          0          3   (incl. Padding)

    ----------------------------------------------------------------------

      Code (inc. data)   RO Data    RW Data    ZI Data      Debug   Library Member Name

        90          0          0          0          0          0   __dczerorl2.o
         8          0          0          0          0         68   __main.o
        52          8          0          0          0          0   __scatter.o
        28          0          0          0          0          0   __scatter_zi.o
        12          0          0          0          0         68   exit.o
        10          0          0          0          0        116   fpinit.o
         6          0          0          0          0        148   heapauxi.o
         6          0          0          0          0          0   libinit.o
         2          0          0          0          0          0   libinit2.o
         2          0          0          0          0          0   libshutdown.o
         2          0          0          0          0          0   libshutdown2.o
         8          4          0          0         96         68   libspace.o
       140          0          0          0          0         68   rt_memcpy_v6.o
       100          0          0          0          0         80   rt_memcpy_w.o
         0          0          0          0          0          0   rtentry.o
        12          0          0          0          0          0   rtentry2.o
         6          0          0          0          0          0   rtentry4.o
         2          0          0          0          0          0   rtexit.o
        10          0          0          0          0          0   rtexit2.o
        20         10          0          0          0         68   sys_exit.o
        74          0          0          0          0         80   sys_stackheap_outer.o
         2          0          0          0          0         68   use_no_semi.o

    ----------------------------------------------------------------------
       604         22          0          0         96        832   Library Totals
        12          0          0          0          0          0   (incl. Padding)

    ----------------------------------------------------------------------

      Code (inc. data)   RO Data    RW Data    ZI Data      Debug   Library Name

       582         22          0          0         96        716   c_w.l
        10          0          0          0          0        116   fz_wm.l

    ----------------------------------------------------------------------
       604         22          0          0         96        832   Library Totals

    ----------------------------------------------------------------------

==============================================================================


      Code (inc. data)   RO Data    RW Data    ZI Data      Debug   

     14048       1102       2044        656      19536    1150732   Grand Totals
     14048       1102       2044        136      19536    1150732   ELF Image Totals (compressed)
     14048       1102       2044        136          0          0   ROM Totals

==============================================================================

    Total RO  Size (Code + RO Data)                16092 (  15.71kB)
    Total RW  Size (RW Data + ZI Data)             20192 (  19.72kB)
    Total ROM Size (Code + RO Data + RW Data)      16228 (  15.85kB)

==============================================================================

