ARM Linker, 4.1 [Build 481] [Standard]

==============================================================================

Section Cross References

    application.o(.text) refers to _printf_percent.o(.ARM.Collect$$_printf_percent$$00000000) for _printf_percent
    application.o(.text) refers to _printf_f.o(.ARM.Collect$$_printf_percent$$00000003) for _printf_f
    application.o(.text) refers to printf1.o(x$fpl$printf1) for _printf_fp_dec
    application.o(.text) refers to stm32f4xx_rcc.o(.text) for RCC_AHB1PeriphClockCmd
    application.o(.text) refers to stm32f4xx_gpio.o(.text) for GPIO_Init
    application.o(.text) refers to thread.o(.text) for rt_thread_delay
    application.o(.text) refers to f2d.o(x$fpl$f2d) for __aeabi_f2d
    application.o(.text) refers to noretval__2sprintf.o(.text) for __2sprintf
    application.o(.text) refers to kservice.o(.text) for rt_kprintf
    application.o(.text) refers to application.o(.data) for f_var1
    application.o(.text) refers to application.o(.bss) for thread_led1_stack
    startup.o(.text) refers to kservice.o(.text) for rt_kprintf
    startup.o(.text) refers to board.o(.text) for rt_hw_board_init
    startup.o(.text) refers to clock.o(.text) for rt_system_tick_init
    startup.o(.text) refers to object.o(.text) for rt_system_object_init
    startup.o(.text) refers to timer.o(.text) for rt_system_timer_init
    startup.o(.text) refers to mem.o(.text) for rt_system_heap_init
    startup.o(.text) refers to scheduler.o(.text) for rt_system_scheduler_init
    startup.o(.text) refers to device.o(.text) for rt_device_init_all
    startup.o(.text) refers to application.o(.text) for rt_application_init
    startup.o(.text) refers to shell.o(.text) for finsh_system_init
    startup.o(.text) refers to idle.o(.text) for rt_thread_idle_init
    startup.o(.text) refers to context_rvds.o(.text) for rt_hw_interrupt_disable
    board.o(.text) refers to misc.o(.text) for NVIC_SetVectorTable
    board.o(.text) refers to stm32f4xx_rcc.o(.text) for RCC_GetClocksFreq
    board.o(.text) refers to irq.o(.text) for rt_interrupt_enter
    board.o(.text) refers to clock.o(.text) for rt_tick_increase
    board.o(.text) refers to usart.o(.text) for rt_hw_usart_init
    board.o(.text) refers to kservice.o(.text) for rt_console_set_device
    serial.o(.text) refers to kservice.o(.text) for rt_memset
    serial.o(.text) refers to mempool.o(.text) for rt_mp_init
    serial.o(.text) refers to stm32f4xx_usart.o(.text) for USART_Cmd
    serial.o(.text) refers to context_rvds.o(.text) for rt_hw_interrupt_disable
    serial.o(.text) refers to stm32f4xx_dma.o(.text) for DMA_Cmd
    serial.o(.text) refers to device.o(.text) for rt_device_register
    serial.o(.text) refers to serial.o(.constdata) for __FUNCTION__
    stm32f4xx_it.o(.text) refers to irq.o(.text) for rt_interrupt_enter
    stm32f4xx_it.o(.text) refers to serial.o(.text) for rt_hw_serial_isr
    stm32f4xx_it.o(.text) refers to usart.o(.bss) for uart2_device
    usart.o(.text) refers to stm32f4xx_rcc.o(.text) for RCC_AHB1PeriphClockCmd
    usart.o(.text) refers to stm32f4xx_gpio.o(.text) for GPIO_Init
    usart.o(.text) refers to misc.o(.text) for NVIC_Init
    usart.o(.text) refers to stm32f4xx_usart.o(.text) for USART_Init
    usart.o(.text) refers to serial.o(.text) for rt_hw_serial_register
    usart.o(.text) refers to usart.o(.data) for uart2
    usart.o(.text) refers to usart.o(.bss) for uart2_device
    usart.o(.data) refers to usart.o(.bss) for uart2_int_rx
    system_stm32f4xx.o(.text) refers to system_stm32f4xx.o(.data) for SystemCoreClock
    misc.o(.text) refers to startup.o(.text) for assert_failed
    stm32f4xx_adc.o(.text) refers to stm32f4xx_rcc.o(.text) for RCC_APB2PeriphResetCmd
    stm32f4xx_adc.o(.text) refers to startup.o(.text) for assert_failed
    stm32f4xx_can.o(.text) refers to startup.o(.text) for assert_failed
    stm32f4xx_can.o(.text) refers to stm32f4xx_rcc.o(.text) for RCC_APB1PeriphResetCmd
    stm32f4xx_cryp.o(.text) refers to stm32f4xx_rcc.o(.text) for RCC_AHB2PeriphResetCmd
    stm32f4xx_cryp.o(.text) refers to startup.o(.text) for assert_failed
    stm32f4xx_cryp_aes.o(.text) refers to stm32f4xx_cryp.o(.text) for CRYP_KeyStructInit
    stm32f4xx_cryp_des.o(.text) refers to stm32f4xx_cryp.o(.text) for CRYP_KeyStructInit
    stm32f4xx_cryp_tdes.o(.text) refers to stm32f4xx_cryp.o(.text) for CRYP_KeyStructInit
    stm32f4xx_dac.o(.text) refers to stm32f4xx_rcc.o(.text) for RCC_APB1PeriphResetCmd
    stm32f4xx_dac.o(.text) refers to startup.o(.text) for assert_failed
    stm32f4xx_dbgmcu.o(.text) refers to startup.o(.text) for assert_failed
    stm32f4xx_dcmi.o(.text) refers to startup.o(.text) for assert_failed
    stm32f4xx_dma.o(.text) refers to startup.o(.text) for assert_failed
    stm32f4xx_exti.o(.text) refers to startup.o(.text) for assert_failed
    stm32f4xx_flash.o(.text) refers to startup.o(.text) for assert_failed
    stm32f4xx_fsmc.o(.text) refers to startup.o(.text) for assert_failed
[...]
    __rt_lib_shutdown                        0x0800026b   Thumb Code     0  libshutdown.o(.ARM.Collect$$libshutdown$$00000000)
    __rt_lib_shutdown_fp_trap_1              0x0800026d   Thumb Code     0  libshutdown2.o(.ARM.Collect$$libshutdown$$00000006)
    __rt_lib_shutdown_heap_1                 0x0800026d   Thumb Code     0  libshutdown2.o(.ARM.Collect$$libshutdown$$0000000E)
    __rt_lib_shutdown_return                 0x0800026d   Thumb Code     0  libshutdown2.o(.ARM.Collect$$libshutdown$$0000000F)
    __rt_lib_shutdown_signal_1               0x0800026d   Thumb Code     0  libshutdown2.o(.ARM.Collect$$libshutdown$$00000009)
    __rt_lib_shutdown_stdio_1                0x0800026d   Thumb Code     0  libshutdown2.o(.ARM.Collect$$libshutdown$$00000003)
    __rt_lib_shutdown_user_alloc_1           0x0800026d   Thumb Code     0  libshutdown2.o(.ARM.Collect$$libshutdown$$0000000B)
    __rt_entry                               0x0800026f   Thumb Code     0  rtentry.o(.ARM.Collect$$rtentry$$00000000)
    __rt_entry_presh_1                       0x0800026f   Thumb Code     0  rtentry2.o(.ARM.Collect$$rtentry$$00000002)
    __rt_entry_sh                            0x0800026f   Thumb Code     0  rtentry4.o(.ARM.Collect$$rtentry$$00000004)
    __rt_entry_li                            0x08000275   Thumb Code     0  rtentry2.o(.ARM.Collect$$rtentry$$0000000A)
    __rt_entry_postsh_1                      0x08000275   Thumb Code     0  rtentry2.o(.ARM.Collect$$rtentry$$00000009)
    __rt_entry_main                          0x08000279   Thumb Code     0  rtentry2.o(.ARM.Collect$$rtentry$$0000000D)
    __rt_entry_postli_1                      0x08000279   Thumb Code     0  rtentry2.o(.ARM.Collect$$rtentry$$0000000C)
    __rt_exit                                0x08000281   Thumb Code     0  rtexit.o(.ARM.Collect$$rtexit$$00000000)
    __rt_exit_ls                             0x08000283   Thumb Code     0  rtexit2.o(.ARM.Collect$$rtexit$$00000003)
    __rt_exit_prels_1                        0x08000283   Thumb Code     0  rtexit2.o(.ARM.Collect$$rtexit$$00000002)
    __rt_exit_exit                           0x08000287   Thumb Code     0  rtexit2.o(.ARM.Collect$$rtexit$$00000004)
    rt_init_thread_entry                     0x0800028d   Thumb Code     2  application.o(.text)
    rt_application_init                      0x08000441   Thumb Code   104  application.o(.text)
    assert_failed                            0x08000511   Thumb Code    30  startup.o(.text)
    rtthread_startup                         0x0800052f   Thumb Code    66  startup.o(.text)
    main                                     0x08000571   Thumb Code    14  startup.o(.text)
    NVIC_Configuration                       0x080005e1   Thumb Code    22  board.o(.text)
    SysTick_Configuration                    0x080005f7   Thumb Code    96  board.o(.text)
    SysTick_Handler                          0x08000657   Thumb Code    16  board.o(.text)
    rt_hw_board_init                         0x08000667   Thumb Code    22  board.o(.text)
    rt_hw_serial_register                    0x08000957   Thumb Code   126  serial.o(.text)
    rt_hw_serial_isr                         0x080009d5   Thumb Code   470  serial.o(.text)
    rt_hw_serial_dma_tx_isr                  0x08000bab   Thumb Code   164  serial.o(.text)
    NMI_Handler                              0x08000c95   Thumb Code     2  stm32f4xx_it.o(.text)
    MemManage_Handler                        0x08000c97   Thumb Code     4  stm32f4xx_it.o(.text)
    BusFault_Handler                         0x08000c9b   Thumb Code     4  stm32f4xx_it.o(.text)
    UsageFault_Handler                       0x08000c9f   Thumb Code     4  stm32f4xx_it.o(.text)
    SVC_Handler                              0x08000ca3   Thumb Code     2  stm32f4xx_it.o(.text)
    DebugMon_Handler                         0x08000ca5   Thumb Code     2  stm32f4xx_it.o(.text)
    USART1_IRQHandler                        0x08000ca7   Thumb Code     2  stm32f4xx_it.o(.text)
    USART2_IRQHandler                        0x08000ca9   Thumb Code    18  stm32f4xx_it.o(.text)
    USART3_IRQHandler                        0x08000cbb   Thumb Code     2  stm32f4xx_it.o(.text)
    rt_hw_usart_init                         0x08000d31   Thumb Code    84  usart.o(.text)
    SystemInit                               0x08000e71   Thumb Code   104  system_stm32f4xx.o(.text)
    SystemCoreClockUpdate                    0x08000ed9   Thumb Code   172  system_stm32f4xx.o(.text)
    NVIC_PriorityGroupConfig                 0x08000fc5   Thumb Code    54  misc.o(.text)
    NVIC_Init                                0x08000ffb   Thumb Code   186  misc.o(.text)
    NVIC_SetVectorTable                      0x080010b5   Thumb Code    58  misc.o(.text)
    NVIC_SystemLPConfig                      0x080010ef   Thumb Code    82  misc.o(.text)
    SysTick_CLKSourceConfig                  0x08001141   Thumb Code    62  misc.o(.text)
    DMA_DeInit                               0x080011d1   Thumb Code   446  stm32f4xx_dma.o(.text)
    DMA_Init                                 0x0800138f   Thumb Code   748  stm32f4xx_dma.o(.text)
    DMA_StructInit                           0x0800167b   Thumb Code    34  stm32f4xx_dma.o(.text)
    DMA_Cmd                                  0x0800169d   Thumb Code   186  stm32f4xx_dma.o(.text)
    DMA_PeriphIncOffsetSizeConfig            0x08001757   Thumb Code   188  stm32f4xx_dma.o(.text)
    DMA_FlowControllerConfig                 0x08001813   Thumb Code   186  stm32f4xx_dma.o(.text)
    DMA_SetCurrDataCounter                   0x080018cd   Thumb Code   148  stm32f4xx_dma.o(.text)
    DMA_GetCurrDataCounter                   0x08001961   Thumb Code   148  stm32f4xx_dma.o(.text)
    DMA_DoubleBufferModeConfig               0x080019f5   Thumb Code   206  stm32f4xx_dma.o(.text)
    DMA_DoubleBufferModeCmd                  0x08001ac3   Thumb Code   186  stm32f4xx_dma.o(.text)
    DMA_MemoryTargetConfig                   0x08001b7d   Thumb Code   178  stm32f4xx_dma.o(.text)
    DMA_GetCurrentMemoryTarget               0x08001c2f   Thumb Code   162  stm32f4xx_dma.o(.text)
    DMA_GetCmdStatus                         0x08001cd1   Thumb Code   162  stm32f4xx_dma.o(.text)
    DMA_GetFIFOStatus                        0x08001d73   Thumb Code   154  stm32f4xx_dma.o(.text)
    DMA_GetFlagStatus                        0x08001e0d   Thumb Code   468  stm32f4xx_dma.o(.text)
    DMA_ClearFlag                            0x08001fe1   Thumb Code   220  stm32f4xx_dma.o(.text)
    DMA_ITConfig                             0x080020bd   Thumb Code   244  stm32f4xx_dma.o(.text)
    DMA_GetITStatus                          0x080021b1   Thumb Code   590  stm32f4xx_dma.o(.text)
    DMA_ClearITPendingBit                    0x080023ff   Thumb Code   220  stm32f4xx_dma.o(.text)
    GPIO_DeInit                              0x0800257d   Thumb Code   284  stm32f4xx_gpio.o(.text)
    GPIO_Init                                0x08002699   Thumb Code   342  stm32f4xx_gpio.o(.text)
    GPIO_StructInit                          0x080027ef   Thumb Code    18  stm32f4xx_gpio.o(.text)
    GPIO_PinLockConfig                       0x08002801   Thumb Code   108  stm32f4xx_gpio.o(.text)
    GPIO_ReadInputDataBit                    0x0800286d   Thumb Code   182  stm32f4xx_gpio.o(.text)
    GPIO_ReadInputData                       0x08002923   Thumb Code   174  stm32f4xx_gpio.o(.text)
    GPIO_ReadOutputDataBit                   0x080029d1   Thumb Code   186  stm32f4xx_gpio.o(.text)
    GPIO_ReadOutputData                      0x08002a8b   Thumb Code    78  stm32f4xx_gpio.o(.text)
    GPIO_SetBits                             0x08002ad9   Thumb Code    98  stm32f4xx_gpio.o(.text)
    GPIO_ResetBits                           0x08002b3b   Thumb Code    98  stm32f4xx_gpio.o(.text)
    GPIO_WriteBit                            0x08002b9d   Thumb Code   200  stm32f4xx_gpio.o(.text)
    GPIO_Write                               0x08002c65   Thumb Code    78  stm32f4xx_gpio.o(.text)
    GPIO_ToggleBits                          0x08002cb3   Thumb Code    82  stm32f4xx_gpio.o(.text)
    GPIO_PinAFConfig                         0x08002d05   Thumb Code   384  stm32f4xx_gpio.o(.text)
    RCC_DeInit                               0x08002e85   Thumb Code    68  stm32f4xx_rcc.o(.text)
    RCC_HSEConfig                            0x08002ec9   Thumb Code    38  stm32f4xx_rcc.o(.text)
    RCC_GetFlagStatus                        0x08002eef   Thumb Code   126  stm32f4xx_rcc.o(.text)
    RCC_WaitForHSEStartUp                    0x08002f6d   Thumb Code    48  stm32f4xx_rcc.o(.text)
    RCC_AdjustHSICalibrationValue            0x08002f9d   Thumb Code    42  stm32f4xx_rcc.o(.text)
    RCC_HSICmd                               0x08002fc7   Thumb Code    28  stm32f4xx_rcc.o(.text)
    RCC_LSEConfig                            0x08002fe3   Thumb Code    70  stm32f4xx_rcc.o(.text)
    RCC_LSICmd                               0x08003029   Thumb Code    28  stm32f4xx_rcc.o(.text)
    RCC_PLLConfig                            0x08003045   Thumb Code   150  stm32f4xx_rcc.o(.text)
    RCC_PLLCmd                               0x080030db   Thumb Code    28  stm32f4xx_rcc.o(.text)
    RCC_PLLI2SConfig                         0x080030f7   Thumb Code    60  stm32f4xx_rcc.o(.text)
    RCC_PLLI2SCmd                            0x08003133   Thumb Code    28  stm32f4xx_rcc.o(.text)
    RCC_ClockSecuritySystemCmd               0x0800314f   Thumb Code    28  stm32f4xx_rcc.o(.text)
    RCC_MCO1Config                           0x0800316b   Thumb Code   102  stm32f4xx_rcc.o(.text)
    RCC_MCO2Config                           0x080031d1   Thumb Code   102  stm32f4xx_rcc.o(.text)
    RCC_SYSCLKConfig                         0x08003237   Thumb Code   162  stm32f4xx_rcc.o(.text)
    RCC_GetSYSCLKSource                      0x080032d9   Thumb Code    10  stm32f4xx_rcc.o(.text)
    RCC_HCLKConfig                           0x080032e3   Thumb Code    74  stm32f4xx_rcc.o(.text)
    RCC_PCLK1Config                          0x0800332d   Thumb Code    66  stm32f4xx_rcc.o(.text)
    RCC_PCLK2Config                          0x0800336f   Thumb Code    66  stm32f4xx_rcc.o(.text)
    RCC_GetClocksFreq                        0x080033b1   Thumb Code   216  stm32f4xx_rcc.o(.text)
    RCC_RTCCLKConfig                         0x08003489   Thumb Code   266  stm32f4xx_rcc.o(.text)
    RCC_RTCCLKCmd                            0x08003593   Thumb Code    30  stm32f4xx_rcc.o(.text)
    RCC_BackupResetCmd                       0x080035b1   Thumb Code    30  stm32f4xx_rcc.o(.text)
    RCC_I2SCLKConfig                         0x080035cf   Thumb Code    30  stm32f4xx_rcc.o(.text)
    RCC_AHB1PeriphClockCmd                   0x080035ed   Thumb Code    82  stm32f4xx_rcc.o(.text)
    RCC_AHB2PeriphClockCmd                   0x0800363f   Thumb Code    82  stm32f4xx_rcc.o(.text)
    RCC_AHB3PeriphClockCmd                   0x08003691   Thumb Code   264  stm32f4xx_rcc.o(.text)
    RCC_APB1PeriphClockCmd                   0x08003799   Thumb Code    82  stm32f4xx_rcc.o(.text)
    RCC_APB2PeriphClockCmd                   0x080037eb   Thumb Code    82  stm32f4xx_rcc.o(.text)
    RCC_AHB1PeriphResetCmd                   0x0800383d   Thumb Code    82  stm32f4xx_rcc.o(.text)
    RCC_AHB2PeriphResetCmd                   0x0800388f   Thumb Code    82  stm32f4xx_rcc.o(.text)
    RCC_AHB3PeriphResetCmd                   0x080038e1   Thumb Code    82  stm32f4xx_rcc.o(.text)
    RCC_APB1PeriphResetCmd                   0x08003933   Thumb Code    82  stm32f4xx_rcc.o(.text)
    RCC_APB2PeriphResetCmd                   0x08003985   Thumb Code    82  stm32f4xx_rcc.o(.text)
    RCC_AHB1PeriphClockLPModeCmd             0x080039d7   Thumb Code    82  stm32f4xx_rcc.o(.text)
    RCC_AHB2PeriphClockLPModeCmd             0x08003a29   Thumb Code    82  stm32f4xx_rcc.o(.text)
    RCC_AHB3PeriphClockLPModeCmd             0x08003a7b   Thumb Code    82  stm32f4xx_rcc.o(.text)
    RCC_APB1PeriphClockLPModeCmd             0x08003acd   Thumb Code    82  stm32f4xx_rcc.o(.text)
    RCC_APB2PeriphClockLPModeCmd             0x08003b1f   Thumb Code   158  stm32f4xx_rcc.o(.text)
    RCC_ITConfig                             0x08003bbd   Thumb Code    88  stm32f4xx_rcc.o(.text)
    RCC_ClearFlag                            0x08003c15   Thumb Code    16  stm32f4xx_rcc.o(.text)
    RCC_GetITStatus                          0x08003c25   Thumb Code    66  stm32f4xx_rcc.o(.text)
    RCC_ClearITPendingBit                    0x08003c67   Thumb Code    32  stm32f4xx_rcc.o(.text)
    USART_DeInit                             0x08003c9d   Thumb Code   202  stm32f4xx_usart.o(.text)
    USART_Init                               0x08003d67   Thumb Code   456  stm32f4xx_usart.o(.text)
    USART_StructInit                         0x08003f2f   Thumb Code    24  stm32f4xx_usart.o(.text)
    USART_ClockInit                          0x08003f47   Thumb Code   166  stm32f4xx_usart.o(.text)
    USART_ClockStructInit                    0x08003fed   Thumb Code    12  stm32f4xx_usart.o(.text)
    USART_Cmd                                0x08003ff9   Thumb Code    96  stm32f4xx_usart.o(.text)
    USART_SetPrescaler                       0x08004059   Thumb Code   160  stm32f4xx_usart.o(.text)
    USART_OverSampling8Cmd                   0x080040f9   Thumb Code    98  stm32f4xx_usart.o(.text)
    USART_OneBitMethodCmd                    0x0800415b   Thumb Code   100  stm32f4xx_usart.o(.text)
    USART_SendData                           0x080041bf   Thumb Code    84  stm32f4xx_usart.o(.text)
    USART_ReceiveData                        0x08004213   Thumb Code    62  stm32f4xx_usart.o(.text)
    USART_SetAddress                         0x08004251   Thumb Code    92  stm32f4xx_usart.o(.text)
    USART_ReceiverWakeUpCmd                  0x080042ad   Thumb Code   100  stm32f4xx_usart.o(.text)
    USART_WakeUpConfig                       0x08004311   Thumb Code    96  stm32f4xx_usart.o(.text)
    USART_LINBreakDetectLengthConfig         0x08004371   Thumb Code    94  stm32f4xx_usart.o(.text)
    USART_LINCmd                             0x080043cf   Thumb Code   100  stm32f4xx_usart.o(.text)
    USART_SendBreak                          0x08004433   Thumb Code    64  stm32f4xx_usart.o(.text)
    USART_HalfDuplexCmd                      0x08004473   Thumb Code   100  stm32f4xx_usart.o(.text)
    USART_SetGuardTime                       0x080044d7   Thumb Code    86  stm32f4xx_usart.o(.text)
    USART_SmartCardCmd                       0x0800452d   Thumb Code    88  stm32f4xx_usart.o(.text)
    USART_SmartCardNACKCmd                   0x08004585   Thumb Code    88  stm32f4xx_usart.o(.text)
    USART_IrDAConfig                         0x080045dd   Thumb Code    94  stm32f4xx_usart.o(.text)
    USART_IrDACmd                            0x0800463b   Thumb Code   100  stm32f4xx_usart.o(.text)
    USART_DMACmd                             0x0800469f   Thumb Code   124  stm32f4xx_usart.o(.text)
    USART_ITConfig                           0x0800471b   Thumb Code   266  stm32f4xx_usart.o(.text)
    USART_GetFlagStatus                      0x08004825   Thumb Code   176  stm32f4xx_usart.o(.text)
    USART_ClearFlag                          0x080048d5   Thumb Code   158  stm32f4xx_usart.o(.text)
    USART_GetITStatus                        0x08004973   Thumb Code   282  stm32f4xx_usart.o(.text)
    USART_ClearITPendingBit                  0x08004a8d   Thumb Code   168  stm32f4xx_usart.o(.text)
    Reset_Handler                            0x08004b4d   Thumb Code     8  startup_stm32f4xx.o(.text)
    ADC_IRQHandler                           0x08004b67   Thumb Code     0  startup_stm32f4xx.o(.text)
    CAN1_RX0_IRQHandler                      0x08004b67   Thumb Code     0  startup_stm32f4xx.o(.text)
    CAN1_RX1_IRQHandler                      0x08004b67   Thumb Code     0  startup_stm32f4xx.o(.text)
    CAN1_SCE_IRQHandler                      0x08004b67   Thumb Code     0  startup_stm32f4xx.o(.text)
    CAN1_TX_IRQHandler                       0x08004b67   Thumb Code     0  startup_stm32f4xx.o(.text)
    CAN2_RX0_IRQHandler                      0x08004b67   Thumb Code     0  startup_stm32f4xx.o(.text)
    CAN2_RX1_IRQHandler                      0x08004b67   Thumb Code     0  startup_stm32f4xx.o(.text)
    CAN2_SCE_IRQHandler                      0x08004b67   Thumb Code     0  startup_stm32f4xx.o(.text)
    CAN2_TX_IRQHandler                       0x08004b67   Thumb Code     0  startup_stm32f4xx.o(.text)
    CRYP_IRQHandler                          0x08004b67   Thumb Code     0  startup_stm32f4xx.o(.text)
    DCMI_IRQHandler                          0x08004b67   Thumb Code     0  startup_stm32f4xx.o(.text)
    DMA1_Stream0_IRQHandler                  0x08004b67   Thumb Code     0  startup_stm32f4xx.o(.text)
    DMA1_Stream1_IRQHandler                  0x08004b67   Thumb Code     0  startup_stm32f4xx.o(.text)
    DMA1_Stream2_IRQHandler                  0x08004b67   Thumb Code     0  startup_stm32f4xx.o(.text)
    DMA1_Stream3_IRQHandler                  0x08004b67   Thumb Code     0  startup_stm32f4xx.o(.text)
    DMA1_Stream4_IRQHandler                  0x08004b67   Thumb Code     0  startup_stm32f4xx.o(.text)
    DMA1_Stream5_IRQHandler                  0x08004b67   Thumb Code     0  startup_stm32f4xx.o(.text)
    DMA1_Stream6_IRQHandler                  0x08004b67   Thumb Code     0  startup_stm32f4xx.o(.text)
    DMA1_Stream7_IRQHandler                  0x08004b67   Thumb Code     0  startup_stm32f4xx.o(.text)
    DMA2_Stream0_IRQHandler                  0x08004b67   Thumb Code     0  startup_stm32f4xx.o(.text)
    DMA2_Stream1_IRQHandler                  0x08004b67   Thumb Code     0  startup_stm32f4xx.o(.text)
    DMA2_Stream2_IRQHandler                  0x08004b67   Thumb Code     0  startup_stm32f4xx.o(.text)
    DMA2_Stream3_IRQHandler                  0x08004b67   Thumb Code     0  startup_stm32f4xx.o(.text)
    DMA2_Stream4_IRQHandler                  0x08004b67   Thumb Code     0  startup_stm32f4xx.o(.text)
    DMA2_Stream5_IRQHandler                  0x08004b67   Thumb Code     0  startup_stm32f4xx.o(.text)
    DMA2_Stream6_IRQHandler                  0x08004b67   Thumb Code     0  startup_stm32f4xx.o(.text)
    DMA2_Stream7_IRQHandler                  0x08004b67   Thumb Code     0  startup_stm32f4xx.o(.text)
    ETH_IRQHandler                           0x08004b67   Thumb Code     0  startup_stm32f4xx.o(.text)
    ETH_WKUP_IRQHandler                      0x08004b67   Thumb Code     0  startup_stm32f4xx.o(.text)
    EXTI0_IRQHandler                         0x08004b67   Thumb Code     0  startup_stm32f4xx.o(.text)
    EXTI15_10_IRQHandler                     0x08004b67   Thumb Code     0  startup_stm32f4xx.o(.text)
    EXTI1_IRQHandler                         0x08004b67   Thumb Code     0  startup_stm32f4xx.o(.text)
    EXTI2_IRQHandler                         0x08004b67   Thumb Code     0  startup_stm32f4xx.o(.text)
    EXTI3_IRQHandler                         0x08004b67   Thumb Code     0  startup_stm32f4xx.o(.text)
    EXTI4_IRQHandler                         0x08004b67   Thumb Code     0  startup_stm32f4xx.o(.text)
    EXTI9_5_IRQHandler                       0x08004b67   Thumb Code     0  startup_stm32f4xx.o(.text)
    FLASH_IRQHandler                         0x08004b67   Thumb Code     0  startup_stm32f4xx.o(.text)
    FPU_IRQHandler                           0x08004b67   Thumb Code     0  startup_stm32f4xx.o(.text)
    FSMC_IRQHandler                          0x08004b67   Thumb Code     0  startup_stm32f4xx.o(.text)
    HASH_RNG_IRQHandler                      0x08004b67   Thumb Code     0  startup_stm32f4xx.o(.text)
    I2C1_ER_IRQHandler                       0x08004b67   Thumb Code     0  startup_stm32f4xx.o(.text)
    I2C1_EV_IRQHandler                       0x08004b67   Thumb Code     0  startup_stm32f4xx.o(.text)
    I2C2_ER_IRQHandler                       0x08004b67   Thumb Code     0  startup_stm32f4xx.o(.text)
    I2C2_EV_IRQHandler                       0x08004b67   Thumb Code     0  startup_stm32f4xx.o(.text)
    I2C3_ER_IRQHandler                       0x08004b67   Thumb Code     0  startup_stm32f4xx.o(.text)
    I2C3_EV_IRQHandler                       0x08004b67   Thumb Code     0  startup_stm32f4xx.o(.text)
    OTG_FS_IRQHandler                        0x08004b67   Thumb Code     0  startup_stm32f4xx.o(.text)
    OTG_FS_WKUP_IRQHandler                   0x08004b67   Thumb Code     0  startup_stm32f4xx.o(.text)
    OTG_HS_EP1_IN_IRQHandler                 0x08004b67   Thumb Code     0  startup_stm32f4xx.o(.text)
    OTG_HS_EP1_OUT_IRQHandler                0x08004b67   Thumb Code     0  startup_stm32f4xx.o(.text)
    OTG_HS_IRQHandler                        0x08004b67   Thumb Code     0  startup_stm32f4xx.o(.text)
    OTG_HS_WKUP_IRQHandler                   0x08004b67   Thumb Code     0  startup_stm32f4xx.o(.text)
    PVD_IRQHandler                           0x08004b67   Thumb Code     0  startup_stm32f4xx.o(.text)
    RCC_IRQHandler                           0x08004b67   Thumb Code     0  startup_stm32f4xx.o(.text)
    RTC_Alarm_IRQHandler                     0x08004b67   Thumb Code     0  startup_stm32f4xx.o(.text)
    RTC_WKUP_IRQHandler                      0x08004b67   Thumb Code     0  startup_stm32f4xx.o(.text)
    SDIO_IRQHandler                          0x08004b67   Thumb Code     0  startup_stm32f4xx.o(.text)
    SPI1_IRQHandler                          0x08004b67   Thumb Code     0  startup_stm32f4xx.o(.text)
    SPI2_IRQHandler                          0x08004b67   Thumb Code     0  startup_stm32f4xx.o(.text)
    SPI3_IRQHandler                          0x08004b67   Thumb Code     0  startup_stm32f4xx.o(.text)
    TAMP_STAMP_IRQHandler                    0x08004b67   Thumb Code     0  startup_stm32f4xx.o(.text)
    TIM1_BRK_TIM9_IRQHandler                 0x08004b67   Thumb Code     0  startup_stm32f4xx.o(.text)
    TIM1_CC_IRQHandler                       0x08004b67   Thumb Code     0  startup_stm32f4xx.o(.text)
    TIM1_TRG_COM_TIM11_IRQHandler            0x08004b67   Thumb Code     0  startup_stm32f4xx.o(.text)
    TIM1_UP_TIM10_IRQHandler                 0x08004b67   Thumb Code     0  startup_stm32f4xx.o(.text)
    TIM2_IRQHandler                          0x08004b67   Thumb Code     0  startup_stm32f4xx.o(.text)
    TIM3_IRQHandler                          0x08004b67   Thumb Code     0  startup_stm32f4xx.o(.text)
    TIM4_IRQHandler                          0x08004b67   Thumb Code     0  startup_stm32f4xx.o(.text)
    TIM5_IRQHandler                          0x08004b67   Thumb Code     0  startup_stm32f4xx.o(.text)
    TIM6_DAC_IRQHandler                      0x08004b67   Thumb Code     0  startup_stm32f4xx.o(.text)
    TIM7_IRQHandler                          0x08004b67   Thumb Code     0  startup_stm32f4xx.o(.text)
    TIM8_BRK_TIM12_IRQHandler                0x08004b67   Thumb Code     0  startup_stm32f4xx.o(.text)
    TIM8_CC_IRQHandler                       0x08004b67   Thumb Code     0  startup_stm32f4xx.o(.text)
    TIM8_TRG_COM_TIM14_IRQHandler            0x08004b67   Thumb Code     0  startup_stm32f4xx.o(.text)
    TIM8_UP_TIM13_IRQHandler                 0x08004b67   Thumb Code     0  startup_stm32f4xx.o(.text)
    UART4_IRQHandler                         0x08004b67   Thumb Code     0  startup_stm32f4xx.o(.text)
    UART5_IRQHandler                         0x08004b67   Thumb Code     0  startup_stm32f4xx.o(.text)
    USART6_IRQHandler                        0x08004b67   Thumb Code     0  startup_stm32f4xx.o(.text)
    WWDG_IRQHandler                          0x08004b67   Thumb Code     0  startup_stm32f4xx.o(.text)
    __user_initial_stackheap                 0x08004b69   Thumb Code     0  startup_stm32f4xx.o(.text)
    rt_system_tick_init                      0x08004b8d   Thumb Code     2  clock.o(.text)
    rt_tick_get                              0x08004b8f   Thumb Code     6  clock.o(.text)
    rt_tick_set                              0x08004b95   Thumb Code    22  clock.o(.text)
    rt_tick_increase                         0x08004bab   Thumb Code    42  clock.o(.text)
    rt_tick_from_millisecond                 0x08004bd5   Thumb Code    22  clock.o(.text)
    rt_device_find                           0x08004bf1   Thumb Code    76  device.o(.text)
    rt_device_register                       0x08004c3d   Thumb Code    50  device.o(.text)
    rt_device_unregister                     0x08004c6f   Thumb Code    38  device.o(.text)
    rt_device_init_all                       0x08004c95   Thumb Code    74  device.o(.text)
    rt_device_init                           0x08004cdf   Thumb Code    76  device.o(.text)
    rt_device_open                           0x08004d2b   Thumb Code   164  device.o(.text)
    rt_device_close                          0x08004dcf   Thumb Code    82  device.o(.text)
    rt_device_read                           0x08004e21   Thumb Code    86  device.o(.text)
    rt_device_write                          0x08004e77   Thumb Code    86  device.o(.text)
    rt_device_control                        0x08004ecd   Thumb Code    58  device.o(.text)
    rt_device_set_rx_indicate                0x08004f07   Thumb Code    38  device.o(.text)
    rt_device_set_tx_complete                0x08004f2d   Thumb Code    38  device.o(.text)
    rt_thread_idle_sethook                   0x08004ff9   Thumb Code     6  idle.o(.text)
    rt_thread_idle_excute                    0x08004fff   Thumb Code   174  idle.o(.text)
    rt_thread_idle_init                      0x080050c1   Thumb Code    34  idle.o(.text)
    rt_sem_init                              0x08005209   Thumb Code    66  ipc.o(.text)
    rt_sem_detach                            0x0800524b   Thumb Code    46  ipc.o(.text)
    rt_sem_create                            0x08005279   Thumb Code   100  ipc.o(.text)
    rt_sem_delete                            0x080052dd   Thumb Code   102  ipc.o(.text)
    rt_sem_take                              0x08005343   Thumb Code   302  ipc.o(.text)
    rt_sem_trytake                           0x08005471   Thumb Code    14  ipc.o(.text)
    rt_sem_release                           0x0800547f   Thumb Code    80  ipc.o(.text)
    rt_sem_control                           0x080054cf   Thumb Code    80  ipc.o(.text)
    rt_mutex_init                            0x0800551f   Thumb Code    74  ipc.o(.text)
    rt_mutex_detach                          0x08005569   Thumb Code    48  ipc.o(.text)
    rt_mutex_create                          0x08005599   Thumb Code   320  ipc.o(.text)
    rt_mutex_delete                          0x080056d9   Thumb Code   112  ipc.o(.text)
    rt_mutex_take                            0x08005749   Thumb Code   384  ipc.o(.text)
    rt_mutex_release                         0x080058c9   Thumb Code   300  ipc.o(.text)
    rt_mutex_control                         0x080059f5   Thumb Code     8  ipc.o(.text)
    rt_event_init                            0x080059fd   Thumb Code    64  ipc.o(.text)
    rt_event_detach                          0x08005a3d   Thumb Code    50  ipc.o(.text)
    rt_event_create                          0x08005a6f   Thumb Code   158  ipc.o(.text)
    rt_event_delete                          0x08005b0d   Thumb Code   112  ipc.o(.text)
    rt_event_send                            0x08005b7d   Thumb Code   230  ipc.o(.text)
    rt_event_recv                            0x08005c63   Thumb Code   440  ipc.o(.text)
    rt_event_control                         0x08005e1b   Thumb Code    84  ipc.o(.text)
    rt_mb_init                               0x08005e6f   Thumb Code    94  ipc.o(.text)
    rt_mb_detach                             0x08005ecd   Thumb Code   112  ipc.o(.text)
    rt_mb_create                             0x08005f3d   Thumb Code   146  ipc.o(.text)
    rt_mb_delete                             0x08005fcf   Thumb Code   126  ipc.o(.text)
    rt_mb_send_wait                          0x0800604d   Thumb Code   434  ipc.o(.text)
    rt_mb_send                               0x080061ff   Thumb Code    18  ipc.o(.text)
    rt_mb_recv                               0x08006211   Thumb Code   494  ipc.o(.text)
    rt_mb_control                            0x080063ff   Thumb Code    96  ipc.o(.text)
    rt_mq_init                               0x0800645f   Thumb Code   138  ipc.o(.text)
    rt_mq_detach                             0x080064e9   Thumb Code    50  ipc.o(.text)
    rt_mq_delete                             0x0800651b   Thumb Code   116  ipc.o(.text)
    rt_mq_create                             0x0800658f   Thumb Code   192  ipc.o(.text)
    rt_mq_send                               0x0800664f   Thumb Code   248  ipc.o(.text)
    rt_mq_urgent                             0x08006747   Thumb Code   330  ipc.o(.text)
    rt_mq_recv                               0x08006891   Thumb Code   520  ipc.o(.text)
    rt_mq_control                            0x08006a99   Thumb Code   110  ipc.o(.text)
    rt_interrupt_enter                       0x08006b5d   Thumb Code    30  irq.o(.text)
    rt_interrupt_leave                       0x08006b7b   Thumb Code    30  irq.o(.text)
    rt_interrupt_get_nest                    0x08006b99   Thumb Code     6  irq.o(.text)
    rt_get_errno                             0x08006ba5   Thumb Code    32  kservice.o(.text)
    rt_set_errno                             0x08006bc5   Thumb Code    36  kservice.o(.text)
    _rt_errno                                0x08006be9   Thumb Code    30  kservice.o(.text)
    rt_memset                                0x08006c07   Thumb Code    72  kservice.o(.text)
    rt_memcpy                                0x08006c4f   Thumb Code   120  kservice.o(.text)
    rt_memmove                               0x08006cc7   Thumb Code    66  kservice.o(.text)
    rt_memcmp                                0x08006d09   Thumb Code    42  kservice.o(.text)
    rt_strlen                                0x08006d33   Thumb Code    18  kservice.o(.text)
    rt_strstr                                0x08006d45   Thumb Code    58  kservice.o(.text)
    rt_strcasecmp                            0x08006d7f   Thumb Code    48  kservice.o(.text)
    rt_strncpy                               0x08006daf   Thumb Code    52  kservice.o(.text)
    rt_strncmp                               0x08006de3   Thumb Code    40  kservice.o(.text)
    rt_strcmp                                0x08006e0b   Thumb Code    28  kservice.o(.text)
    rt_strdup                                0x08006e27   Thumb Code    40  kservice.o(.text)
    rt_hw_console_output                     0x08006e4f   Thumb Code     2  kservice.o(.text)
    rt_vsnprintf                             0x08006fdb   Thumb Code   796  kservice.o(.text)
    rt_kprintf                               0x080072f7   Thumb Code    92  kservice.o(.text)
    rt_show_version                          0x08007353   Thumb Code    38  kservice.o(.text)
    rt_snprintf                              0x08007379   Thumb Code    34  kservice.o(.text)
    rt_vsprintf                              0x0800739b   Thumb Code    22  kservice.o(.text)
    rt_sprintf                               0x080073b1   Thumb Code    30  kservice.o(.text)
    rt_console_get_device                    0x080073cf   Thumb Code     6  kservice.o(.text)
    rt_console_set_device                    0x080073d5   Thumb Code    48  kservice.o(.text)
    rt_malloc_align                          0x08007405   Thumb Code    66  kservice.o(.text)
    rt_free_align                            0x08007447   Thumb Code    16  kservice.o(.text)
    __rt_ffs                                 0x08007457   Thumb Code    72  kservice.o(.text)
    rt_malloc_sethook                        0x0800753d   Thumb Code     6  mem.o(.text)
    rt_free_sethook                          0x08007543   Thumb Code     6  mem.o(.text)
    rt_system_heap_init                      0x08007611   Thumb Code   216  mem.o(.text)
    rt_malloc                                0x080076e9   Thumb Code   968  mem.o(.text)
    rt_free                                  0x08007ab1   Thumb Code   322  mem.o(.text)
    rt_realloc                               0x08007bf3   Thumb Code   330  mem.o(.text)
    rt_calloc                                0x08007d3d   Thumb Code    98  mem.o(.text)
    rt_memory_info                           0x08007d9f   Thumb Code    26  mem.o(.text)
    list_mem                                 0x08007db9   Thumb Code    34  mem.o(.text)
    rt_mp_alloc_sethook                      0x08007ead   Thumb Code     6  mempool.o(.text)
    rt_mp_free_sethook                       0x08007eb3   Thumb Code     6  mempool.o(.text)
    rt_mp_init                               0x08007eb9   Thumb Code   144  mempool.o(.text)
    rt_mp_detach                             0x08007f49   Thumb Code    92  mempool.o(.text)
    rt_mp_create                             0x08007fa5   Thumb Code   190  mempool.o(.text)
    rt_mp_delete                             0x08008063   Thumb Code   154  mempool.o(.text)
    rt_mp_alloc                              0x080080fd   Thumb Code   240  mempool.o(.text)
    rt_mp_free                               0x080081ed   Thumb Code    98  mempool.o(.text)
    rt_object_attach_sethook                 0x080082f9   Thumb Code     6  object.o(.text)
    rt_object_detach_sethook                 0x080082ff   Thumb Code     6  object.o(.text)
    rt_object_trytake_sethook                0x08008305   Thumb Code     6  object.o(.text)
    rt_object_take_sethook                   0x0800830b   Thumb Code     6  object.o(.text)
    rt_object_put_sethook                    0x08008311   Thumb Code     6  object.o(.text)
    rt_system_object_init                    0x08008317   Thumb Code     2  object.o(.text)
    rt_object_get_information                0x08008319   Thumb Code    10  object.o(.text)
    rt_object_init                           0x08008323   Thumb Code    76  object.o(.text)
    rt_object_detach                         0x0800836f   Thumb Code    68  object.o(.text)
    rt_object_allocate                       0x080083b3   Thumb Code   148  object.o(.text)
    rt_object_delete                         0x08008447   Thumb Code   108  object.o(.text)
    rt_object_is_systemobject                0x080084b3   Thumb Code    46  object.o(.text)
    rt_object_find                           0x080084e1   Thumb Code   110  object.o(.text)
    rt_scheduler_sethook                     0x08008609   Thumb Code     6  scheduler.o(.text)
    rt_system_scheduler_init                 0x0800866d   Thumb Code    56  scheduler.o(.text)
    rt_system_scheduler_start                0x080086a5   Thumb Code    36  scheduler.o(.text)
    rt_schedule                              0x080086c9   Thumb Code   132  scheduler.o(.text)
    rt_schedule_insert_thread                0x0800874d   Thumb Code    94  scheduler.o(.text)
    rt_schedule_remove_thread                0x080087ab   Thumb Code   106  scheduler.o(.text)
    rt_enter_critical                        0x08008815   Thumb Code    28  scheduler.o(.text)
    rt_exit_critical                         0x08008831   Thumb Code    54  scheduler.o(.text)
    rt_critical_level                        0x08008867   Thumb Code     8  scheduler.o(.text)
    rt_thread_timeout                        0x08008995   Thumb Code    90  thread.o(.text)
    rt_thread_init                           0x08008a9f   Thumb Code   104  thread.o(.text)
    rt_thread_self                           0x08008b07   Thumb Code     6  thread.o(.text)
    rt_thread_resume                         0x08008b0d   Thumb Code    90  thread.o(.text)
    rt_thread_startup                        0x08008b67   Thumb Code   112  thread.o(.text)
    rt_thread_detach                         0x08008bd7   Thumb Code    84  thread.o(.text)
    rt_thread_create                         0x08008c2b   Thumb Code    84  thread.o(.text)
    rt_thread_delete                         0x08008c7f   Thumb Code    76  thread.o(.text)
    rt_thread_yield                          0x08008ccb   Thumb Code    88  thread.o(.text)
    rt_thread_suspend                        0x08008d23   Thumb Code   312  thread.o(.text)
    rt_thread_sleep                          0x08008e5b   Thumb Code    90  thread.o(.text)
    rt_thread_delay                          0x08008eb5   Thumb Code    12  thread.o(.text)
    rt_thread_control                        0x08008ec1   Thumb Code   144  thread.o(.text)
    rt_thread_find                           0x08008f51   Thumb Code    76  thread.o(.text)
    rt_timer_timeout_sethook                 0x08008fbb   Thumb Code     6  timer.o(.text)
    rt_timer_dump                            0x08009071   Thumb Code    46  timer.o(.text)
    rt_timer_init                            0x0800909f   Thumb Code    74  timer.o(.text)
    rt_timer_detach                          0x080090e9   Thumb Code    56  timer.o(.text)
    rt_timer_create                          0x08009121   Thumb Code    54  timer.o(.text)
    rt_timer_delete                          0x08009157   Thumb Code    58  timer.o(.text)
    rt_timer_start                           0x08009191   Thumb Code   312  timer.o(.text)
    rt_timer_stop                            0x080092c9   Thumb Code    92  timer.o(.text)
    rt_timer_control                         0x08009325   Thumb Code    92  timer.o(.text)
    rt_timer_check                           0x08009381   Thumb Code   296  timer.o(.text)
    rt_timer_next_timeout_tick               0x080094a9   Thumb Code    10  timer.o(.text)
    rt_system_timer_init                     0x080094b3   Thumb Code    24  timer.o(.text)
    rt_system_timer_thread_init              0x080094cb   Thumb Code     2  timer.o(.text)
    rt_hw_stack_init                         0x080094e9   Thumb Code    64  cpuport.o(.text)
    rt_hw_exception_install                  0x08009529   Thumb Code     6  cpuport.o(.text)
    rt_hw_hard_fault_exception               0x0800952f   Thumb Code   112  cpuport.o(.text)
    rt_hw_cpu_shutdown                       0x0800959f   Thumb Code    30  cpuport.o(.text)
    rt_hw_interrupt_disable                  0x08009699   Thumb Code     8  context_rvds.o(.text)
    rt_hw_interrupt_enable                   0x080096a1   Thumb Code     6  context_rvds.o(.text)
    rt_hw_context_switch                     0x080096a7   Thumb Code    32  context_rvds.o(.text)
    rt_hw_context_switch_interrupt           0x080096a7   Thumb Code     0  context_rvds.o(.text)
    PendSV_Handler                           0x080096c7   Thumb Code   108  context_rvds.o(.text)
    rt_hw_context_switch_to                  0x08009733   Thumb Code    70  context_rvds.o(.text)
    rt_hw_interrupt_thread_switch            0x08009779   Thumb Code     4  context_rvds.o(.text)
    HardFault_Handler                        0x0800977d   Thumb Code    20  context_rvds.o(.text)
    hello                                    0x080097bd   Thumb Code    12  cmd.o(.text)
    version                                  0x080097c9   Thumb Code    10  cmd.o(.text)
    list_thread                              0x08009881   Thumb Code    10  cmd.o(.text)
    list_sem                                 0x0800991f   Thumb Code    12  cmd.o(.text)
    list_event                               0x0800998b   Thumb Code    12  cmd.o(.text)
    list_mutex                               0x080099d9   Thumb Code    12  cmd.o(.text)
    list_mailbox                             0x08009a5d   Thumb Code    12  cmd.o(.text)
    list_msgqueue                            0x08009ad5   Thumb Code    12  cmd.o(.text)
    list_mempool                             0x08009b43   Thumb Code    12  cmd.o(.text)
    list_timer                               0x08009f81   Thumb Code    10  cmd.o(.text)
    list_device                              0x08009fd9   Thumb Code    12  cmd.o(.text)
    list                                     0x08009fe5   Thumb Code   126  cmd.o(.text)
    list_prefix                              0x0800a0a5   Thumb Code   434  cmd.o(.text)
    finsh_compiler_run                       0x0800bb19   Thumb Code   106  finsh_compiler.o(.text)
    finsh_error_init                         0x0800bb85   Thumb Code     8  finsh_error.o(.text)
    finsh_error_set                          0x0800bb8d   Thumb Code    10  finsh_error.o(.text)
    finsh_errno                              0x0800bb97   Thumb Code     6  finsh_error.o(.text)
    finsh_error_string                       0x0800bb9d   Thumb Code    10  finsh_error.o(.text)
    finsh_heap_init                          0x0800bbb1   Thumb Code    36  finsh_heap.o(.text)
    finsh_heap_free                          0x0800bcd5   Thumb Code    34  finsh_heap.o(.text)
    finsh_heap_allocate                      0x0800bd45   Thumb Code   106  finsh_heap.o(.text)
    finsh_init                               0x0800bdc1   Thumb Code    30  finsh_init.o(.text)
    finsh_stack_bottom                       0x0800bddf   Thumb Code     6  finsh_init.o(.text)
    finsh_flush                              0x0800bde5   Thumb Code    22  finsh_init.o(.text)
    finsh_reset                              0x0800bdfb   Thumb Code    24  finsh_init.o(.text)
    finsh_node_init                          0x0800be19   Thumb Code    16  finsh_node.o(.text)
    finsh_node_allocate                      0x0800be29   Thumb Code    56  finsh_node.o(.text)
    finsh_node_new_id                        0x0800be61   Thumb Code   118  finsh_node.o(.text)
    finsh_node_new_char                      0x0800bed7   Thumb Code    30  finsh_node.o(.text)
    finsh_node_new_int                       0x0800bef5   Thumb Code    30  finsh_node.o(.text)
    finsh_node_new_long                      0x0800bf13   Thumb Code    30  finsh_node.o(.text)
    finsh_node_new_string                    0x0800bf31   Thumb Code    74  finsh_node.o(.text)
    finsh_node_new_ptr                       0x0800bf7b   Thumb Code    30  finsh_node.o(.text)
    OP_no_op                                 0x0800bf9d   Thumb Code     2  finsh_ops.o(.text)
    OP_add_byte                              0x0800bf9f   Thumb Code    42  finsh_ops.o(.text)
    OP_add_word                              0x0800bfc9   Thumb Code    44  finsh_ops.o(.text)
    OP_add_dword                             0x0800bff5   Thumb Code    42  finsh_ops.o(.text)
    OP_sub_byte                              0x0800c01f   Thumb Code    42  finsh_ops.o(.text)
    OP_sub_word                              0x0800c049   Thumb Code    44  finsh_ops.o(.text)
    OP_sub_dword                             0x0800c075   Thumb Code    42  finsh_ops.o(.text)
    OP_div_byte                              0x0800c09f   Thumb Code    44  finsh_ops.o(.text)
    OP_div_word                              0x0800c0cb   Thumb Code    46  finsh_ops.o(.text)
    OP_div_dword                             0x0800c0f9   Thumb Code    44  finsh_ops.o(.text)
    OP_mod_byte                              0x0800c125   Thumb Code    48  finsh_ops.o(.text)
    OP_mod_word                              0x0800c155   Thumb Code    50  finsh_ops.o(.text)
    OP_mod_dword                             0x0800c187   Thumb Code    48  finsh_ops.o(.text)
    OP_mul_byte                              0x0800c1b7   Thumb Code    44  finsh_ops.o(.text)
    OP_mul_word                              0x0800c1e3   Thumb Code    46  finsh_ops.o(.text)
    OP_mul_dword                             0x0800c211   Thumb Code    42  finsh_ops.o(.text)
    OP_and_byte                              0x0800c23b   Thumb Code    42  finsh_ops.o(.text)
    OP_and_word                              0x0800c265   Thumb Code    42  finsh_ops.o(.text)
    OP_and_dword                             0x0800c28f   Thumb Code    42  finsh_ops.o(.text)
    OP_or_byte                               0x0800c2b9   Thumb Code    42  finsh_ops.o(.text)
    OP_or_word                               0x0800c2e3   Thumb Code    42  finsh_ops.o(.text)
    OP_or_dword                              0x0800c30d   Thumb Code    42  finsh_ops.o(.text)
    OP_xor_byte                              0x0800c337   Thumb Code    42  finsh_ops.o(.text)
    OP_xor_word                              0x0800c361   Thumb Code    48  finsh_ops.o(.text)
    OP_xor_dword                             0x0800c391   Thumb Code    42  finsh_ops.o(.text)
    OP_bw_byte                               0x0800c3bb   Thumb Code    20  finsh_ops.o(.text)
    OP_bw_word                               0x0800c3cf   Thumb Code    20  finsh_ops.o(.text)
    OP_bw_dword                              0x0800c3e3   Thumb Code    20  finsh_ops.o(.text)
    OP_shl_byte                              0x0800c3f7   Thumb Code    42  finsh_ops.o(.text)
    OP_shl_word                              0x0800c421   Thumb Code    44  finsh_ops.o(.text)
    OP_shl_dword                             0x0800c44d   Thumb Code    42  finsh_ops.o(.text)
    OP_shr_byte                              0x0800c477   Thumb Code    42  finsh_ops.o(.text)
    OP_shr_word                              0x0800c4a1   Thumb Code    44  finsh_ops.o(.text)
    OP_shr_dword                             0x0800c4cd   Thumb Code    42  finsh_ops.o(.text)
    OP_ld_byte                               0x0800c4f7   Thumb Code    34  finsh_ops.o(.text)
    OP_ld_word                               0x0800c519   Thumb Code    46  finsh_ops.o(.text)
    OP_ld_dword                              0x0800c547   Thumb Code    64  finsh_ops.o(.text)
    OP_ld_value_byte                         0x0800c587   Thumb Code    66  finsh_ops.o(.text)
    OP_ld_value_byte_stack                   0x0800c5c9   Thumb Code    20  finsh_ops.o(.text)
    OP_ld_value_word                         0x0800c5dd   Thumb Code    66  finsh_ops.o(.text)
    OP_ld_value_word_stack                   0x0800c61f   Thumb Code    20  finsh_ops.o(.text)
    OP_ld_value_dword                        0x0800c633   Thumb Code    66  finsh_ops.o(.text)
    OP_ld_value_dword_stack                  0x0800c675   Thumb Code    20  finsh_ops.o(.text)
    OP_st_byte                               0x0800c689   Thumb Code    30  finsh_ops.o(.text)
    OP_st_word                               0x0800c6a7   Thumb Code    30  finsh_ops.o(.text)
    OP_st_dword                              0x0800c6c5   Thumb Code    30  finsh_ops.o(.text)
    OP_pop                                   0x0800c6e3   Thumb Code    12  finsh_ops.o(.text)
    OP_call                                  0x0800c6ef   Thumb Code   774  finsh_ops.o(.text)
    finsh_parser_run                         0x0800d289   Thumb Code   220  finsh_parser.o(.text)
    finsh_parser_init                        0x0800d365   Thumb Code    16  finsh_parser.o(.text)
    finsh_token_init                         0x0800d375   Thumb Code    20  finsh_token.o(.text)
    token_get_string                         0x0800d749   Thumb Code   120  finsh_token.o(.text)
    finsh_token_token                        0x0800d981   Thumb Code    24  finsh_token.o(.text)
    finsh_token_get_token                    0x0800d999   Thumb Code    20  finsh_token.o(.text)
    finsh_var_init                           0x0800d9b1   Thumb Code    14  finsh_var.o(.text)
    finsh_var_insert                         0x0800d9bf   Thumb Code   112  finsh_var.o(.text)
    finsh_var_delete                         0x0800da2f   Thumb Code    68  finsh_var.o(.text)
    finsh_var_lookup                         0x0800da73   Thumb Code    58  finsh_var.o(.text)
    finsh_sysvar_append                      0x0800daad   Thumb Code    62  finsh_var.o(.text)
    finsh_sysvar_lookup                      0x0800daeb   Thumb Code    78  finsh_var.o(.text)
    finsh_vm_run                             0x0800db49   Thumb Code    62  finsh_vm.o(.text)
    finsh_syscall_append                     0x0800db87   Thumb Code    54  finsh_vm.o(.text)
    finsh_syscall_lookup                     0x0800dbbd   Thumb Code    78  finsh_vm.o(.text)
    finsh_set_device                         0x0800dc5b   Thumb Code   128  shell.o(.text)
    finsh_get_device                         0x0800dcdb   Thumb Code    40  shell.o(.text)
    finsh_set_echo                           0x0800dd03   Thumb Code    42  shell.o(.text)
    finsh_get_echo                           0x0800dd2d   Thumb Code    44  shell.o(.text)
    finsh_run_line                           0x0800dd75   Thumb Code   148  shell.o(.text)
    finsh_thread_entry                       0x0800dec3   Thumb Code  1616  shell.o(.text)
    finsh_system_function_init               0x0800e513   Thumb Code    10  shell.o(.text)
    finsh_system_var_init                    0x0800e51d   Thumb Code    10  shell.o(.text)
    finsh_system_init                        0x0800e527   Thumb Code   118  shell.o(.text)
    __2sprintf                               0x0800e5f1   Thumb Code    34  noretval__2sprintf.o(.text)
    __printf                                 0x0800e619   Thumb Code   106  __printf.o(.text)
    atoi                                     0x0800e683   Thumb Code    26  atoi.o(.text)
    strlen                                   0x0800e69d   Thumb Code    62  strlen.o(.text)
    strncmp                                  0x0800e6db   Thumb Code   140  strncmp.o(.text)
    __aeabi_memcpy                           0x0800e767   Thumb Code     0  rt_memcpy_v6.o(.text)
    __rt_memcpy                              0x0800e767   Thumb Code   138  rt_memcpy_v6.o(.text)
    _memcpy_lastbytes                        0x0800e7cd   Thumb Code     0  rt_memcpy_v6.o(.text)
    __aeabi_memcpy4                          0x0800e7f1   Thumb Code     0  rt_memcpy_w.o(.text)
    __aeabi_memcpy8                          0x0800e7f1   Thumb Code     0  rt_memcpy_w.o(.text)
    __rt_memcpy_w                            0x0800e7f1   Thumb Code   100  rt_memcpy_w.o(.text)
    _memcpy_lastbytes_aligned                0x0800e839   Thumb Code     0  rt_memcpy_w.o(.text)
    __aeabi_memclr                           0x0800e855   Thumb Code     0  rt_memclr.o(.text)
    __rt_memclr                              0x0800e855   Thumb Code    68  rt_memclr.o(.text)
    _memset                                  0x0800e859   Thumb Code     0  rt_memclr.o(.text)
    __aeabi_memclr4                          0x0800e899   Thumb Code     0  rt_memclr_w.o(.text)
    __aeabi_memclr8                          0x0800e899   Thumb Code     0  rt_memclr_w.o(.text)
    __rt_memclr_w                            0x0800e899   Thumb Code    78  rt_memclr_w.o(.text)
    _memset_w                                0x0800e89d   Thumb Code     0  rt_memclr_w.o(.text)
    strncpy                                  0x0800e8e7   Thumb Code    86  strncpy.o(.text)
    strcmp                                   0x0800e93d   Thumb Code   128  strcmpv7m.o(.text)
    __use_two_region_memory                  0x0800e9bd   Thumb Code     2  heapauxi.o(.text)
    __rt_heap_escrow$2region                 0x0800e9bf   Thumb Code     2  heapauxi.o(.text)
    __rt_heap_expand$2region                 0x0800e9c1   Thumb Code     2  heapauxi.o(.text)
    __aeabi_errno_addr                       0x0800e9c5   Thumb Code    12  rt_errno_addr_intlibspace.o(.text)
    __errno$intlibspace                      0x0800e9c5   Thumb Code     0  rt_errno_addr_intlibspace.o(.text)
    __rt_errno_addr$intlibspace              0x0800e9c5   Thumb Code     0  rt_errno_addr_intlibspace.o(.text)
    __lib_sel_fp_printf                      0x0800e9d1   Thumb Code     2  _printf_fp_dec.o(.text)
    _printf_fp_dec_real                      0x0800eb77   Thumb Code   616  _printf_fp_dec.o(.text)
    _printf_char_common                      0x0800edeb   Thumb Code    32  _printf_char_common.o(.text)
    _sputc                                   0x0800ee11   Thumb Code    10  _sputc.o(.text)
    strtol                                   0x0800ee1b   Thumb Code   112  strtol.o(.text)
    __user_libspace                          0x0800ee8d   Thumb Code     8  libspace.o(.text)
    __user_perproc_libspace                  0x0800ee8d   Thumb Code     0  libspace.o(.text)
    __user_perthread_libspace                0x0800ee8d   Thumb Code     0  libspace.o(.text)
    __rt_ctype_table                         0x0800ee95   Thumb Code    16  rt_ctype_table.o(.text)
    __rt_locale                              0x0800eea5   Thumb Code    12  rt_locale_intlibspace.o(.text)
    _ll_udiv10                               0x0800eeb1   Thumb Code   138  lludiv10.o(.text)
    _printf_fp_infnan                        0x0800ef3d   Thumb Code   108  _printf_fp_infnan.o(.text)
    _strtoul                                 0x0800efb9   Thumb Code   156  _strtoul.o(.text)
    _btod_etento                             0x0800f055   Thumb Code   230  bigflt0.o(.text)
    __rt_udiv10                              0x0800f141   Thumb Code    16  rtudiv10.o(.text)
    __user_setup_stackheap                   0x0800f151   Thumb Code    74  sys_stackheap_outer.o(.text)
    _chval                                   0x0800f19b   Thumb Code    32  _chval.o(.text)
    exit                                     0x0800f1bb   Thumb Code    12  exit.o(.text)
    _sys_exit                                0x0800f1c9   Thumb Code     8  sys_exit.o(.text)
    __I$use$semihosting                      0x0800f1d5   Thumb Code     0  use_no_semi.o(.text)
    __use_no_semihosting_swi                 0x0800f1d5   Thumb Code     2  use_no_semi.o(.text)
    _btod_d2e                                0x0800f1d7   Thumb Code    62  btod.o(CL$$btod_d2e)
    _d2e_denorm_low                          0x0800f215   Thumb Code    70  btod.o(CL$$btod_d2e_denorm_low)
    _d2e_norm_op1                            0x0800f25b   Thumb Code    96  btod.o(CL$$btod_d2e_norm_op1)
    __btod_div_common                        0x0800f2bb   Thumb Code   696  btod.o(CL$$btod_div_common)
    _e2e                                     0x0800f5f3   Thumb Code   198  btod.o(CL$$btod_e2e)
    _btod_ediv                               0x0800f6b9   Thumb Code    40  btod.o(CL$$btod_ediv)
    _btod_emul                               0x0800f6e1   Thumb Code    40  btod.o(CL$$btod_emul)
    __btod_mult_common                       0x0800f709   Thumb Code   580  btod.o(CL$$btod_mult_common)
    __ARM_fpclassify                         0x0800f94d   Thumb Code    48  fpclassify.o(i.__ARM_fpclassify)
    _get_lc_numeric                          0x0800f97d   Thumb Code    44  lc_numeric_c.o(locale$$code)
    _get_lc_ctype                            0x0800f9a9   Thumb Code    44  lc_ctype_c.o(locale$$code)
    __fpl_dretinf                            0x0800f9d5   Thumb Code    12  dretinf.o(x$fpl$dretinf)
    __aeabi_f2d                              0x0800f9e1   Thumb Code     0  f2d.o(x$fpl$f2d)
    _f2d                                     0x0800f9e1   Thumb Code    86  f2d.o(x$fpl$f2d)
    __fpl_fnaninf                            0x0800fa37   Thumb Code   140  fnaninf.o(x$fpl$fnaninf)
    _fp_init                                 0x0800fac3   Thumb Code    10  fpinit.o(x$fpl$fpinit)
    __fplib_config_fpu_vfp                   0x0800facb   Thumb Code     0  fpinit.o(x$fpl$fpinit)
    __fplib_config_pureend_doubles           0x0800facb   Thumb Code     0  fpinit.o(x$fpl$fpinit)
    _printf_fp_dec                           0x0800facd   Thumb Code     4  printf1.o(x$fpl$printf1)
    __I$use$fp                               0x0800fad1   Thumb Code     0  usenofp.o(x$fpl$usenofp)
    __lowest_bit_bitmap                      0x0800fdea   Data         256  kservice.o(.constdata)
    __fsym_list_mem_name                     0x0800ff0c   Data           9  mem.o(.constdata)
    __fsym_list_mem_desc                     0x0800ff15   Data          30  mem.o(.constdata)
    __fsym_hello_name                        0x08010270   Data           6  cmd.o(.constdata)
    __fsym_hello_desc                        0x08010276   Data          16  cmd.o(.constdata)
    __fsym_version_name                      0x08010286   Data           8  cmd.o(.constdata)
    __fsym_version_desc                      0x0801028e   Data          35  cmd.o(.constdata)
    __fsym_list_thread_name                  0x080102b1   Data          12  cmd.o(.constdata)
    __fsym_list_thread_desc                  0x080102bd   Data          12  cmd.o(.constdata)
    __fsym_list_sem_name                     0x080102c9   Data           9  cmd.o(.constdata)
    __fsym_list_sem_desc                     0x080102d2   Data          25  cmd.o(.constdata)
    __fsym_list_event_name                   0x080102eb   Data          11  cmd.o(.constdata)
    __fsym_list_event_desc                   0x080102f6   Data          21  cmd.o(.constdata)
    __fsym_list_mutex_name                   0x0801030b   Data          11  cmd.o(.constdata)
    __fsym_list_mutex_desc                   0x08010316   Data          21  cmd.o(.constdata)
    __fsym_list_mailbox_name                 0x0801032b   Data          13  cmd.o(.constdata)
    __fsym_list_mailbox_desc                 0x08010338   Data          24  cmd.o(.constdata)
    __fsym_list_msgqueue_name                0x08010350   Data          14  cmd.o(.constdata)
    __fsym_list_msgqueue_desc                0x0801035e   Data          29  cmd.o(.constdata)
    __fsym_list_mempool_name                 0x0801037b   Data          13  cmd.o(.constdata)
    __fsym_list_mempool_desc                 0x08010388   Data          27  cmd.o(.constdata)
    __fsym_list_timer_name                   0x080103a3   Data          11  cmd.o(.constdata)
    __fsym_list_timer_desc                   0x080103ae   Data          21  cmd.o(.constdata)
    __fsym_list_device_name                  0x080103c3   Data          12  cmd.o(.constdata)
    __fsym_list_device_desc                  0x080103cf   Data          22  cmd.o(.constdata)
    __fsym_list_name                         0x080103e5   Data           5  cmd.o(.constdata)
    __fsym_list_desc                         0x080103ea   Data          26  cmd.o(.constdata)
    __vsym_dummy_name                        0x08010404   Data           6  cmd.o(.constdata)
    __vsym_dummy_desc                        0x0801040a   Data          25  cmd.o(.constdata)
    op_table                                 0x08010504   Data         196  finsh_ops.o(.constdata)
    FSymTab$$Base                            0x080108ec   Number         0  mem.o(FSymTab)
    __fsym_list_mem                          0x080108ec   Data          12  mem.o(FSymTab)
    __fsym_hello                             0x080108f8   Data          12  cmd.o(FSymTab)
    __fsym_version                           0x08010904   Data          12  cmd.o(FSymTab)
    __fsym_list_thread                       0x08010910   Data          12  cmd.o(FSymTab)
    __fsym_list_sem                          0x0801091c   Data          12  cmd.o(FSymTab)
    __fsym_list_event                        0x08010928   Data          12  cmd.o(FSymTab)
    __fsym_list_mutex                        0x08010934   Data          12  cmd.o(FSymTab)
    __fsym_list_mailbox                      0x08010940   Data          12  cmd.o(FSymTab)
    __fsym_list_msgqueue                     0x0801094c   Data          12  cmd.o(FSymTab)
    __fsym_list_mempool                      0x08010958   Data          12  cmd.o(FSymTab)
    __fsym_list_timer                        0x08010964   Data          12  cmd.o(FSymTab)
    __fsym_list_device                       0x08010970   Data          12  cmd.o(FSymTab)
    __fsym_list                              0x0801097c   Data          12  cmd.o(FSymTab)
    FSymTab$$Limit                           0x08010988   Number         0  cmd.o(FSymTab)
    Region$$Table$$Base                      0x08010988   Number         0  anon$$obj.o(Region$$Table)
    Region$$Table$$Limit                     0x080109a8   Number         0  anon$$obj.o(Region$$Table)
    VSymTab$$Base                            0x080109a8   Number         0  cmd.o(VSymTab)
    __vsym_dummy                             0x080109a8   Data          16  cmd.o(VSymTab)
    VSymTab$$Limit                           0x080109b8   Number         0  cmd.o(VSymTab)
    __ctype                                  0x080109e1   Data           0  lc_ctype_c.o(locale$$data)
    f_var1                                   0x20000000   Data           4  application.o(.data)
    f_var2                                   0x20000004   Data           4  application.o(.data)
    f_var3                                   0x20000008   Data           4  application.o(.data)
    f_var4                                   0x2000000c   Data           4  application.o(.data)
    uart2                                    0x20000010   Data          12  usart.o(.data)
    uart2_debug                              0x2000001c   Data           4  usart.o(.data)
    SystemCoreClock                          0x20000020   Data           4  system_stm32f4xx.o(.data)
    AHBPrescTable                            0x20000024   Data          16  system_stm32f4xx.o(.data)
    rt_interrupt_nest                        0x2000004c   Data           1  irq.o(.data)
    rt_object_container                      0x20000080   Data         144  object.o(.data)
    rt_object_trytake_hook                   0x20000118   Data           4  object.o(.data)
    rt_object_take_hook                      0x2000011c   Data           4  object.o(.data)
    rt_object_put_hook                       0x20000120   Data           4  object.o(.data)
    rt_current_thread                        0x20000128   Data           4  scheduler.o(.data)
    rt_current_priority                      0x2000012c   Data           1  scheduler.o(.data)
    rt_thread_ready_priority_group           0x20000130   Data           4  scheduler.o(.data)
    rt_thread_defunct                        0x20000134   Data           8  scheduler.o(.data)
    rt_interrupt_from_thread                 0x20000154   Data           4  cpuport.o(.data)
    rt_interrupt_to_thread                   0x20000158   Data           4  cpuport.o(.data)
    rt_thread_switch_interrupt_flag          0x2000015c   Data           4  cpuport.o(.data)
    finsh_compile_sp                         0x20000164   Data           4  finsh_compiler.o(.data)
    finsh_compile_pc                         0x20000168   Data           4  finsh_compiler.o(.data)
    global_errno                             0x200001a8   Data           1  finsh_error.o(.data)
    global_sysvar_list                       0x200001b4   Data           4  finsh_var.o(.data)
    global_syscall_list                      0x200001b8   Data           4  finsh_vm.o(.data)
    finsh_sp                                 0x200001bc   Data           4  finsh_vm.o(.data)
    finsh_pc                                 0x200001c0   Data           4  finsh_vm.o(.data)
    shell                                    0x200001c4   Data           4  shell.o(.data)
    _syscall_table_begin                     0x200001c8   Data           4  symbol.o(.data)
    _syscall_table_end                       0x200001cc   Data           4  symbol.o(.data)
    _sysvar_table_begin                      0x200001d0   Data           4  symbol.o(.data)
    _sysvar_table_end                        0x200001d4   Data           4  symbol.o(.data)
    thread_led1                              0x200005d8   Data         128  application.o(.bss)
    thread_led2                              0x20000a58   Data         128  application.o(.bss)
    uart2_int_rx                             0x20000ad8   Data          72  usart.o(.bss)
    uart2_device                             0x20000b20   Data          64  usart.o(.bss)
    rt_thread_priority_table                 0x20001080   Data         256  scheduler.o(.bss)
    finsh_heap                               0x20001180   Data         128  finsh_heap.o(.bss)
    global_node_table                        0x20001200   Data         320  finsh_node.o(.bss)
    global_variable                          0x20001340   Data         192  finsh_var.o(.bss)
    finsh_vm_stack                           0x20001400   Data         256  finsh_vm.o(.bss)
    text_segment                             0x20001500   Data         128  finsh_vm.o(.bss)
    __libspace_start                         0x20001e00   Data          96  libspace.o(.bss)
    __temporary_stack_top$libspace           0x20001e60   Data           0  libspace.o(.bss)
    Image$$RW_IRAM1$$ZI$$Limit               0x20002460   Number         0  startup_stm32f4xx.o(STACK)



==============================================================================

Memory Map of the image

  Image Entry point : 0x08000189

  Load Region LR_IROM1 (Base: 0x08000000, Size: 0x00010cbc, Max: 0x00100000, ABSOLUTE, COMPRESSED[0x00010b88])

    Execution Region ER_IROM1 (Base: 0x08000000, Size: 0x00010ae4, Max: 0x00100000, ABSOLUTE)

    Base Addr    Size         Type   Attr      Idx    E Section Name        Object

    0x08000000   0x00000188   Data   RO          778    RESET               startup_stm32f4xx.o
    0x08000188   0x00000008   Code   RO         1366  * !!!main             c_w.l(__main.o)(c_w.l)
    0x08000190   0x00000034   Code   RO         1602    !!!scatter          c_w.l(__scatter.o)(c_w.l)
    0x080001c4   0x0000005a   Code   RO         1600    !!dczerorl2         c_w.l(__dczerorl2.o)(c_w.l)
    0x0800021e   0x00000002   PAD
    0x08000220   0x0000001c   Code   RO         1604    !!handler_zi        c_w.l(__scatter_zi.o)(c_w.l)
    0x0800023c   0x00000000   Code   RO         1345    .ARM.Collect$$_printf_percent$$00000000  c_w.l(_printf_percent.o)(c_w.l)
    0x0800023c   0x00000006   Code   RO         1344    .ARM.Collect$$_printf_percent$$00000003  c_w.l(_printf_f.o)(c_w.l)
    0x08000242   0x00000004   Code   RO         1385    .ARM.Collect$$_printf_percent$$00000017  c_w.l(_printf_percent_end.o)(c_w.l)
    0x08000246   0x00000006   Code   RO         1478    .ARM.Collect$$libinit$$00000000  c_w.l(libinit.o)(c_w.l)
    0x0800024c   0x00000000   Code   RO         1481    .ARM.Collect$$libinit$$00000006  c_w.l(libinit2.o)(c_w.l)
    0x0800024c   0x00000000   Code   RO         1483    .ARM.Collect$$libinit$$00000008  c_w.l(libinit2.o)(c_w.l)
    0x0800024c   0x00000000   Code   RO         1485    .ARM.Collect$$libinit$$0000000A  c_w.l(libinit2.o)(c_w.l)
    0x0800024c   0x00000006   Code   RO         1486    .ARM.Collect$$libinit$$0000000B  c_w.l(libinit2.o)(c_w.l)
    0x08000252   0x00000000   Code   RO         1488    .ARM.Collect$$libinit$$0000000D  c_w.l(libinit2.o)(c_w.l)
    0x08000252   0x0000000c   Code   RO         1489    .ARM.Collect$$libinit$$0000000E  c_w.l(libinit2.o)(c_w.l)
    0x0800025e   0x00000000   Code   RO         1490    .ARM.Collect$$libinit$$0000000F  c_w.l(libinit2.o)(c_w.l)
    0x0800025e   0x00000000   Code   RO         1492    .ARM.Collect$$libinit$$00000011  c_w.l(libinit2.o)(c_w.l)
    0x0800025e   0x0000000a   Code   RO         1493    .ARM.Collect$$libinit$$00000012  c_w.l(libinit2.o)(c_w.l)
    0x08000268   0x00000000   Code   RO         1494    .ARM.Collect$$libinit$$00000013  c_w.l(libinit2.o)(c_w.l)
    0x08000268   0x00000000   Code   RO         1496    .ARM.Collect$$libinit$$00000015  c_w.l(libinit2.o)(c_w.l)
    0x08000268   0x00000000   Code   RO         1498    .ARM.Collect$$libinit$$00000017  c_w.l(libinit2.o)(c_w.l)
    0x08000268   0x00000000   Code   RO         1500    .ARM.Collect$$libinit$$00000019  c_w.l(libinit2.o)(c_w.l)
    0x08000268   0x00000000   Code   RO         1502    .ARM.Collect$$libinit$$0000001B  c_w.l(libinit2.o)(c_w.l)
    0x08000268   0x00000000   Code   RO         1504    .ARM.Collect$$libinit$$0000001D  c_w.l(libinit2.o)(c_w.l)
    0x08000268   0x00000000   Code   RO         1506    .ARM.Collect$$libinit$$0000001F  c_w.l(libinit2.o)(c_w.l)
    0x08000268   0x00000000   Code   RO         1508    .ARM.Collect$$libinit$$00000021  c_w.l(libinit2.o)(c_w.l)
    0x08000268   0x00000000   Code   RO         1512    .ARM.Collect$$libinit$$00000028  c_w.l(libinit2.o)(c_w.l)
    0x08000268   0x00000000   Code   RO         1514    .ARM.Collect$$libinit$$0000002A  c_w.l(libinit2.o)(c_w.l)
    0x08000268   0x00000000   Code   RO         1516    .ARM.Collect$$libinit$$0000002C  c_w.l(libinit2.o)(c_w.l)
    0x08000268   0x00000000   Code   RO         1518    .ARM.Collect$$libinit$$0000002E  c_w.l(libinit2.o)(c_w.l)
    0x08000268   0x00000002   Code   RO         1519    .ARM.Collect$$libinit$$0000002F  c_w.l(libinit2.o)(c_w.l)
    0x0800026a   0x00000002   Code   RO         1550    .ARM.Collect$$libshutdown$$00000000  c_w.l(libshutdown.o)(c_w.l)
    0x0800026c   0x00000000   Code   RO         1561    .ARM.Collect$$libshutdown$$00000003  c_w.l(libshutdown2.o)(c_w.l)
    0x0800026c   0x00000000   Code   RO         1564    .ARM.Collect$$libshutdown$$00000006  c_w.l(libshutdown2.o)(c_w.l)
    0x0800026c   0x00000000   Code   RO         1567    .ARM.Collect$$libshutdown$$00000009  c_w.l(libshutdown2.o)(c_w.l)
    0x0800026c   0x00000000   Code   RO         1569    .ARM.Collect$$libshutdown$$0000000B  c_w.l(libshutdown2.o)(c_w.l)
    0x0800026c   0x00000000   Code   RO         1572    .ARM.Collect$$libshutdown$$0000000E  c_w.l(libshutdown2.o)(c_w.l)
    0x0800026c   0x00000002   Code   RO         1573    .ARM.Collect$$libshutdown$$0000000F  c_w.l(libshutdown2.o)(c_w.l)
    0x0800026e   0x00000000   Code   RO         1372    .ARM.Collect$$rtentry$$00000000  c_w.l(rtentry.o)(c_w.l)
    0x0800026e   0x00000000   Code   RO         1397    .ARM.Collect$$rtentry$$00000002  c_w.l(rtentry2.o)(c_w.l)
    0x0800026e   0x00000006   Code   RO         1412    .ARM.Collect$$rtentry$$00000004  c_w.l(rtentry4.o)(c_w.l)
    0x08000274   0x00000000   Code   RO         1399    .ARM.Collect$$rtentry$$00000009  c_w.l(rtentry2.o)(c_w.l)
    0x08000274   0x00000004   Code   RO         1400    .ARM.Collect$$rtentry$$0000000A  c_w.l(rtentry2.o)(c_w.l)
    0x08000278   0x00000000   Code   RO         1402    .ARM.Collect$$rtentry$$0000000C  c_w.l(rtentry2.o)(c_w.l)
    0x08000278   0x00000008   Code   RO         1403    .ARM.Collect$$rtentry$$0000000D  c_w.l(rtentry2.o)(c_w.l)
    0x08000280   0x00000002   Code   RO         1520    .ARM.Collect$$rtexit$$00000000  c_w.l(rtexit.o)(c_w.l)
    0x08000282   0x00000000   Code   RO         1527    .ARM.Collect$$rtexit$$00000002  c_w.l(rtexit2.o)(c_w.l)
    0x08000282   0x00000004   Code   RO         1528    .ARM.Collect$$rtexit$$00000003  c_w.l(rtexit2.o)(c_w.l)
    0x08000286   0x00000006   Code   RO         1529    .ARM.Collect$$rtexit$$00000004  c_w.l(rtexit2.o)(c_w.l)
    0x0800028c   0x00000284   Code   RO            2    .text               application.o
    0x08000510   0x000000d0   Code   RO          157    .text               startup.o
    0x080005e0   0x000000ac   Code   RO          177    .text               board.o
    0x0800068c   0x00000608   Code   RO          197    .text               serial.o
    0x08000c94   0x0000002c   Code   RO          217    .text               stm32f4xx_it.o
    0x08000cc0   0x000000dc   Code   RO          234    .text               usart.o
    0x08000d9c   0x00000228   Code   RO          257    .text               system_stm32f4xx.o
    0x08000fc4   0x0000020c   Code   RO          279    .text               misc.o
    0x080011d0   0x000013ac   Code   RO          455    .text               stm32f4xx_dma.o
    0x0800257c   0x00000908   Code   RO          519    .text               stm32f4xx_gpio.o
    0x08002e84   0x00000e18   Code   RO          631    .text               stm32f4xx_rcc.o
    0x08003c9c   0x00000eb0   Code   RO          745    .text               stm32f4xx_usart.o
    0x08004b4c   0x00000040   Code   RO          779    .text               startup_stm32f4xx.o
    0x08004b8c   0x00000064   Code   RO          783    .text               clock.o
    0x08004bf0   0x00000408   Code   RO          797    .text               device.o
    0x08004ff8   0x00000164   Code   RO          811    .text               idle.o
    0x0800515c   0x00001a00   Code   RO          831    .text               ipc.o
    0x08006b5c   0x00000048   Code   RO          848    .text               irq.o
    0x08006ba4   0x00000998   Code   RO          863    .text               kservice.o
    0x0800753c   0x00000970   Code   RO          880    .text               mem.o
    0x08007eac   0x0000042c   Code   RO          912    .text               mempool.o
    0x080082d8   0x00000330   Code   RO          930    .text               object.o
    0x08008608   0x00000320   Code   RO          950    .text               scheduler.o
    0x08008928   0x00000684   Code   RO          971    .text               thread.o
    0x08008fac   0x0000053c   Code   RO          988    .text               timer.o
    0x080094e8   0x000001b0   Code   RO         1007    .text               cpuport.o
    0x08009698   0x00000110   Code   RO         1023    .text               context_rvds.o
    0x080097a8   0x00000b8c   Code   RO         1061    .text               cmd.o
    0x0800a334   0x0000184e   Code   RO         1084    .text               finsh_compiler.o
    0x0800bb82   0x00000002   PAD
    0x0800bb84   0x0000002c   Code   RO         1121    .text               finsh_error.o
    0x0800bbb0   0x00000210   Code   RO         1137    .text               finsh_heap.o
    0x0800bdc0   0x00000058   Code   RO         1153    .text               finsh_init.o
    0x0800be18   0x00000184   Code   RO         1171    .text               finsh_node.o
    0x0800bf9c   0x00000a5c   Code   RO         1186    .text               finsh_ops.o
    0x0800c9f8   0x0000097c   Code   RO         1204    .text               finsh_parser.o
    0x0800d374   0x0000063c   Code   RO         1219    .text               finsh_token.o
    0x0800d9b0   0x00000198   Code   RO         1234    .text               finsh_var.o
    0x0800db48   0x000000e4   Code   RO         1257    .text               finsh_vm.o
    0x0800dc2c   0x000009c4   Code   RO         1284    .text               shell.o
    0x0800e5f0   0x00000028   Code   RO         1322    .text               c_w.l(noretval__2sprintf.o)(c_w.l)
    0x0800e618   0x0000006a   Code   RO         1324    .text               c_w.l(__printf.o)(c_w.l)
    0x0800e682   0x0000001a   Code   RO         1346    .text               c_w.l(atoi.o)(c_w.l)
    0x0800e69c   0x0000003e   Code   RO         1348    .text               c_w.l(strlen.o)(c_w.l)
    0x0800e6da   0x0000008c   Code   RO         1350    .text               c_w.l(strncmp.o)(c_w.l)
    0x0800e766   0x0000008a   Code   RO         1352    .text               c_w.l(rt_memcpy_v6.o)(c_w.l)
    0x0800e7f0   0x00000064   Code   RO         1354    .text               c_w.l(rt_memcpy_w.o)(c_w.l)
    0x0800e854   0x00000044   Code   RO         1356    .text               c_w.l(rt_memclr.o)(c_w.l)
    0x0800e898   0x0000004e   Code   RO         1358    .text               c_w.l(rt_memclr_w.o)(c_w.l)
    0x0800e8e6   0x00000056   Code   RO         1360    .text               c_w.l(strncpy.o)(c_w.l)
    0x0800e93c   0x00000080   Code   RO         1362    .text               c_w.l(strcmpv7m.o)(c_w.l)
    0x0800e9bc   0x00000006   Code   RO         1364    .text               c_w.l(heapauxi.o)(c_w.l)
    0x0800e9c2   0x00000002   PAD
    0x0800e9c4   0x0000000c   Code   RO         1377    .text               c_w.l(rt_errno_addr_intlibspace.o)(c_w.l)
    0x0800e9d0   0x0000040e   Code   RO         1379    .text               c_w.l(_printf_fp_dec.o)(c_w.l)
    0x0800edde   0x00000002   PAD
    0x0800ede0   0x00000030   Code   RO         1381    .text               c_w.l(_printf_char_common.o)(c_w.l)
    0x0800ee10   0x0000000a   Code   RO         1383    .text               c_w.l(_sputc.o)(c_w.l)
    0x0800ee1a   0x00000070   Code   RO         1386    .text               c_w.l(strtol.o)(c_w.l)
    0x0800ee8a   0x00000002   PAD
    0x0800ee8c   0x00000008   Code   RO         1393    .text               c_w.l(libspace.o)(c_w.l)
    0x0800ee94   0x00000010   Code   RO         1414    .text               c_w.l(rt_ctype_table.o)(c_w.l)
    0x0800eea4   0x0000000c   Code   RO         1419    .text               c_w.l(rt_locale_intlibspace.o)(c_w.l)
    0x0800eeb0   0x0000008a   Code   RO         1421    .text               c_w.l(lludiv10.o)(c_w.l)
    0x0800ef3a   0x00000002   PAD
    0x0800ef3c   0x0000007c   Code   RO         1423    .text               c_w.l(_printf_fp_infnan.o)(c_w.l)
    0x0800efb8   0x0000009c   Code   RO         1427    .text               c_w.l(_strtoul.o)(c_w.l)
    0x0800f054   0x000000ec   Code   RO         1429    .text               c_w.l(bigflt0.o)(c_w.l)
    0x0800f140   0x00000010   Code   RO         1457    .text               c_w.l(rtudiv10.o)(c_w.l)
    0x0800f150   0x0000004a   Code   RO         1463    .text               c_w.l(sys_stackheap_outer.o)(c_w.l)
    0x0800f19a   0x00000020   Code   RO         1465    .text               c_w.l(_chval.o)(c_w.l)
    0x0800f1ba   0x0000000c   Code   RO         1470    .text               c_w.l(exit.o)(c_w.l)
    0x0800f1c6   0x00000002   PAD
    0x0800f1c8   0x0000000c   Code   RO         1540    .text               c_w.l(sys_exit.o)(c_w.l)
    0x0800f1d4   0x00000002   Code   RO         1551    .text               c_w.l(use_no_semi.o)(c_w.l)
    0x0800f1d6   0x0000003e   Code   RO         1432    CL$$btod_d2e        c_w.l(btod.o)(c_w.l)
    0x0800f214   0x00000046   Code   RO         1434    CL$$btod_d2e_denorm_low  c_w.l(btod.o)(c_w.l)
    0x0800f25a   0x00000060   Code   RO         1433    CL$$btod_d2e_norm_op1  c_w.l(btod.o)(c_w.l)
    0x0800f2ba   0x00000338   Code   RO         1442    CL$$btod_div_common  c_w.l(btod.o)(c_w.l)
    0x0800f5f2   0x000000c6   Code   RO         1439    CL$$btod_e2e        c_w.l(btod.o)(c_w.l)
    0x0800f6b8   0x00000028   Code   RO         1436    CL$$btod_ediv       c_w.l(btod.o)(c_w.l)
    0x0800f6e0   0x00000028   Code   RO         1435    CL$$btod_emul       c_w.l(btod.o)(c_w.l)
    0x0800f708   0x00000244   Code   RO         1441    CL$$btod_mult_common  c_w.l(btod.o)(c_w.l)
    0x0800f94c   0x00000030   Code   RO         1461    i.__ARM_fpclassify  m_wm.l(fpclassify.o)(m_wm.l)
    0x0800f97c   0x0000002c   Code   RO         1455    locale$$code        c_w.l(lc_numeric_c.o)(c_w.l)
    0x0800f9a8   0x0000002c   Code   RO         1468    locale$$code        c_w.l(lc_ctype_c.o)(c_w.l)
    0x0800f9d4   0x0000000c   Code   RO         1388    x$fpl$dretinf       fz_wm.l(dretinf.o)(fz_wm.l)
    0x0800f9e0   0x00000056   Code   RO         1368    x$fpl$f2d           fz_wm.l(f2d.o)(fz_wm.l)
    0x0800fa36   0x0000008c   Code   RO         1390    x$fpl$fnaninf       fz_wm.l(fnaninf.o)(fz_wm.l)
    0x0800fac2   0x0000000a   Code   RO         1524    x$fpl$fpinit        fz_wm.l(fpinit.o)(fz_wm.l)
    0x0800facc   0x00000004   Code   RO         1370    x$fpl$printf1       fz_wm.l(printf1.o)(fz_wm.l)
    0x0800fad0   0x00000000   Code   RO         1392    x$fpl$usenofp       fz_wm.l(usenofp.o)(fz_wm.l)
    0x0800fad0   0x00000085   Data   RO          198    .constdata          serial.o
    0x0800fb55   0x000000a8   Data   RO          798    .constdata          device.o
    0x0800fbfd   0x00000016   Data   RO          813    .constdata          idle.o
    0x0800fc13   0x000001d7   Data   RO          832    .constdata          ipc.o
    0x0800fdea   0x00000122   Data   RO          865    .constdata          kservice.o
    0x0800ff0c   0x00000160   Data   RO          882    .constdata          mem.o
    0x0801006c   0x0000003e   Data   RO          913    .constdata          mempool.o
    0x080100aa   0x0000005e   Data   RO          931    .constdata          object.o
    0x08010108   0x0000004e   Data   RO          952    .constdata          scheduler.o
    0x08010156   0x000000aa   Data   RO          972    .constdata          thread.o
    0x08010200   0x0000005c   Data   RO          989    .constdata          timer.o
    0x0801025c   0x00000013   Data   RO         1008    .constdata          cpuport.o
    0x0801026f   0x00000001   PAD
    0x08010270   0x00000293   Data   RO         1062    .constdata          cmd.o
    0x08010503   0x00000001   PAD
    0x08010504   0x000000c4   Data   RO         1187    .constdata          finsh_ops.o
    0x080105c8   0x00000040   Data   RO         1220    .constdata          finsh_token.o
    0x08010608   0x00000060   Data   RO         1286    .constdata          shell.o
    0x08010668   0x00000094   Data   RO         1430    .constdata          c_w.l(bigflt0.o)(c_w.l)
    0x080106fc   0x000000e9   Data   RO         1063    .conststring        cmd.o
    0x080107e5   0x000000d8   Data   RO         1122    .conststring        finsh_error.o
    0x080108bd   0x0000002c   Data   RO         1221    .conststring        finsh_token.o
    0x080108e9   0x00000003   PAD
    0x080108ec   0x0000000c   Data   RO          884    FSymTab             mem.o
    0x080108f8   0x00000090   Data   RO         1065    FSymTab             cmd.o
    0x08010988   0x00000020   Data   RO         1598    Region$$Table       anon$$obj.o
    0x080109a8   0x00000010   Data   RO         1066    VSymTab             cmd.o
    0x080109b8   0x0000001c   Data   RO         1454    locale$$data        c_w.l(lc_numeric_c.o)(c_w.l)
    0x080109d4   0x00000110   Data   RO         1467    locale$$data        c_w.l(lc_ctype_c.o)(c_w.l)


    Execution Region RW_IRAM1 (Base: 0x20000000, Size: 0x00002460, Max: 0x00020000, ABSOLUTE, COMPRESSED[0x000000a4])

    Base Addr    Size         Type   Attr      Idx    E Section Name        Object

    0x20000000   0x00000010   Data   RW            4    .data               application.o
    0x20000010   0x00000010   Data   RW          236    .data               usart.o
    0x20000020   0x00000014   Data   RW          258    .data               system_stm32f4xx.o
    0x20000034   0x00000010   Data   RW          632    .data               stm32f4xx_rcc.o
    0x20000044   0x00000004   Data   RW          784    .data               clock.o
    0x20000048   0x00000004   Data   RW          814    .data               idle.o
    0x2000004c   0x00000001   Data   RW          849    .data               irq.o
    0x2000004d   0x00000003   PAD
    0x20000050   0x00000008   Data   RW          866    .data               kservice.o
    0x20000058   0x00000020   Data   RW          883    .data               mem.o
    0x20000078   0x00000008   Data   RW          914    .data               mempool.o
    0x20000080   0x000000a4   Data   RW          932    .data               object.o
    0x20000124   0x0000001c   Data   RW          953    .data               scheduler.o
    0x20000140   0x00000010   Data   RW          990    .data               timer.o
    0x20000150   0x00000010   Data   RW         1009    .data               cpuport.o
    0x20000160   0x00000004   Data   RW         1064    .data               cmd.o
    0x20000164   0x00000008   Data   RW         1085    .data               finsh_compiler.o
    0x2000016c   0x0000003d   Data   RW         1123    .data               finsh_error.o
    0x200001a9   0x00000003   PAD
    0x200001ac   0x00000008   Data   RW         1139    .data               finsh_heap.o
    0x200001b4   0x00000004   Data   RW         1236    .data               finsh_var.o
    0x200001b8   0x0000000c   Data   RW         1259    .data               finsh_vm.o
    0x200001c4   0x00000004   Data   RW         1287    .data               shell.o
    0x200001c8   0x00000010   Data   RW         1305    .data               symbol.o
    0x200001d8   0x00000900   Zero   RW            3    .bss                application.o
    0x20000ad8   0x00000088   Zero   RW          235    .bss                usart.o
    0x20000b60   0x00000480   Zero   RW          812    .bss                idle.o
    0x20000fe0   0x00000080   Zero   RW          864    .bss                kservice.o
    0x20001060   0x00000020   Zero   RW          881    .bss                mem.o
    0x20001080   0x00000100   Zero   RW          951    .bss                scheduler.o
    0x20001180   0x00000080   Zero   RW         1138    .bss                finsh_heap.o
    0x20001200   0x00000140   Zero   RW         1172    .bss                finsh_node.o
    0x20001340   0x000000c0   Zero   RW         1235    .bss                finsh_var.o
    0x20001400   0x00000180   Zero   RW         1258    .bss                finsh_vm.o
    0x20001580   0x00000880   Zero   RW         1285    .bss                shell.o
    0x20001e00   0x00000060   Zero   RW         1394    .bss                c_w.l(libspace.o)(c_w.l)
    0x20001e60   0x00000200   Zero   RW          777    HEAP                startup_stm32f4xx.o
    0x20002060   0x00000400   Zero   RW          776    STACK               startup_stm32f4xx.o


==============================================================================

Image component sizes


      Code (inc. data)   RO Data    RW Data    ZI Data      Debug   Object Name

       644        104          0         16       2304          0   application.o
       172         16          0          0          0          0   board.o
       100          6          0          4          0          0   clock.o
      2956       1194       1052          4          0          0   cmd.o
       272         24          0          0          0          0   context_rvds.o
       432        220         19         16          0          0   cpuport.o
      1032        166        168          0          0          0   device.o
      6222        120          0          8          0          0   finsh_compiler.o
        44         10        216         61          0          0   finsh_error.o
       528         18          0          8        128          0   finsh_heap.o
        88          6          0          0          0          0   finsh_init.o
       388          4          0          0        320          0   finsh_node.o
      2652         38        196          0          0          0   finsh_ops.o
      2428         32          0          0          0          0   finsh_parser.o
      1596         16        108          0          0          0   finsh_token.o
       408         16          0          4        192          0   finsh_var.o
       228         34          0         12        384          0   finsh_vm.o
       356        106         22          4       1152          0   idle.o
      6656        460        471          0          0          0   ipc.o
        72          6          0          1          0          0   irq.o
      2456        170        290          8        128          0   kservice.o
      2416        582        364         32         32          0   mem.o
      1068        116         62          8          0          0   mempool.o
       524         82          0          0          0          0   misc.o
       816        186         94        164          0          0   object.o
       800        180         78         28        256          0   scheduler.o
      1544        298        133          0          0          0   serial.o
      2500        306         96          4       2176          0   shell.o
       208         98          0          0          0          0   startup.o
        64         26        392          0       1536          0   startup_stm32f4xx.o
      5036        360          0          0          0          0   stm32f4xx_dma.o
      2312        134          0          0          0          0   stm32f4xx_gpio.o
        44          4          0          0          0          0   stm32f4xx_it.o
      3608        392          0         16          0          0   stm32f4xx_rcc.o
      3760        162          0          0          0          0   stm32f4xx_usart.o
         0          0          0         16          0          0   symbol.o
       552         64          0         20          0          0   system_stm32f4xx.o
      1668        246        170          0          0          0   thread.o
      1340        146         92         16          0          0   timer.o
       220         24          0         16        136          0   usart.o

    ----------------------------------------------------------------------
     58212       6172       4060        472       8744          0   Object Totals
         0          0         32          0          0          0   (incl. Generated)
         2          0          5          6          0          2   (incl. Padding)

    ----------------------------------------------------------------------

      Code (inc. data)   RO Data    RW Data    ZI Data      Debug   Library Member Name

        90          0          0          0          0          0   __dczerorl2.o
         8          0          0          0          0          0   __main.o
       106          0          0          0          0          0   __printf.o
        52          8          0          0          0          0   __scatter.o
        28          0          0          0          0          0   __scatter_zi.o
        32          0          0          0          0          0   _chval.o
        48          6          0          0          0          0   _printf_char_common.o
         6          0          0          0          0          0   _printf_f.o
      1038          0          0          0          0          0   _printf_fp_dec.o
       124         16          0          0          0          0   _printf_fp_infnan.o
         0          0          0          0          0          0   _printf_percent.o
         4          0          0          0          0          0   _printf_percent_end.o
        10          0          0          0          0          0   _sputc.o
       156          0          0          0          0          0   _strtoul.o
        26          0          0          0          0          0   atoi.o
       236          6        148          0          0          0   bigflt0.o
      1910        128          0          0          0          0   btod.o
        12          0          0          0          0          0   exit.o
         6          0          0          0          0          0   heapauxi.o
        44         10        272          0          0          0   lc_ctype_c.o
        44         10         28          0          0          0   lc_numeric_c.o
         6          0          0          0          0          0   libinit.o
        30          0          0          0          0          0   libinit2.o
         2          0          0          0          0          0   libshutdown.o
         2          0          0          0          0          0   libshutdown2.o
         8          4          0          0         96          0   libspace.o
       138          0          0          0          0          0   lludiv10.o
        40          6          0          0          0          0   noretval__2sprintf.o
        16          4          0          0          0          0   rt_ctype_table.o
        12          4          0          0          0          0   rt_errno_addr_intlibspace.o
        12          4          0          0          0          0   rt_locale_intlibspace.o
        68          0          0          0          0          0   rt_memclr.o
        78          0          0          0          0          0   rt_memclr_w.o
       138          0          0          0          0          0   rt_memcpy_v6.o
       100          0          0          0          0          0   rt_memcpy_w.o
         0          0          0          0          0          0   rtentry.o
        12          0          0          0          0          0   rtentry2.o
         6          0          0          0          0          0   rtentry4.o
         2          0          0          0          0          0   rtexit.o
        10          0          0          0          0          0   rtexit2.o
        16          0          0          0          0          0   rtudiv10.o
       128          0          0          0          0          0   strcmpv7m.o
        62          0          0          0          0          0   strlen.o
       140          0          0          0          0          0   strncmp.o
        86          0          0          0          0          0   strncpy.o
       112          0          0          0          0          0   strtol.o
        12          4          0          0          0          0   sys_exit.o
        74          0          0          0          0          0   sys_stackheap_outer.o
         2          0          0          0          0          0   use_no_semi.o
        12          0          0          0          0          0   dretinf.o
        86          4          0          0          0          0   f2d.o
       140          4          0          0          0          0   fnaninf.o
        10          0          0          0          0          0   fpinit.o
         4          0          0          0          0          0   printf1.o
         0          0          0          0          0          0   usenofp.o
        48          0          0          0          0          0   fpclassify.o

    ----------------------------------------------------------------------
      5604        218        448          0         96          0   Library Totals
        12          0          0          0          0          0   (incl. Padding)

    ----------------------------------------------------------------------

      Code (inc. data)   RO Data    RW Data    ZI Data      Debug   Library Name

      5292        210        448          0         96       3408   c_w.l
       252          8          0          0          0        612   fz_wm.l
        48          0          0          0          0        124   m_wm.l

    ----------------------------------------------------------------------
      5604        218        448          0         96          0   Library Totals

    ----------------------------------------------------------------------

==============================================================================


      Code (inc. data)   RO Data    RW Data    ZI Data      Debug   

     63816       6390       4508        472       8840     503568   Grand Totals
     63816       6390       4508        164       8840     503568   ELF Image Totals (compressed)
     63816       6390       4508        164          0          0   ROM Totals

==============================================================================

    Total RO  Size (Code + RO Data)                68324 (  66.72kB)
    Total RW  Size (RW Data + ZI Data)              9312 (   9.09kB)
    Total ROM Size (Code + RO Data + RW Data)      68488 (  66.88kB)

==============================================================================

